<html>
<body>
<pre>
<h1>µVision Build Log</h1>
<h2>Tool Versions:</h2>
IDE-Version: µVision V5.15
Copyright (C) 2015 ARM Ltd and ARM Germany GmbH. All rights reserved.
License Information: Tilen Majerle, Nothing, LIC=9N0BS-LKE5P-F1APT-RXU06-WJZCZ-1T6WG
 
Tool Versions:
Toolchain:       MDK-ARM Professional  Version: 5.15.0
Toolchain Path:  C:\Keil_v5\ARM\ARMCC\Bin
C Compiler:      Armcc.exe V5.05 update 2 (build 169)
Assembler:       Armasm.exe V5.05 update 2 (build 169)
Linker/Locator:  ArmLink.exe V5.05 update 2 (build 169)
Library Manager: ArmAr.exe V5.05 update 2 (build 169)
Hex Converter:   FromElf.exe V5.05 update 2 (build 169)
CPU DLL:         SARMCM3.DLL V5.15.0
Dialog DLL:      DCM.DLL V1.13.2.0
Target DLL:      STLink\ST-LINKIII-KEIL_SWO.dll V2.0.15.0_KEIL
Dialog DLL:      TCM.DLL V1.14.5.0
 
<h2>Project:</h2>
C:\Users\MajerleT\Google Drive\ELECTRONICS\ARM\stm32fxxx\22-STM32Fxxx_USB_TO_UART\project.uvprojx
Project File Date:  08/09/2015

<h2>Output:</h2>
*** Using Compiler 'V5.05 update 2 (build 169)', folder: 'C:\Keil_v5\ARM\ARMCC\Bin'
Build target 'STM32F429_DISCOVERY'
assembling startup_stm32f429xx.s...
compiling stm32f4xx_hal.c...
compiling stm32f4xx_hal_adc.c...
compiling stm32f4xx_hal_adc_ex.c...
compiling stm32f4xx_hal_can.c...
compiling stm32f4xx_hal_cec.c...
compiling stm32f4xx_hal_cortex.c...
compiling stm32f4xx_hal_crc.c...
compiling stm32f4xx_hal_cryp.c...
compiling stm32f4xx_hal_cryp_ex.c...
compiling stm32f4xx_hal_dac.c...
compiling stm32f4xx_hal_dac_ex.c...
compiling stm32f4xx_hal_dcmi.c...
compiling stm32f4xx_hal_dcmi_ex.c...
compiling stm32f4xx_hal_dma.c...
compiling stm32f4xx_hal_dma_ex.c...
compiling stm32f4xx_hal_dma2d.c...
compiling stm32f4xx_hal_eth.c...
compiling stm32f4xx_hal_flash.c...
compiling stm32f4xx_hal_flash_ex.c...
compiling stm32f4xx_hal_flash_ramfunc.c...
compiling stm32f4xx_hal_fmpi2c.c...
compiling stm32f4xx_hal_fmpi2c_ex.c...
compiling stm32f4xx_hal_gpio.c...
compiling stm32f4xx_hal_hash.c...
compiling stm32f4xx_hal_hash_ex.c...
compiling stm32f4xx_hal_hcd.c...
compiling stm32f4xx_hal_i2c.c...
compiling stm32f4xx_hal_i2c_ex.c...
compiling stm32f4xx_hal_i2s.c...
compiling stm32f4xx_hal_i2s_ex.c...
compiling stm32f4xx_hal_irda.c...
compiling stm32f4xx_hal_iwdg.c...
compiling stm32f4xx_hal_ltdc.c...
compiling stm32f4xx_hal_msp_template.c...
compiling stm32f4xx_hal_nand.c...
compiling stm32f4xx_hal_nor.c...
compiling stm32f4xx_hal_pccard.c...
compiling stm32f4xx_hal_pcd.c...
compiling stm32f4xx_hal_pcd_ex.c...
compiling stm32f4xx_hal_pwr.c...
compiling stm32f4xx_hal_pwr_ex.c...
compiling stm32f4xx_hal_qspi.c...
compiling stm32f4xx_hal_rcc.c...
compiling stm32f4xx_hal_rcc_ex.c...
compiling stm32f4xx_hal_rng.c...
compiling stm32f4xx_hal_rtc.c...
compiling stm32f4xx_hal_rtc_ex.c...
compiling stm32f4xx_hal_sai.c...
compiling stm32f4xx_hal_sai_ex.c...
compiling stm32f4xx_hal_sd.c...
compiling stm32f4xx_hal_sdram.c...
compiling stm32f4xx_hal_smartcard.c...
compiling stm32f4xx_hal_spdifrx.c...
compiling stm32f4xx_hal_spi.c...
compiling stm32f4xx_hal_sram.c...
compiling stm32f4xx_hal_tim.c...
compiling stm32f4xx_hal_tim_ex.c...
compiling stm32f4xx_hal_uart.c...
compiling stm32f4xx_hal_usart.c...
compiling stm32f4xx_hal_wwdg.c...
compiling stm32f4xx_ll_fmc.c...
compiling stm32f4xx_ll_fsmc.c...
compiling stm32f4xx_ll_sdmmc.c...
compiling stm32f4xx_ll_usb.c...
compiling tm_stm32_rcc.c...
compiling tm_stm32_gpio.c...
compiling tm_stm32_delay.c...
compiling tm_stm32_disco.c...
compiling tm_stm32_usb.c...
compiling tm_stm32_usb_device.c...
compiling tm_stm32_usb_device_cdc.c...
compiling tm_stm32_buffer.c...
compiling tm_stm32_usart.c...
compiling main.c...
compiling stm32fxxx_it.c...
compiling system_stm32f4xx.c...
compiling usbd_conf.c...
compiling usbd_core.c...
compiling usbd_ctlreq.c...
compiling usbd_ioreq.c...
compiling usbd_cdc.c...
compiling usbd_cdc_if.c...
linking...
Program Size: Code=54652 RO-data=492 RW-data=592 ZI-data=11880  
FromELF: creating hex file...
".\Targets\STM32F429_Discovery\project.axf" - 0 Error(s), 0 Warning(s).

<h2>Collection of Component include folders:</h2>
  C:\Users\MajerleT\Google Drive\ELECTRONICS\ARM\stm32fxxx\22-STM32Fxxx_USB_TO_UART\RTE
  C:\Keil_v5\ARM\PACK\Keil\STM32F4xx_DFP\2.5.0\Drivers\CMSIS\Device\ST\STM32F4xx\Include

<h2>Collection of Component Files used:</h2>
</pre>
</body>
</html>
