01:00:11 **** Incremental Build of configuration Debug for project 20-STM32F4_PRJ_GALVO_v2 ****
make all 
Building file: ../src/actuators.c
Invoking: MCU GCC Compiler
/media/data/CODES/sw4stm32_workbench/20-STM32F4_PRJ_GALVO_v2/Debug
arm-none-eabi-gcc -mcpu=cortex-m4 -mthumb -mfloat-abi=softfp -mfpu=fpv4-sp-d16 -DSTM32F429ZITx -DSTM32F429ZI -D__SOFTFP__ -DARM_MATH_CM4 -DSTM32F429I_DISC1 -DSTM32F4 -DSTM32 -DDEBUG -DUSE_STDPERIPH_DRIVER -DSTM32F429_439xx -UKEIL_IDE -UNO_FPU -I"/media/data/CODES/sw4stm32_workbench/20-STM32F4_PRJ_GALVO_v2/inc" -I"/media/data/CODES/sw4stm32_workbench/00-STM32F4_LIBRARY_MDB" -I"/media/data/CODES/sw4stm32_workbench/20-STM32F4_PRJ_GALVO_v2/CMSIS/device" -I"/media/data/CODES/sw4stm32_workbench/20-STM32F4_PRJ_GALVO_v2/CMSIS/core" -I"/media/data/CODES/sw4stm32_workbench/20-STM32F4_PRJ_GALVO_v2/StdPeriph_Driver/inc" -O0 -g3 -Wall -fmessage-length=0 -ffunction-sections -c -MMD -MP -MF"src/actuators.d" -MT"src/actuators.o" -o "src/actuators.o" "../src/actuators.c"
In file included from /media/data/CODES/sw4stm32_workbench/20-STM32F4_PRJ_GALVO_v2/inc/main.h:63:0,
                 from /media/data/CODES/sw4stm32_workbench/20-STM32F4_PRJ_GALVO_v2/inc/adc_dac_dma.h:39,
                 from /media/data/CODES/sw4stm32_workbench/20-STM32F4_PRJ_GALVO_v2/inc/actuators.h:40,
                 from ../src/actuators.c:36:
/media/data/CODES/sw4stm32_workbench/20-STM32F4_PRJ_GALVO_v2/inc/signalGen.h:129:14: warning: 'line1' defined but not used [-Wunused-variable]
 static float line1[ ][N_TUPEL] = {
              ^
/media/data/CODES/sw4stm32_workbench/20-STM32F4_PRJ_GALVO_v2/inc/signalGen.h:187:17: warning: 'pSeq' defined but not used [-Wunused-variable]
 static int16_t *pSeq = NULL;
                 ^
/media/data/CODES/sw4stm32_workbench/20-STM32F4_PRJ_GALVO_v2/inc/signalGen.h:195:15: warning: 'pSeq_f' defined but not used [-Wunused-variable]
 static float *pSeq_f = NULL;
               ^
Finished building: ../src/actuators.c
 
Building file: ../src/adc_dac_dma.c
Invoking: MCU GCC Compiler
/media/data/CODES/sw4stm32_workbench/20-STM32F4_PRJ_GALVO_v2/Debug
arm-none-eabi-gcc -mcpu=cortex-m4 -mthumb -mfloat-abi=softfp -mfpu=fpv4-sp-d16 -DSTM32F429ZITx -DSTM32F429ZI -D__SOFTFP__ -DARM_MATH_CM4 -DSTM32F429I_DISC1 -DSTM32F4 -DSTM32 -DDEBUG -DUSE_STDPERIPH_DRIVER -DSTM32F429_439xx -UKEIL_IDE -UNO_FPU -I"/media/data/CODES/sw4stm32_workbench/20-STM32F4_PRJ_GALVO_v2/inc" -I"/media/data/CODES/sw4stm32_workbench/00-STM32F4_LIBRARY_MDB" -I"/media/data/CODES/sw4stm32_workbench/20-STM32F4_PRJ_GALVO_v2/CMSIS/device" -I"/media/data/CODES/sw4stm32_workbench/20-STM32F4_PRJ_GALVO_v2/CMSIS/core" -I"/media/data/CODES/sw4stm32_workbench/20-STM32F4_PRJ_GALVO_v2/StdPeriph_Driver/inc" -O0 -g3 -Wall -fmessage-length=0 -ffunction-sections -c -MMD -MP -MF"src/adc_dac_dma.d" -MT"src/adc_dac_dma.o" -o "src/adc_dac_dma.o" "../src/adc_dac_dma.c"
In file included from /media/data/CODES/sw4stm32_workbench/20-STM32F4_PRJ_GALVO_v2/inc/main.h:63:0,
                 from /media/data/CODES/sw4stm32_workbench/20-STM32F4_PRJ_GALVO_v2/inc/adc_dac_dma.h:39,
                 from ../src/adc_dac_dma.c:31:
/media/data/CODES/sw4stm32_workbench/20-STM32F4_PRJ_GALVO_v2/inc/signalGen.h:129:14: warning: 'line1' defined but not used [-Wunused-variable]
 static float line1[ ][N_TUPEL] = {
              ^
/media/data/CODES/sw4stm32_workbench/20-STM32F4_PRJ_GALVO_v2/inc/signalGen.h:187:17: warning: 'pSeq' defined but not used [-Wunused-variable]
 static int16_t *pSeq = NULL;
                 ^
/media/data/CODES/sw4stm32_workbench/20-STM32F4_PRJ_GALVO_v2/inc/signalGen.h:195:15: warning: 'pSeq_f' defined but not used [-Wunused-variable]
 static float *pSeq_f = NULL;
               ^
Finished building: ../src/adc_dac_dma.c
 
Building file: ../src/isr_callbacks.c
Invoking: MCU GCC Compiler
/media/data/CODES/sw4stm32_workbench/20-STM32F4_PRJ_GALVO_v2/Debug
arm-none-eabi-gcc -mcpu=cortex-m4 -mthumb -mfloat-abi=softfp -mfpu=fpv4-sp-d16 -DSTM32F429ZITx -DSTM32F429ZI -D__SOFTFP__ -DARM_MATH_CM4 -DSTM32F429I_DISC1 -DSTM32F4 -DSTM32 -DDEBUG -DUSE_STDPERIPH_DRIVER -DSTM32F429_439xx -UKEIL_IDE -UNO_FPU -I"/media/data/CODES/sw4stm32_workbench/20-STM32F4_PRJ_GALVO_v2/inc" -I"/media/data/CODES/sw4stm32_workbench/00-STM32F4_LIBRARY_MDB" -I"/media/data/CODES/sw4stm32_workbench/20-STM32F4_PRJ_GALVO_v2/CMSIS/device" -I"/media/data/CODES/sw4stm32_workbench/20-STM32F4_PRJ_GALVO_v2/CMSIS/core" -I"/media/data/CODES/sw4stm32_workbench/20-STM32F4_PRJ_GALVO_v2/StdPeriph_Driver/inc" -O0 -g3 -Wall -fmessage-length=0 -ffunction-sections -c -MMD -MP -MF"src/isr_callbacks.d" -MT"src/isr_callbacks.o" -o "src/isr_callbacks.o" "../src/isr_callbacks.c"
In file included from /media/data/CODES/sw4stm32_workbench/20-STM32F4_PRJ_GALVO_v2/inc/main.h:63:0,
                 from ../src/isr_callbacks.c:34:
/media/data/CODES/sw4stm32_workbench/20-STM32F4_PRJ_GALVO_v2/inc/signalGen.h:187:17: warning: 'pSeq' defined but not used [-Wunused-variable]
 static int16_t *pSeq = NULL;
                 ^
Finished building: ../src/isr_callbacks.c
 
Building file: ../src/main.c
Invoking: MCU GCC Compiler
/media/data/CODES/sw4stm32_workbench/20-STM32F4_PRJ_GALVO_v2/Debug
arm-none-eabi-gcc -mcpu=cortex-m4 -mthumb -mfloat-abi=softfp -mfpu=fpv4-sp-d16 -DSTM32F429ZITx -DSTM32F429ZI -D__SOFTFP__ -DARM_MATH_CM4 -DSTM32F429I_DISC1 -DSTM32F4 -DSTM32 -DDEBUG -DUSE_STDPERIPH_DRIVER -DSTM32F429_439xx -UKEIL_IDE -UNO_FPU -I"/media/data/CODES/sw4stm32_workbench/20-STM32F4_PRJ_GALVO_v2/inc" -I"/media/data/CODES/sw4stm32_workbench/00-STM32F4_LIBRARY_MDB" -I"/media/data/CODES/sw4stm32_workbench/20-STM32F4_PRJ_GALVO_v2/CMSIS/device" -I"/media/data/CODES/sw4stm32_workbench/20-STM32F4_PRJ_GALVO_v2/CMSIS/core" -I"/media/data/CODES/sw4stm32_workbench/20-STM32F4_PRJ_GALVO_v2/StdPeriph_Driver/inc" -O0 -g3 -Wall -fmessage-length=0 -ffunction-sections -c -MMD -MP -MF"src/main.d" -MT"src/main.o" -o "src/main.o" "../src/main.c"
Finished building: ../src/main.c
 
Building file: ../src/periph2dma_conf.c
Invoking: MCU GCC Compiler
/media/data/CODES/sw4stm32_workbench/20-STM32F4_PRJ_GALVO_v2/Debug
arm-none-eabi-gcc -mcpu=cortex-m4 -mthumb -mfloat-abi=softfp -mfpu=fpv4-sp-d16 -DSTM32F429ZITx -DSTM32F429ZI -D__SOFTFP__ -DARM_MATH_CM4 -DSTM32F429I_DISC1 -DSTM32F4 -DSTM32 -DDEBUG -DUSE_STDPERIPH_DRIVER -DSTM32F429_439xx -UKEIL_IDE -UNO_FPU -I"/media/data/CODES/sw4stm32_workbench/20-STM32F4_PRJ_GALVO_v2/inc" -I"/media/data/CODES/sw4stm32_workbench/00-STM32F4_LIBRARY_MDB" -I"/media/data/CODES/sw4stm32_workbench/20-STM32F4_PRJ_GALVO_v2/CMSIS/device" -I"/media/data/CODES/sw4stm32_workbench/20-STM32F4_PRJ_GALVO_v2/CMSIS/core" -I"/media/data/CODES/sw4stm32_workbench/20-STM32F4_PRJ_GALVO_v2/StdPeriph_Driver/inc" -O0 -g3 -Wall -fmessage-length=0 -ffunction-sections -c -MMD -MP -MF"src/periph2dma_conf.d" -MT"src/periph2dma_conf.o" -o "src/periph2dma_conf.o" "../src/periph2dma_conf.c"
Finished building: ../src/periph2dma_conf.c
 
Building file: ../src/pid.c
Invoking: MCU GCC Compiler
/media/data/CODES/sw4stm32_workbench/20-STM32F4_PRJ_GALVO_v2/Debug
arm-none-eabi-gcc -mcpu=cortex-m4 -mthumb -mfloat-abi=softfp -mfpu=fpv4-sp-d16 -DSTM32F429ZITx -DSTM32F429ZI -D__SOFTFP__ -DARM_MATH_CM4 -DSTM32F429I_DISC1 -DSTM32F4 -DSTM32 -DDEBUG -DUSE_STDPERIPH_DRIVER -DSTM32F429_439xx -UKEIL_IDE -UNO_FPU -I"/media/data/CODES/sw4stm32_workbench/20-STM32F4_PRJ_GALVO_v2/inc" -I"/media/data/CODES/sw4stm32_workbench/00-STM32F4_LIBRARY_MDB" -I"/media/data/CODES/sw4stm32_workbench/20-STM32F4_PRJ_GALVO_v2/CMSIS/device" -I"/media/data/CODES/sw4stm32_workbench/20-STM32F4_PRJ_GALVO_v2/CMSIS/core" -I"/media/data/CODES/sw4stm32_workbench/20-STM32F4_PRJ_GALVO_v2/StdPeriph_Driver/inc" -O0 -g3 -Wall -fmessage-length=0 -ffunction-sections -c -MMD -MP -MF"src/pid.d" -MT"src/pid.o" -o "src/pid.o" "../src/pid.c"
Finished building: ../src/pid.c
 
Building file: ../src/signalGen.c
Invoking: MCU GCC Compiler
/media/data/CODES/sw4stm32_workbench/20-STM32F4_PRJ_GALVO_v2/Debug
arm-none-eabi-gcc -mcpu=cortex-m4 -mthumb -mfloat-abi=softfp -mfpu=fpv4-sp-d16 -DSTM32F429ZITx -DSTM32F429ZI -D__SOFTFP__ -DARM_MATH_CM4 -DSTM32F429I_DISC1 -DSTM32F4 -DSTM32 -DDEBUG -DUSE_STDPERIPH_DRIVER -DSTM32F429_439xx -UKEIL_IDE -UNO_FPU -I"/media/data/CODES/sw4stm32_workbench/20-STM32F4_PRJ_GALVO_v2/inc" -I"/media/data/CODES/sw4stm32_workbench/00-STM32F4_LIBRARY_MDB" -I"/media/data/CODES/sw4stm32_workbench/20-STM32F4_PRJ_GALVO_v2/CMSIS/device" -I"/media/data/CODES/sw4stm32_workbench/20-STM32F4_PRJ_GALVO_v2/CMSIS/core" -I"/media/data/CODES/sw4stm32_workbench/20-STM32F4_PRJ_GALVO_v2/StdPeriph_Driver/inc" -O0 -g3 -Wall -fmessage-length=0 -ffunction-sections -c -MMD -MP -MF"src/signalGen.d" -MT"src/signalGen.o" -o "src/signalGen.o" "../src/signalGen.c"
In file included from ../src/signalGen.c:32:0:
/media/data/CODES/sw4stm32_workbench/20-STM32F4_PRJ_GALVO_v2/inc/signalGen.h:187:17: warning: 'pSeq' defined but not used [-Wunused-variable]
 static int16_t *pSeq = NULL;
                 ^
/media/data/CODES/sw4stm32_workbench/20-STM32F4_PRJ_GALVO_v2/inc/signalGen.h:195:15: warning: 'pSeq_f' defined but not used [-Wunused-variable]
 static float *pSeq_f = NULL;
               ^
Finished building: ../src/signalGen.c
 
Building file: ../src/stm32f4xx_it.c
Invoking: MCU GCC Compiler
/media/data/CODES/sw4stm32_workbench/20-STM32F4_PRJ_GALVO_v2/Debug
arm-none-eabi-gcc -mcpu=cortex-m4 -mthumb -mfloat-abi=softfp -mfpu=fpv4-sp-d16 -DSTM32F429ZITx -DSTM32F429ZI -D__SOFTFP__ -DARM_MATH_CM4 -DSTM32F429I_DISC1 -DSTM32F4 -DSTM32 -DDEBUG -DUSE_STDPERIPH_DRIVER -DSTM32F429_439xx -UKEIL_IDE -UNO_FPU -I"/media/data/CODES/sw4stm32_workbench/20-STM32F4_PRJ_GALVO_v2/inc" -I"/media/data/CODES/sw4stm32_workbench/00-STM32F4_LIBRARY_MDB" -I"/media/data/CODES/sw4stm32_workbench/20-STM32F4_PRJ_GALVO_v2/CMSIS/device" -I"/media/data/CODES/sw4stm32_workbench/20-STM32F4_PRJ_GALVO_v2/CMSIS/core" -I"/media/data/CODES/sw4stm32_workbench/20-STM32F4_PRJ_GALVO_v2/StdPeriph_Driver/inc" -O0 -g3 -Wall -fmessage-length=0 -ffunction-sections -c -MMD -MP -MF"src/stm32f4xx_it.d" -MT"src/stm32f4xx_it.o" -o "src/stm32f4xx_it.o" "../src/stm32f4xx_it.c"
In file included from /media/data/CODES/sw4stm32_workbench/20-STM32F4_PRJ_GALVO_v2/inc/main.h:63:0,
                 from ../src/stm32f4xx_it.c:53:
/media/data/CODES/sw4stm32_workbench/20-STM32F4_PRJ_GALVO_v2/inc/signalGen.h:129:14: warning: 'line1' defined but not used [-Wunused-variable]
 static float line1[ ][N_TUPEL] = {
              ^
/media/data/CODES/sw4stm32_workbench/20-STM32F4_PRJ_GALVO_v2/inc/signalGen.h:187:17: warning: 'pSeq' defined but not used [-Wunused-variable]
 static int16_t *pSeq = NULL;
                 ^
/media/data/CODES/sw4stm32_workbench/20-STM32F4_PRJ_GALVO_v2/inc/signalGen.h:195:15: warning: 'pSeq_f' defined but not used [-Wunused-variable]
 static float *pSeq_f = NULL;
               ^
Finished building: ../src/stm32f4xx_it.c
 
Building file: ../src/syscalls.c
Invoking: MCU GCC Compiler
/media/data/CODES/sw4stm32_workbench/20-STM32F4_PRJ_GALVO_v2/Debug
arm-none-eabi-gcc -mcpu=cortex-m4 -mthumb -mfloat-abi=softfp -mfpu=fpv4-sp-d16 -DSTM32F429ZITx -DSTM32F429ZI -D__SOFTFP__ -DARM_MATH_CM4 -DSTM32F429I_DISC1 -DSTM32F4 -DSTM32 -DDEBUG -DUSE_STDPERIPH_DRIVER -DSTM32F429_439xx -UKEIL_IDE -UNO_FPU -I"/media/data/CODES/sw4stm32_workbench/20-STM32F4_PRJ_GALVO_v2/inc" -I"/media/data/CODES/sw4stm32_workbench/00-STM32F4_LIBRARY_MDB" -I"/media/data/CODES/sw4stm32_workbench/20-STM32F4_PRJ_GALVO_v2/CMSIS/device" -I"/media/data/CODES/sw4stm32_workbench/20-STM32F4_PRJ_GALVO_v2/CMSIS/core" -I"/media/data/CODES/sw4stm32_workbench/20-STM32F4_PRJ_GALVO_v2/StdPeriph_Driver/inc" -O0 -g3 -Wall -fmessage-length=0 -ffunction-sections -c -MMD -MP -MF"src/syscalls.d" -MT"src/syscalls.o" -o "src/syscalls.o" "../src/syscalls.c"
Finished building: ../src/syscalls.c
 
Building file: ../src/system_stm32f4xx.c
Invoking: MCU GCC Compiler
/media/data/CODES/sw4stm32_workbench/20-STM32F4_PRJ_GALVO_v2/Debug
arm-none-eabi-gcc -mcpu=cortex-m4 -mthumb -mfloat-abi=softfp -mfpu=fpv4-sp-d16 -DSTM32F429ZITx -DSTM32F429ZI -D__SOFTFP__ -DARM_MATH_CM4 -DSTM32F429I_DISC1 -DSTM32F4 -DSTM32 -DDEBUG -DUSE_STDPERIPH_DRIVER -DSTM32F429_439xx -UKEIL_IDE -UNO_FPU -I"/media/data/CODES/sw4stm32_workbench/20-STM32F4_PRJ_GALVO_v2/inc" -I"/media/data/CODES/sw4stm32_workbench/00-STM32F4_LIBRARY_MDB" -I"/media/data/CODES/sw4stm32_workbench/20-STM32F4_PRJ_GALVO_v2/CMSIS/device" -I"/media/data/CODES/sw4stm32_workbench/20-STM32F4_PRJ_GALVO_v2/CMSIS/core" -I"/media/data/CODES/sw4stm32_workbench/20-STM32F4_PRJ_GALVO_v2/StdPeriph_Driver/inc" -O0 -g3 -Wall -fmessage-length=0 -ffunction-sections -c -MMD -MP -MF"src/system_stm32f4xx.d" -MT"src/system_stm32f4xx.o" -o "src/system_stm32f4xx.o" "../src/system_stm32f4xx.c"
Finished building: ../src/system_stm32f4xx.c
 
Building file: ../StdPeriph_Driver/src/misc.c
Invoking: MCU GCC Compiler
/media/data/CODES/sw4stm32_workbench/20-STM32F4_PRJ_GALVO_v2/Debug
arm-none-eabi-gcc -mcpu=cortex-m4 -mthumb -mfloat-abi=softfp -mfpu=fpv4-sp-d16 -DSTM32F429ZITx -DSTM32F429ZI -D__SOFTFP__ -DARM_MATH_CM4 -DSTM32F429I_DISC1 -DSTM32F4 -DSTM32 -DDEBUG -DUSE_STDPERIPH_DRIVER -DSTM32F429_439xx -UKEIL_IDE -UNO_FPU -I"/media/data/CODES/sw4stm32_workbench/20-STM32F4_PRJ_GALVO_v2/inc" -I"/media/data/CODES/sw4stm32_workbench/00-STM32F4_LIBRARY_MDB" -I"/media/data/CODES/sw4stm32_workbench/20-STM32F4_PRJ_GALVO_v2/CMSIS/device" -I"/media/data/CODES/sw4stm32_workbench/20-STM32F4_PRJ_GALVO_v2/CMSIS/core" -I"/media/data/CODES/sw4stm32_workbench/20-STM32F4_PRJ_GALVO_v2/StdPeriph_Driver/inc" -O0 -g3 -Wall -fmessage-length=0 -ffunction-sections -c -MMD -MP -MF"StdPeriph_Driver/src/misc.d" -MT"StdPeriph_Driver/src/misc.o" -o "StdPeriph_Driver/src/misc.o" "../StdPeriph_Driver/src/misc.c"
Finished building: ../StdPeriph_Driver/src/misc.c
 
Building file: ../StdPeriph_Driver/src/stm32f4xx_adc.c
Invoking: MCU GCC Compiler
/media/data/CODES/sw4stm32_workbench/20-STM32F4_PRJ_GALVO_v2/Debug
arm-none-eabi-gcc -mcpu=cortex-m4 -mthumb -mfloat-abi=softfp -mfpu=fpv4-sp-d16 -DSTM32F429ZITx -DSTM32F429ZI -D__SOFTFP__ -DARM_MATH_CM4 -DSTM32F429I_DISC1 -DSTM32F4 -DSTM32 -DDEBUG -DUSE_STDPERIPH_DRIVER -DSTM32F429_439xx -UKEIL_IDE -UNO_FPU -I"/media/data/CODES/sw4stm32_workbench/20-STM32F4_PRJ_GALVO_v2/inc" -I"/media/data/CODES/sw4stm32_workbench/00-STM32F4_LIBRARY_MDB" -I"/media/data/CODES/sw4stm32_workbench/20-STM32F4_PRJ_GALVO_v2/CMSIS/device" -I"/media/data/CODES/sw4stm32_workbench/20-STM32F4_PRJ_GALVO_v2/CMSIS/core" -I"/media/data/CODES/sw4stm32_workbench/20-STM32F4_PRJ_GALVO_v2/StdPeriph_Driver/inc" -O0 -g3 -Wall -fmessage-length=0 -ffunction-sections -c -MMD -MP -MF"StdPeriph_Driver/src/stm32f4xx_adc.d" -MT"StdPeriph_Driver/src/stm32f4xx_adc.o" -o "StdPeriph_Driver/src/stm32f4xx_adc.o" "../StdPeriph_Driver/src/stm32f4xx_adc.c"
Finished building: ../StdPeriph_Driver/src/stm32f4xx_adc.c
 
Building file: ../StdPeriph_Driver/src/stm32f4xx_can.c
Invoking: MCU GCC Compiler
/media/data/CODES/sw4stm32_workbench/20-STM32F4_PRJ_GALVO_v2/Debug
arm-none-eabi-gcc -mcpu=cortex-m4 -mthumb -mfloat-abi=softfp -mfpu=fpv4-sp-d16 -DSTM32F429ZITx -DSTM32F429ZI -D__SOFTFP__ -DARM_MATH_CM4 -DSTM32F429I_DISC1 -DSTM32F4 -DSTM32 -DDEBUG -DUSE_STDPERIPH_DRIVER -DSTM32F429_439xx -UKEIL_IDE -UNO_FPU -I"/media/data/CODES/sw4stm32_workbench/20-STM32F4_PRJ_GALVO_v2/inc" -I"/media/data/CODES/sw4stm32_workbench/00-STM32F4_LIBRARY_MDB" -I"/media/data/CODES/sw4stm32_workbench/20-STM32F4_PRJ_GALVO_v2/CMSIS/device" -I"/media/data/CODES/sw4stm32_workbench/20-STM32F4_PRJ_GALVO_v2/CMSIS/core" -I"/media/data/CODES/sw4stm32_workbench/20-STM32F4_PRJ_GALVO_v2/StdPeriph_Driver/inc" -O0 -g3 -Wall -fmessage-length=0 -ffunction-sections -c -MMD -MP -MF"StdPeriph_Driver/src/stm32f4xx_can.d" -MT"StdPeriph_Driver/src/stm32f4xx_can.o" -o "StdPeriph_Driver/src/stm32f4xx_can.o" "../StdPeriph_Driver/src/stm32f4xx_can.c"
Finished building: ../StdPeriph_Driver/src/stm32f4xx_can.c
 
Building file: ../StdPeriph_Driver/src/stm32f4xx_cec.c
Invoking: MCU GCC Compiler
/media/data/CODES/sw4stm32_workbench/20-STM32F4_PRJ_GALVO_v2/Debug
arm-none-eabi-gcc -mcpu=cortex-m4 -mthumb -mfloat-abi=softfp -mfpu=fpv4-sp-d16 -DSTM32F429ZITx -DSTM32F429ZI -D__SOFTFP__ -DARM_MATH_CM4 -DSTM32F429I_DISC1 -DSTM32F4 -DSTM32 -DDEBUG -DUSE_STDPERIPH_DRIVER -DSTM32F429_439xx -UKEIL_IDE -UNO_FPU -I"/media/data/CODES/sw4stm32_workbench/20-STM32F4_PRJ_GALVO_v2/inc" -I"/media/data/CODES/sw4stm32_workbench/00-STM32F4_LIBRARY_MDB" -I"/media/data/CODES/sw4stm32_workbench/20-STM32F4_PRJ_GALVO_v2/CMSIS/device" -I"/media/data/CODES/sw4stm32_workbench/20-STM32F4_PRJ_GALVO_v2/CMSIS/core" -I"/media/data/CODES/sw4stm32_workbench/20-STM32F4_PRJ_GALVO_v2/StdPeriph_Driver/inc" -O0 -g3 -Wall -fmessage-length=0 -ffunction-sections -c -MMD -MP -MF"StdPeriph_Driver/src/stm32f4xx_cec.d" -MT"StdPeriph_Driver/src/stm32f4xx_cec.o" -o "StdPeriph_Driver/src/stm32f4xx_cec.o" "../StdPeriph_Driver/src/stm32f4xx_cec.c"
Finished building: ../StdPeriph_Driver/src/stm32f4xx_cec.c
 
Building file: ../StdPeriph_Driver/src/stm32f4xx_crc.c
Invoking: MCU GCC Compiler
/media/data/CODES/sw4stm32_workbench/20-STM32F4_PRJ_GALVO_v2/Debug
arm-none-eabi-gcc -mcpu=cortex-m4 -mthumb -mfloat-abi=softfp -mfpu=fpv4-sp-d16 -DSTM32F429ZITx -DSTM32F429ZI -D__SOFTFP__ -DARM_MATH_CM4 -DSTM32F429I_DISC1 -DSTM32F4 -DSTM32 -DDEBUG -DUSE_STDPERIPH_DRIVER -DSTM32F429_439xx -UKEIL_IDE -UNO_FPU -I"/media/data/CODES/sw4stm32_workbench/20-STM32F4_PRJ_GALVO_v2/inc" -I"/media/data/CODES/sw4stm32_workbench/00-STM32F4_LIBRARY_MDB" -I"/media/data/CODES/sw4stm32_workbench/20-STM32F4_PRJ_GALVO_v2/CMSIS/device" -I"/media/data/CODES/sw4stm32_workbench/20-STM32F4_PRJ_GALVO_v2/CMSIS/core" -I"/media/data/CODES/sw4stm32_workbench/20-STM32F4_PRJ_GALVO_v2/StdPeriph_Driver/inc" -O0 -g3 -Wall -fmessage-length=0 -ffunction-sections -c -MMD -MP -MF"StdPeriph_Driver/src/stm32f4xx_crc.d" -MT"StdPeriph_Driver/src/stm32f4xx_crc.o" -o "StdPeriph_Driver/src/stm32f4xx_crc.o" "../StdPeriph_Driver/src/stm32f4xx_crc.c"
Finished building: ../StdPeriph_Driver/src/stm32f4xx_crc.c
 
Building file: ../StdPeriph_Driver/src/stm32f4xx_cryp.c
Invoking: MCU GCC Compiler
/media/data/CODES/sw4stm32_workbench/20-STM32F4_PRJ_GALVO_v2/Debug
arm-none-eabi-gcc -mcpu=cortex-m4 -mthumb -mfloat-abi=softfp -mfpu=fpv4-sp-d16 -DSTM32F429ZITx -DSTM32F429ZI -D__SOFTFP__ -DARM_MATH_CM4 -DSTM32F429I_DISC1 -DSTM32F4 -DSTM32 -DDEBUG -DUSE_STDPERIPH_DRIVER -DSTM32F429_439xx -UKEIL_IDE -UNO_FPU -I"/media/data/CODES/sw4stm32_workbench/20-STM32F4_PRJ_GALVO_v2/inc" -I"/media/data/CODES/sw4stm32_workbench/00-STM32F4_LIBRARY_MDB" -I"/media/data/CODES/sw4stm32_workbench/20-STM32F4_PRJ_GALVO_v2/CMSIS/device" -I"/media/data/CODES/sw4stm32_workbench/20-STM32F4_PRJ_GALVO_v2/CMSIS/core" -I"/media/data/CODES/sw4stm32_workbench/20-STM32F4_PRJ_GALVO_v2/StdPeriph_Driver/inc" -O0 -g3 -Wall -fmessage-length=0 -ffunction-sections -c -MMD -MP -MF"StdPeriph_Driver/src/stm32f4xx_cryp.d" -MT"StdPeriph_Driver/src/stm32f4xx_cryp.o" -o "StdPeriph_Driver/src/stm32f4xx_cryp.o" "../StdPeriph_Driver/src/stm32f4xx_cryp.c"
Finished building: ../StdPeriph_Driver/src/stm32f4xx_cryp.c
 
Building file: ../StdPeriph_Driver/src/stm32f4xx_cryp_aes.c
Invoking: MCU GCC Compiler
/media/data/CODES/sw4stm32_workbench/20-STM32F4_PRJ_GALVO_v2/Debug
arm-none-eabi-gcc -mcpu=cortex-m4 -mthumb -mfloat-abi=softfp -mfpu=fpv4-sp-d16 -DSTM32F429ZITx -DSTM32F429ZI -D__SOFTFP__ -DARM_MATH_CM4 -DSTM32F429I_DISC1 -DSTM32F4 -DSTM32 -DDEBUG -DUSE_STDPERIPH_DRIVER -DSTM32F429_439xx -UKEIL_IDE -UNO_FPU -I"/media/data/CODES/sw4stm32_workbench/20-STM32F4_PRJ_GALVO_v2/inc" -I"/media/data/CODES/sw4stm32_workbench/00-STM32F4_LIBRARY_MDB" -I"/media/data/CODES/sw4stm32_workbench/20-STM32F4_PRJ_GALVO_v2/CMSIS/device" -I"/media/data/CODES/sw4stm32_workbench/20-STM32F4_PRJ_GALVO_v2/CMSIS/core" -I"/media/data/CODES/sw4stm32_workbench/20-STM32F4_PRJ_GALVO_v2/StdPeriph_Driver/inc" -O0 -g3 -Wall -fmessage-length=0 -ffunction-sections -c -MMD -MP -MF"StdPeriph_Driver/src/stm32f4xx_cryp_aes.d" -MT"StdPeriph_Driver/src/stm32f4xx_cryp_aes.o" -o "StdPeriph_Driver/src/stm32f4xx_cryp_aes.o" "../StdPeriph_Driver/src/stm32f4xx_cryp_aes.c"
Finished building: ../StdPeriph_Driver/src/stm32f4xx_cryp_aes.c
 
Building file: ../StdPeriph_Driver/src/stm32f4xx_cryp_des.c
Invoking: MCU GCC Compiler
/media/data/CODES/sw4stm32_workbench/20-STM32F4_PRJ_GALVO_v2/Debug
arm-none-eabi-gcc -mcpu=cortex-m4 -mthumb -mfloat-abi=softfp -mfpu=fpv4-sp-d16 -DSTM32F429ZITx -DSTM32F429ZI -D__SOFTFP__ -DARM_MATH_CM4 -DSTM32F429I_DISC1 -DSTM32F4 -DSTM32 -DDEBUG -DUSE_STDPERIPH_DRIVER -DSTM32F429_439xx -UKEIL_IDE -UNO_FPU -I"/media/data/CODES/sw4stm32_workbench/20-STM32F4_PRJ_GALVO_v2/inc" -I"/media/data/CODES/sw4stm32_workbench/00-STM32F4_LIBRARY_MDB" -I"/media/data/CODES/sw4stm32_workbench/20-STM32F4_PRJ_GALVO_v2/CMSIS/device" -I"/media/data/CODES/sw4stm32_workbench/20-STM32F4_PRJ_GALVO_v2/CMSIS/core" -I"/media/data/CODES/sw4stm32_workbench/20-STM32F4_PRJ_GALVO_v2/StdPeriph_Driver/inc" -O0 -g3 -Wall -fmessage-length=0 -ffunction-sections -c -MMD -MP -MF"StdPeriph_Driver/src/stm32f4xx_cryp_des.d" -MT"StdPeriph_Driver/src/stm32f4xx_cryp_des.o" -o "StdPeriph_Driver/src/stm32f4xx_cryp_des.o" "../StdPeriph_Driver/src/stm32f4xx_cryp_des.c"
Finished building: ../StdPeriph_Driver/src/stm32f4xx_cryp_des.c
 
Building file: ../StdPeriph_Driver/src/stm32f4xx_cryp_tdes.c
Invoking: MCU GCC Compiler
/media/data/CODES/sw4stm32_workbench/20-STM32F4_PRJ_GALVO_v2/Debug
arm-none-eabi-gcc -mcpu=cortex-m4 -mthumb -mfloat-abi=softfp -mfpu=fpv4-sp-d16 -DSTM32F429ZITx -DSTM32F429ZI -D__SOFTFP__ -DARM_MATH_CM4 -DSTM32F429I_DISC1 -DSTM32F4 -DSTM32 -DDEBUG -DUSE_STDPERIPH_DRIVER -DSTM32F429_439xx -UKEIL_IDE -UNO_FPU -I"/media/data/CODES/sw4stm32_workbench/20-STM32F4_PRJ_GALVO_v2/inc" -I"/media/data/CODES/sw4stm32_workbench/00-STM32F4_LIBRARY_MDB" -I"/media/data/CODES/sw4stm32_workbench/20-STM32F4_PRJ_GALVO_v2/CMSIS/device" -I"/media/data/CODES/sw4stm32_workbench/20-STM32F4_PRJ_GALVO_v2/CMSIS/core" -I"/media/data/CODES/sw4stm32_workbench/20-STM32F4_PRJ_GALVO_v2/StdPeriph_Driver/inc" -O0 -g3 -Wall -fmessage-length=0 -ffunction-sections -c -MMD -MP -MF"StdPeriph_Driver/src/stm32f4xx_cryp_tdes.d" -MT"StdPeriph_Driver/src/stm32f4xx_cryp_tdes.o" -o "StdPeriph_Driver/src/stm32f4xx_cryp_tdes.o" "../StdPeriph_Driver/src/stm32f4xx_cryp_tdes.c"
Finished building: ../StdPeriph_Driver/src/stm32f4xx_cryp_tdes.c
 
Building file: ../StdPeriph_Driver/src/stm32f4xx_dac.c
Invoking: MCU GCC Compiler
/media/data/CODES/sw4stm32_workbench/20-STM32F4_PRJ_GALVO_v2/Debug
arm-none-eabi-gcc -mcpu=cortex-m4 -mthumb -mfloat-abi=softfp -mfpu=fpv4-sp-d16 -DSTM32F429ZITx -DSTM32F429ZI -D__SOFTFP__ -DARM_MATH_CM4 -DSTM32F429I_DISC1 -DSTM32F4 -DSTM32 -DDEBUG -DUSE_STDPERIPH_DRIVER -DSTM32F429_439xx -UKEIL_IDE -UNO_FPU -I"/media/data/CODES/sw4stm32_workbench/20-STM32F4_PRJ_GALVO_v2/inc" -I"/media/data/CODES/sw4stm32_workbench/00-STM32F4_LIBRARY_MDB" -I"/media/data/CODES/sw4stm32_workbench/20-STM32F4_PRJ_GALVO_v2/CMSIS/device" -I"/media/data/CODES/sw4stm32_workbench/20-STM32F4_PRJ_GALVO_v2/CMSIS/core" -I"/media/data/CODES/sw4stm32_workbench/20-STM32F4_PRJ_GALVO_v2/StdPeriph_Driver/inc" -O0 -g3 -Wall -fmessage-length=0 -ffunction-sections -c -MMD -MP -MF"StdPeriph_Driver/src/stm32f4xx_dac.d" -MT"StdPeriph_Driver/src/stm32f4xx_dac.o" -o "StdPeriph_Driver/src/stm32f4xx_dac.o" "../StdPeriph_Driver/src/stm32f4xx_dac.c"
Finished building: ../StdPeriph_Driver/src/stm32f4xx_dac.c
 
Building file: ../StdPeriph_Driver/src/stm32f4xx_dbgmcu.c
Invoking: MCU GCC Compiler
/media/data/CODES/sw4stm32_workbench/20-STM32F4_PRJ_GALVO_v2/Debug
arm-none-eabi-gcc -mcpu=cortex-m4 -mthumb -mfloat-abi=softfp -mfpu=fpv4-sp-d16 -DSTM32F429ZITx -DSTM32F429ZI -D__SOFTFP__ -DARM_MATH_CM4 -DSTM32F429I_DISC1 -DSTM32F4 -DSTM32 -DDEBUG -DUSE_STDPERIPH_DRIVER -DSTM32F429_439xx -UKEIL_IDE -UNO_FPU -I"/media/data/CODES/sw4stm32_workbench/20-STM32F4_PRJ_GALVO_v2/inc" -I"/media/data/CODES/sw4stm32_workbench/00-STM32F4_LIBRARY_MDB" -I"/media/data/CODES/sw4stm32_workbench/20-STM32F4_PRJ_GALVO_v2/CMSIS/device" -I"/media/data/CODES/sw4stm32_workbench/20-STM32F4_PRJ_GALVO_v2/CMSIS/core" -I"/media/data/CODES/sw4stm32_workbench/20-STM32F4_PRJ_GALVO_v2/StdPeriph_Driver/inc" -O0 -g3 -Wall -fmessage-length=0 -ffunction-sections -c -MMD -MP -MF"StdPeriph_Driver/src/stm32f4xx_dbgmcu.d" -MT"StdPeriph_Driver/src/stm32f4xx_dbgmcu.o" -o "StdPeriph_Driver/src/stm32f4xx_dbgmcu.o" "../StdPeriph_Driver/src/stm32f4xx_dbgmcu.c"
Finished building: ../StdPeriph_Driver/src/stm32f4xx_dbgmcu.c
 
Building file: ../StdPeriph_Driver/src/stm32f4xx_dcmi.c
Invoking: MCU GCC Compiler
/media/data/CODES/sw4stm32_workbench/20-STM32F4_PRJ_GALVO_v2/Debug
arm-none-eabi-gcc -mcpu=cortex-m4 -mthumb -mfloat-abi=softfp -mfpu=fpv4-sp-d16 -DSTM32F429ZITx -DSTM32F429ZI -D__SOFTFP__ -DARM_MATH_CM4 -DSTM32F429I_DISC1 -DSTM32F4 -DSTM32 -DDEBUG -DUSE_STDPERIPH_DRIVER -DSTM32F429_439xx -UKEIL_IDE -UNO_FPU -I"/media/data/CODES/sw4stm32_workbench/20-STM32F4_PRJ_GALVO_v2/inc" -I"/media/data/CODES/sw4stm32_workbench/00-STM32F4_LIBRARY_MDB" -I"/media/data/CODES/sw4stm32_workbench/20-STM32F4_PRJ_GALVO_v2/CMSIS/device" -I"/media/data/CODES/sw4stm32_workbench/20-STM32F4_PRJ_GALVO_v2/CMSIS/core" -I"/media/data/CODES/sw4stm32_workbench/20-STM32F4_PRJ_GALVO_v2/StdPeriph_Driver/inc" -O0 -g3 -Wall -fmessage-length=0 -ffunction-sections -c -MMD -MP -MF"StdPeriph_Driver/src/stm32f4xx_dcmi.d" -MT"StdPeriph_Driver/src/stm32f4xx_dcmi.o" -o "StdPeriph_Driver/src/stm32f4xx_dcmi.o" "../StdPeriph_Driver/src/stm32f4xx_dcmi.c"
Finished building: ../StdPeriph_Driver/src/stm32f4xx_dcmi.c
 
Building file: ../StdPeriph_Driver/src/stm32f4xx_dma.c
Invoking: MCU GCC Compiler
/media/data/CODES/sw4stm32_workbench/20-STM32F4_PRJ_GALVO_v2/Debug
arm-none-eabi-gcc -mcpu=cortex-m4 -mthumb -mfloat-abi=softfp -mfpu=fpv4-sp-d16 -DSTM32F429ZITx -DSTM32F429ZI -D__SOFTFP__ -DARM_MATH_CM4 -DSTM32F429I_DISC1 -DSTM32F4 -DSTM32 -DDEBUG -DUSE_STDPERIPH_DRIVER -DSTM32F429_439xx -UKEIL_IDE -UNO_FPU -I"/media/data/CODES/sw4stm32_workbench/20-STM32F4_PRJ_GALVO_v2/inc" -I"/media/data/CODES/sw4stm32_workbench/00-STM32F4_LIBRARY_MDB" -I"/media/data/CODES/sw4stm32_workbench/20-STM32F4_PRJ_GALVO_v2/CMSIS/device" -I"/media/data/CODES/sw4stm32_workbench/20-STM32F4_PRJ_GALVO_v2/CMSIS/core" -I"/media/data/CODES/sw4stm32_workbench/20-STM32F4_PRJ_GALVO_v2/StdPeriph_Driver/inc" -O0 -g3 -Wall -fmessage-length=0 -ffunction-sections -c -MMD -MP -MF"StdPeriph_Driver/src/stm32f4xx_dma.d" -MT"StdPeriph_Driver/src/stm32f4xx_dma.o" -o "StdPeriph_Driver/src/stm32f4xx_dma.o" "../StdPeriph_Driver/src/stm32f4xx_dma.c"
Finished building: ../StdPeriph_Driver/src/stm32f4xx_dma.c
 
Building file: ../StdPeriph_Driver/src/stm32f4xx_dma2d.c
Invoking: MCU GCC Compiler
/media/data/CODES/sw4stm32_workbench/20-STM32F4_PRJ_GALVO_v2/Debug
arm-none-eabi-gcc -mcpu=cortex-m4 -mthumb -mfloat-abi=softfp -mfpu=fpv4-sp-d16 -DSTM32F429ZITx -DSTM32F429ZI -D__SOFTFP__ -DARM_MATH_CM4 -DSTM32F429I_DISC1 -DSTM32F4 -DSTM32 -DDEBUG -DUSE_STDPERIPH_DRIVER -DSTM32F429_439xx -UKEIL_IDE -UNO_FPU -I"/media/data/CODES/sw4stm32_workbench/20-STM32F4_PRJ_GALVO_v2/inc" -I"/media/data/CODES/sw4stm32_workbench/00-STM32F4_LIBRARY_MDB" -I"/media/data/CODES/sw4stm32_workbench/20-STM32F4_PRJ_GALVO_v2/CMSIS/device" -I"/media/data/CODES/sw4stm32_workbench/20-STM32F4_PRJ_GALVO_v2/CMSIS/core" -I"/media/data/CODES/sw4stm32_workbench/20-STM32F4_PRJ_GALVO_v2/StdPeriph_Driver/inc" -O0 -g3 -Wall -fmessage-length=0 -ffunction-sections -c -MMD -MP -MF"StdPeriph_Driver/src/stm32f4xx_dma2d.d" -MT"StdPeriph_Driver/src/stm32f4xx_dma2d.o" -o "StdPeriph_Driver/src/stm32f4xx_dma2d.o" "../StdPeriph_Driver/src/stm32f4xx_dma2d.c"
Finished building: ../StdPeriph_Driver/src/stm32f4xx_dma2d.c
 
Building file: ../StdPeriph_Driver/src/stm32f4xx_dsi.c
Invoking: MCU GCC Compiler
/media/data/CODES/sw4stm32_workbench/20-STM32F4_PRJ_GALVO_v2/Debug
arm-none-eabi-gcc -mcpu=cortex-m4 -mthumb -mfloat-abi=softfp -mfpu=fpv4-sp-d16 -DSTM32F429ZITx -DSTM32F429ZI -D__SOFTFP__ -DARM_MATH_CM4 -DSTM32F429I_DISC1 -DSTM32F4 -DSTM32 -DDEBUG -DUSE_STDPERIPH_DRIVER -DSTM32F429_439xx -UKEIL_IDE -UNO_FPU -I"/media/data/CODES/sw4stm32_workbench/20-STM32F4_PRJ_GALVO_v2/inc" -I"/media/data/CODES/sw4stm32_workbench/00-STM32F4_LIBRARY_MDB" -I"/media/data/CODES/sw4stm32_workbench/20-STM32F4_PRJ_GALVO_v2/CMSIS/device" -I"/media/data/CODES/sw4stm32_workbench/20-STM32F4_PRJ_GALVO_v2/CMSIS/core" -I"/media/data/CODES/sw4stm32_workbench/20-STM32F4_PRJ_GALVO_v2/StdPeriph_Driver/inc" -O0 -g3 -Wall -fmessage-length=0 -ffunction-sections -c -MMD -MP -MF"StdPeriph_Driver/src/stm32f4xx_dsi.d" -MT"StdPeriph_Driver/src/stm32f4xx_dsi.o" -o "StdPeriph_Driver/src/stm32f4xx_dsi.o" "../StdPeriph_Driver/src/stm32f4xx_dsi.c"
Finished building: ../StdPeriph_Driver/src/stm32f4xx_dsi.c
 
Building file: ../StdPeriph_Driver/src/stm32f4xx_exti.c
Invoking: MCU GCC Compiler
/media/data/CODES/sw4stm32_workbench/20-STM32F4_PRJ_GALVO_v2/Debug
arm-none-eabi-gcc -mcpu=cortex-m4 -mthumb -mfloat-abi=softfp -mfpu=fpv4-sp-d16 -DSTM32F429ZITx -DSTM32F429ZI -D__SOFTFP__ -DARM_MATH_CM4 -DSTM32F429I_DISC1 -DSTM32F4 -DSTM32 -DDEBUG -DUSE_STDPERIPH_DRIVER -DSTM32F429_439xx -UKEIL_IDE -UNO_FPU -I"/media/data/CODES/sw4stm32_workbench/20-STM32F4_PRJ_GALVO_v2/inc" -I"/media/data/CODES/sw4stm32_workbench/00-STM32F4_LIBRARY_MDB" -I"/media/data/CODES/sw4stm32_workbench/20-STM32F4_PRJ_GALVO_v2/CMSIS/device" -I"/media/data/CODES/sw4stm32_workbench/20-STM32F4_PRJ_GALVO_v2/CMSIS/core" -I"/media/data/CODES/sw4stm32_workbench/20-STM32F4_PRJ_GALVO_v2/StdPeriph_Driver/inc" -O0 -g3 -Wall -fmessage-length=0 -ffunction-sections -c -MMD -MP -MF"StdPeriph_Driver/src/stm32f4xx_exti.d" -MT"StdPeriph_Driver/src/stm32f4xx_exti.o" -o "StdPeriph_Driver/src/stm32f4xx_exti.o" "../StdPeriph_Driver/src/stm32f4xx_exti.c"
Finished building: ../StdPeriph_Driver/src/stm32f4xx_exti.c
 
Building file: ../StdPeriph_Driver/src/stm32f4xx_flash.c
Invoking: MCU GCC Compiler
/media/data/CODES/sw4stm32_workbench/20-STM32F4_PRJ_GALVO_v2/Debug
arm-none-eabi-gcc -mcpu=cortex-m4 -mthumb -mfloat-abi=softfp -mfpu=fpv4-sp-d16 -DSTM32F429ZITx -DSTM32F429ZI -D__SOFTFP__ -DARM_MATH_CM4 -DSTM32F429I_DISC1 -DSTM32F4 -DSTM32 -DDEBUG -DUSE_STDPERIPH_DRIVER -DSTM32F429_439xx -UKEIL_IDE -UNO_FPU -I"/media/data/CODES/sw4stm32_workbench/20-STM32F4_PRJ_GALVO_v2/inc" -I"/media/data/CODES/sw4stm32_workbench/00-STM32F4_LIBRARY_MDB" -I"/media/data/CODES/sw4stm32_workbench/20-STM32F4_PRJ_GALVO_v2/CMSIS/device" -I"/media/data/CODES/sw4stm32_workbench/20-STM32F4_PRJ_GALVO_v2/CMSIS/core" -I"/media/data/CODES/sw4stm32_workbench/20-STM32F4_PRJ_GALVO_v2/StdPeriph_Driver/inc" -O0 -g3 -Wall -fmessage-length=0 -ffunction-sections -c -MMD -MP -MF"StdPeriph_Driver/src/stm32f4xx_flash.d" -MT"StdPeriph_Driver/src/stm32f4xx_flash.o" -o "StdPeriph_Driver/src/stm32f4xx_flash.o" "../StdPeriph_Driver/src/stm32f4xx_flash.c"
Finished building: ../StdPeriph_Driver/src/stm32f4xx_flash.c
 
Building file: ../StdPeriph_Driver/src/stm32f4xx_flash_ramfunc.c
Invoking: MCU GCC Compiler
/media/data/CODES/sw4stm32_workbench/20-STM32F4_PRJ_GALVO_v2/Debug
arm-none-eabi-gcc -mcpu=cortex-m4 -mthumb -mfloat-abi=softfp -mfpu=fpv4-sp-d16 -DSTM32F429ZITx -DSTM32F429ZI -D__SOFTFP__ -DARM_MATH_CM4 -DSTM32F429I_DISC1 -DSTM32F4 -DSTM32 -DDEBUG -DUSE_STDPERIPH_DRIVER -DSTM32F429_439xx -UKEIL_IDE -UNO_FPU -I"/media/data/CODES/sw4stm32_workbench/20-STM32F4_PRJ_GALVO_v2/inc" -I"/media/data/CODES/sw4stm32_workbench/00-STM32F4_LIBRARY_MDB" -I"/media/data/CODES/sw4stm32_workbench/20-STM32F4_PRJ_GALVO_v2/CMSIS/device" -I"/media/data/CODES/sw4stm32_workbench/20-STM32F4_PRJ_GALVO_v2/CMSIS/core" -I"/media/data/CODES/sw4stm32_workbench/20-STM32F4_PRJ_GALVO_v2/StdPeriph_Driver/inc" -O0 -g3 -Wall -fmessage-length=0 -ffunction-sections -c -MMD -MP -MF"StdPeriph_Driver/src/stm32f4xx_flash_ramfunc.d" -MT"StdPeriph_Driver/src/stm32f4xx_flash_ramfunc.o" -o "StdPeriph_Driver/src/stm32f4xx_flash_ramfunc.o" "../StdPeriph_Driver/src/stm32f4xx_flash_ramfunc.c"
Finished building: ../StdPeriph_Driver/src/stm32f4xx_flash_ramfunc.c
 
Building file: ../StdPeriph_Driver/src/stm32f4xx_fmc.c
Invoking: MCU GCC Compiler
/media/data/CODES/sw4stm32_workbench/20-STM32F4_PRJ_GALVO_v2/Debug
arm-none-eabi-gcc -mcpu=cortex-m4 -mthumb -mfloat-abi=softfp -mfpu=fpv4-sp-d16 -DSTM32F429ZITx -DSTM32F429ZI -D__SOFTFP__ -DARM_MATH_CM4 -DSTM32F429I_DISC1 -DSTM32F4 -DSTM32 -DDEBUG -DUSE_STDPERIPH_DRIVER -DSTM32F429_439xx -UKEIL_IDE -UNO_FPU -I"/media/data/CODES/sw4stm32_workbench/20-STM32F4_PRJ_GALVO_v2/inc" -I"/media/data/CODES/sw4stm32_workbench/00-STM32F4_LIBRARY_MDB" -I"/media/data/CODES/sw4stm32_workbench/20-STM32F4_PRJ_GALVO_v2/CMSIS/device" -I"/media/data/CODES/sw4stm32_workbench/20-STM32F4_PRJ_GALVO_v2/CMSIS/core" -I"/media/data/CODES/sw4stm32_workbench/20-STM32F4_PRJ_GALVO_v2/StdPeriph_Driver/inc" -O0 -g3 -Wall -fmessage-length=0 -ffunction-sections -c -MMD -MP -MF"StdPeriph_Driver/src/stm32f4xx_fmc.d" -MT"StdPeriph_Driver/src/stm32f4xx_fmc.o" -o "StdPeriph_Driver/src/stm32f4xx_fmc.o" "../StdPeriph_Driver/src/stm32f4xx_fmc.c"
Finished building: ../StdPeriph_Driver/src/stm32f4xx_fmc.c
 
Building file: ../StdPeriph_Driver/src/stm32f4xx_fmip2c.c
Invoking: MCU GCC Compiler
/media/data/CODES/sw4stm32_workbench/20-STM32F4_PRJ_GALVO_v2/Debug
arm-none-eabi-gcc -mcpu=cortex-m4 -mthumb -mfloat-abi=softfp -mfpu=fpv4-sp-d16 -DSTM32F429ZITx -DSTM32F429ZI -D__SOFTFP__ -DARM_MATH_CM4 -DSTM32F429I_DISC1 -DSTM32F4 -DSTM32 -DDEBUG -DUSE_STDPERIPH_DRIVER -DSTM32F429_439xx -UKEIL_IDE -UNO_FPU -I"/media/data/CODES/sw4stm32_workbench/20-STM32F4_PRJ_GALVO_v2/inc" -I"/media/data/CODES/sw4stm32_workbench/00-STM32F4_LIBRARY_MDB" -I"/media/data/CODES/sw4stm32_workbench/20-STM32F4_PRJ_GALVO_v2/CMSIS/device" -I"/media/data/CODES/sw4stm32_workbench/20-STM32F4_PRJ_GALVO_v2/CMSIS/core" -I"/media/data/CODES/sw4stm32_workbench/20-STM32F4_PRJ_GALVO_v2/StdPeriph_Driver/inc" -O0 -g3 -Wall -fmessage-length=0 -ffunction-sections -c -MMD -MP -MF"StdPeriph_Driver/src/stm32f4xx_fmip2c.d" -MT"StdPeriph_Driver/src/stm32f4xx_fmip2c.o" -o "StdPeriph_Driver/src/stm32f4xx_fmip2c.o" "../StdPeriph_Driver/src/stm32f4xx_fmip2c.c"
Finished building: ../StdPeriph_Driver/src/stm32f4xx_fmip2c.c
 
Building file: ../StdPeriph_Driver/src/stm32f4xx_fsmc.c
Invoking: MCU GCC Compiler
/media/data/CODES/sw4stm32_workbench/20-STM32F4_PRJ_GALVO_v2/Debug
arm-none-eabi-gcc -mcpu=cortex-m4 -mthumb -mfloat-abi=softfp -mfpu=fpv4-sp-d16 -DSTM32F429ZITx -DSTM32F429ZI -D__SOFTFP__ -DARM_MATH_CM4 -DSTM32F429I_DISC1 -DSTM32F4 -DSTM32 -DDEBUG -DUSE_STDPERIPH_DRIVER -DSTM32F429_439xx -UKEIL_IDE -UNO_FPU -I"/media/data/CODES/sw4stm32_workbench/20-STM32F4_PRJ_GALVO_v2/inc" -I"/media/data/CODES/sw4stm32_workbench/00-STM32F4_LIBRARY_MDB" -I"/media/data/CODES/sw4stm32_workbench/20-STM32F4_PRJ_GALVO_v2/CMSIS/device" -I"/media/data/CODES/sw4stm32_workbench/20-STM32F4_PRJ_GALVO_v2/CMSIS/core" -I"/media/data/CODES/sw4stm32_workbench/20-STM32F4_PRJ_GALVO_v2/StdPeriph_Driver/inc" -O0 -g3 -Wall -fmessage-length=0 -ffunction-sections -c -MMD -MP -MF"StdPeriph_Driver/src/stm32f4xx_fsmc.d" -MT"StdPeriph_Driver/src/stm32f4xx_fsmc.o" -o "StdPeriph_Driver/src/stm32f4xx_fsmc.o" "../StdPeriph_Driver/src/stm32f4xx_fsmc.c"
Finished building: ../StdPeriph_Driver/src/stm32f4xx_fsmc.c
 
Building file: ../StdPeriph_Driver/src/stm32f4xx_gpio.c
Invoking: MCU GCC Compiler
/media/data/CODES/sw4stm32_workbench/20-STM32F4_PRJ_GALVO_v2/Debug
arm-none-eabi-gcc -mcpu=cortex-m4 -mthumb -mfloat-abi=softfp -mfpu=fpv4-sp-d16 -DSTM32F429ZITx -DSTM32F429ZI -D__SOFTFP__ -DARM_MATH_CM4 -DSTM32F429I_DISC1 -DSTM32F4 -DSTM32 -DDEBUG -DUSE_STDPERIPH_DRIVER -DSTM32F429_439xx -UKEIL_IDE -UNO_FPU -I"/media/data/CODES/sw4stm32_workbench/20-STM32F4_PRJ_GALVO_v2/inc" -I"/media/data/CODES/sw4stm32_workbench/00-STM32F4_LIBRARY_MDB" -I"/media/data/CODES/sw4stm32_workbench/20-STM32F4_PRJ_GALVO_v2/CMSIS/device" -I"/media/data/CODES/sw4stm32_workbench/20-STM32F4_PRJ_GALVO_v2/CMSIS/core" -I"/media/data/CODES/sw4stm32_workbench/20-STM32F4_PRJ_GALVO_v2/StdPeriph_Driver/inc" -O0 -g3 -Wall -fmessage-length=0 -ffunction-sections -c -MMD -MP -MF"StdPeriph_Driver/src/stm32f4xx_gpio.d" -MT"StdPeriph_Driver/src/stm32f4xx_gpio.o" -o "StdPeriph_Driver/src/stm32f4xx_gpio.o" "../StdPeriph_Driver/src/stm32f4xx_gpio.c"
Finished building: ../StdPeriph_Driver/src/stm32f4xx_gpio.c
 
Building file: ../StdPeriph_Driver/src/stm32f4xx_hash.c
Invoking: MCU GCC Compiler
/media/data/CODES/sw4stm32_workbench/20-STM32F4_PRJ_GALVO_v2/Debug
arm-none-eabi-gcc -mcpu=cortex-m4 -mthumb -mfloat-abi=softfp -mfpu=fpv4-sp-d16 -DSTM32F429ZITx -DSTM32F429ZI -D__SOFTFP__ -DARM_MATH_CM4 -DSTM32F429I_DISC1 -DSTM32F4 -DSTM32 -DDEBUG -DUSE_STDPERIPH_DRIVER -DSTM32F429_439xx -UKEIL_IDE -UNO_FPU -I"/media/data/CODES/sw4stm32_workbench/20-STM32F4_PRJ_GALVO_v2/inc" -I"/media/data/CODES/sw4stm32_workbench/00-STM32F4_LIBRARY_MDB" -I"/media/data/CODES/sw4stm32_workbench/20-STM32F4_PRJ_GALVO_v2/CMSIS/device" -I"/media/data/CODES/sw4stm32_workbench/20-STM32F4_PRJ_GALVO_v2/CMSIS/core" -I"/media/data/CODES/sw4stm32_workbench/20-STM32F4_PRJ_GALVO_v2/StdPeriph_Driver/inc" -O0 -g3 -Wall -fmessage-length=0 -ffunction-sections -c -MMD -MP -MF"StdPeriph_Driver/src/stm32f4xx_hash.d" -MT"StdPeriph_Driver/src/stm32f4xx_hash.o" -o "StdPeriph_Driver/src/stm32f4xx_hash.o" "../StdPeriph_Driver/src/stm32f4xx_hash.c"
Finished building: ../StdPeriph_Driver/src/stm32f4xx_hash.c
 
Building file: ../StdPeriph_Driver/src/stm32f4xx_hash_md5.c
Invoking: MCU GCC Compiler
/media/data/CODES/sw4stm32_workbench/20-STM32F4_PRJ_GALVO_v2/Debug
arm-none-eabi-gcc -mcpu=cortex-m4 -mthumb -mfloat-abi=softfp -mfpu=fpv4-sp-d16 -DSTM32F429ZITx -DSTM32F429ZI -D__SOFTFP__ -DARM_MATH_CM4 -DSTM32F429I_DISC1 -DSTM32F4 -DSTM32 -DDEBUG -DUSE_STDPERIPH_DRIVER -DSTM32F429_439xx -UKEIL_IDE -UNO_FPU -I"/media/data/CODES/sw4stm32_workbench/20-STM32F4_PRJ_GALVO_v2/inc" -I"/media/data/CODES/sw4stm32_workbench/00-STM32F4_LIBRARY_MDB" -I"/media/data/CODES/sw4stm32_workbench/20-STM32F4_PRJ_GALVO_v2/CMSIS/device" -I"/media/data/CODES/sw4stm32_workbench/20-STM32F4_PRJ_GALVO_v2/CMSIS/core" -I"/media/data/CODES/sw4stm32_workbench/20-STM32F4_PRJ_GALVO_v2/StdPeriph_Driver/inc" -O0 -g3 -Wall -fmessage-length=0 -ffunction-sections -c -MMD -MP -MF"StdPeriph_Driver/src/stm32f4xx_hash_md5.d" -MT"StdPeriph_Driver/src/stm32f4xx_hash_md5.o" -o "StdPeriph_Driver/src/stm32f4xx_hash_md5.o" "../StdPeriph_Driver/src/stm32f4xx_hash_md5.c"
Finished building: ../StdPeriph_Driver/src/stm32f4xx_hash_md5.c
 
Building file: ../StdPeriph_Driver/src/stm32f4xx_hash_sha1.c
Invoking: MCU GCC Compiler
/media/data/CODES/sw4stm32_workbench/20-STM32F4_PRJ_GALVO_v2/Debug
arm-none-eabi-gcc -mcpu=cortex-m4 -mthumb -mfloat-abi=softfp -mfpu=fpv4-sp-d16 -DSTM32F429ZITx -DSTM32F429ZI -D__SOFTFP__ -DARM_MATH_CM4 -DSTM32F429I_DISC1 -DSTM32F4 -DSTM32 -DDEBUG -DUSE_STDPERIPH_DRIVER -DSTM32F429_439xx -UKEIL_IDE -UNO_FPU -I"/media/data/CODES/sw4stm32_workbench/20-STM32F4_PRJ_GALVO_v2/inc" -I"/media/data/CODES/sw4stm32_workbench/00-STM32F4_LIBRARY_MDB" -I"/media/data/CODES/sw4stm32_workbench/20-STM32F4_PRJ_GALVO_v2/CMSIS/device" -I"/media/data/CODES/sw4stm32_workbench/20-STM32F4_PRJ_GALVO_v2/CMSIS/core" -I"/media/data/CODES/sw4stm32_workbench/20-STM32F4_PRJ_GALVO_v2/StdPeriph_Driver/inc" -O0 -g3 -Wall -fmessage-length=0 -ffunction-sections -c -MMD -MP -MF"StdPeriph_Driver/src/stm32f4xx_hash_sha1.d" -MT"StdPeriph_Driver/src/stm32f4xx_hash_sha1.o" -o "StdPeriph_Driver/src/stm32f4xx_hash_sha1.o" "../StdPeriph_Driver/src/stm32f4xx_hash_sha1.c"
Finished building: ../StdPeriph_Driver/src/stm32f4xx_hash_sha1.c
 
Building file: ../StdPeriph_Driver/src/stm32f4xx_i2c.c
Invoking: MCU GCC Compiler
/media/data/CODES/sw4stm32_workbench/20-STM32F4_PRJ_GALVO_v2/Debug
arm-none-eabi-gcc -mcpu=cortex-m4 -mthumb -mfloat-abi=softfp -mfpu=fpv4-sp-d16 -DSTM32F429ZITx -DSTM32F429ZI -D__SOFTFP__ -DARM_MATH_CM4 -DSTM32F429I_DISC1 -DSTM32F4 -DSTM32 -DDEBUG -DUSE_STDPERIPH_DRIVER -DSTM32F429_439xx -UKEIL_IDE -UNO_FPU -I"/media/data/CODES/sw4stm32_workbench/20-STM32F4_PRJ_GALVO_v2/inc" -I"/media/data/CODES/sw4stm32_workbench/00-STM32F4_LIBRARY_MDB" -I"/media/data/CODES/sw4stm32_workbench/20-STM32F4_PRJ_GALVO_v2/CMSIS/device" -I"/media/data/CODES/sw4stm32_workbench/20-STM32F4_PRJ_GALVO_v2/CMSIS/core" -I"/media/data/CODES/sw4stm32_workbench/20-STM32F4_PRJ_GALVO_v2/StdPeriph_Driver/inc" -O0 -g3 -Wall -fmessage-length=0 -ffunction-sections -c -MMD -MP -MF"StdPeriph_Driver/src/stm32f4xx_i2c.d" -MT"StdPeriph_Driver/src/stm32f4xx_i2c.o" -o "StdPeriph_Driver/src/stm32f4xx_i2c.o" "../StdPeriph_Driver/src/stm32f4xx_i2c.c"
Finished building: ../StdPeriph_Driver/src/stm32f4xx_i2c.c
 
Building file: ../StdPeriph_Driver/src/stm32f4xx_iwdg.c
Invoking: MCU GCC Compiler
/media/data/CODES/sw4stm32_workbench/20-STM32F4_PRJ_GALVO_v2/Debug
arm-none-eabi-gcc -mcpu=cortex-m4 -mthumb -mfloat-abi=softfp -mfpu=fpv4-sp-d16 -DSTM32F429ZITx -DSTM32F429ZI -D__SOFTFP__ -DARM_MATH_CM4 -DSTM32F429I_DISC1 -DSTM32F4 -DSTM32 -DDEBUG -DUSE_STDPERIPH_DRIVER -DSTM32F429_439xx -UKEIL_IDE -UNO_FPU -I"/media/data/CODES/sw4stm32_workbench/20-STM32F4_PRJ_GALVO_v2/inc" -I"/media/data/CODES/sw4stm32_workbench/00-STM32F4_LIBRARY_MDB" -I"/media/data/CODES/sw4stm32_workbench/20-STM32F4_PRJ_GALVO_v2/CMSIS/device" -I"/media/data/CODES/sw4stm32_workbench/20-STM32F4_PRJ_GALVO_v2/CMSIS/core" -I"/media/data/CODES/sw4stm32_workbench/20-STM32F4_PRJ_GALVO_v2/StdPeriph_Driver/inc" -O0 -g3 -Wall -fmessage-length=0 -ffunction-sections -c -MMD -MP -MF"StdPeriph_Driver/src/stm32f4xx_iwdg.d" -MT"StdPeriph_Driver/src/stm32f4xx_iwdg.o" -o "StdPeriph_Driver/src/stm32f4xx_iwdg.o" "../StdPeriph_Driver/src/stm32f4xx_iwdg.c"
Finished building: ../StdPeriph_Driver/src/stm32f4xx_iwdg.c
 
Building file: ../StdPeriph_Driver/src/stm32f4xx_lptim.c
Invoking: MCU GCC Compiler
/media/data/CODES/sw4stm32_workbench/20-STM32F4_PRJ_GALVO_v2/Debug
arm-none-eabi-gcc -mcpu=cortex-m4 -mthumb -mfloat-abi=softfp -mfpu=fpv4-sp-d16 -DSTM32F429ZITx -DSTM32F429ZI -D__SOFTFP__ -DARM_MATH_CM4 -DSTM32F429I_DISC1 -DSTM32F4 -DSTM32 -DDEBUG -DUSE_STDPERIPH_DRIVER -DSTM32F429_439xx -UKEIL_IDE -UNO_FPU -I"/media/data/CODES/sw4stm32_workbench/20-STM32F4_PRJ_GALVO_v2/inc" -I"/media/data/CODES/sw4stm32_workbench/00-STM32F4_LIBRARY_MDB" -I"/media/data/CODES/sw4stm32_workbench/20-STM32F4_PRJ_GALVO_v2/CMSIS/device" -I"/media/data/CODES/sw4stm32_workbench/20-STM32F4_PRJ_GALVO_v2/CMSIS/core" -I"/media/data/CODES/sw4stm32_workbench/20-STM32F4_PRJ_GALVO_v2/StdPeriph_Driver/inc" -O0 -g3 -Wall -fmessage-length=0 -ffunction-sections -c -MMD -MP -MF"StdPeriph_Driver/src/stm32f4xx_lptim.d" -MT"StdPeriph_Driver/src/stm32f4xx_lptim.o" -o "StdPeriph_Driver/src/stm32f4xx_lptim.o" "../StdPeriph_Driver/src/stm32f4xx_lptim.c"
Finished building: ../StdPeriph_Driver/src/stm32f4xx_lptim.c
 
Building file: ../StdPeriph_Driver/src/stm32f4xx_ltdc.c
Invoking: MCU GCC Compiler
/media/data/CODES/sw4stm32_workbench/20-STM32F4_PRJ_GALVO_v2/Debug
arm-none-eabi-gcc -mcpu=cortex-m4 -mthumb -mfloat-abi=softfp -mfpu=fpv4-sp-d16 -DSTM32F429ZITx -DSTM32F429ZI -D__SOFTFP__ -DARM_MATH_CM4 -DSTM32F429I_DISC1 -DSTM32F4 -DSTM32 -DDEBUG -DUSE_STDPERIPH_DRIVER -DSTM32F429_439xx -UKEIL_IDE -UNO_FPU -I"/media/data/CODES/sw4stm32_workbench/20-STM32F4_PRJ_GALVO_v2/inc" -I"/media/data/CODES/sw4stm32_workbench/00-STM32F4_LIBRARY_MDB" -I"/media/data/CODES/sw4stm32_workbench/20-STM32F4_PRJ_GALVO_v2/CMSIS/device" -I"/media/data/CODES/sw4stm32_workbench/20-STM32F4_PRJ_GALVO_v2/CMSIS/core" -I"/media/data/CODES/sw4stm32_workbench/20-STM32F4_PRJ_GALVO_v2/StdPeriph_Driver/inc" -O0 -g3 -Wall -fmessage-length=0 -ffunction-sections -c -MMD -MP -MF"StdPeriph_Driver/src/stm32f4xx_ltdc.d" -MT"StdPeriph_Driver/src/stm32f4xx_ltdc.o" -o "StdPeriph_Driver/src/stm32f4xx_ltdc.o" "../StdPeriph_Driver/src/stm32f4xx_ltdc.c"
Finished building: ../StdPeriph_Driver/src/stm32f4xx_ltdc.c
 
Building file: ../StdPeriph_Driver/src/stm32f4xx_pwr.c
Invoking: MCU GCC Compiler
/media/data/CODES/sw4stm32_workbench/20-STM32F4_PRJ_GALVO_v2/Debug
arm-none-eabi-gcc -mcpu=cortex-m4 -mthumb -mfloat-abi=softfp -mfpu=fpv4-sp-d16 -DSTM32F429ZITx -DSTM32F429ZI -D__SOFTFP__ -DARM_MATH_CM4 -DSTM32F429I_DISC1 -DSTM32F4 -DSTM32 -DDEBUG -DUSE_STDPERIPH_DRIVER -DSTM32F429_439xx -UKEIL_IDE -UNO_FPU -I"/media/data/CODES/sw4stm32_workbench/20-STM32F4_PRJ_GALVO_v2/inc" -I"/media/data/CODES/sw4stm32_workbench/00-STM32F4_LIBRARY_MDB" -I"/media/data/CODES/sw4stm32_workbench/20-STM32F4_PRJ_GALVO_v2/CMSIS/device" -I"/media/data/CODES/sw4stm32_workbench/20-STM32F4_PRJ_GALVO_v2/CMSIS/core" -I"/media/data/CODES/sw4stm32_workbench/20-STM32F4_PRJ_GALVO_v2/StdPeriph_Driver/inc" -O0 -g3 -Wall -fmessage-length=0 -ffunction-sections -c -MMD -MP -MF"StdPeriph_Driver/src/stm32f4xx_pwr.d" -MT"StdPeriph_Driver/src/stm32f4xx_pwr.o" -o "StdPeriph_Driver/src/stm32f4xx_pwr.o" "../StdPeriph_Driver/src/stm32f4xx_pwr.c"
Finished building: ../StdPeriph_Driver/src/stm32f4xx_pwr.c
 
Building file: ../StdPeriph_Driver/src/stm32f4xx_qspi.c
Invoking: MCU GCC Compiler
/media/data/CODES/sw4stm32_workbench/20-STM32F4_PRJ_GALVO_v2/Debug
arm-none-eabi-gcc -mcpu=cortex-m4 -mthumb -mfloat-abi=softfp -mfpu=fpv4-sp-d16 -DSTM32F429ZITx -DSTM32F429ZI -D__SOFTFP__ -DARM_MATH_CM4 -DSTM32F429I_DISC1 -DSTM32F4 -DSTM32 -DDEBUG -DUSE_STDPERIPH_DRIVER -DSTM32F429_439xx -UKEIL_IDE -UNO_FPU -I"/media/data/CODES/sw4stm32_workbench/20-STM32F4_PRJ_GALVO_v2/inc" -I"/media/data/CODES/sw4stm32_workbench/00-STM32F4_LIBRARY_MDB" -I"/media/data/CODES/sw4stm32_workbench/20-STM32F4_PRJ_GALVO_v2/CMSIS/device" -I"/media/data/CODES/sw4stm32_workbench/20-STM32F4_PRJ_GALVO_v2/CMSIS/core" -I"/media/data/CODES/sw4stm32_workbench/20-STM32F4_PRJ_GALVO_v2/StdPeriph_Driver/inc" -O0 -g3 -Wall -fmessage-length=0 -ffunction-sections -c -MMD -MP -MF"StdPeriph_Driver/src/stm32f4xx_qspi.d" -MT"StdPeriph_Driver/src/stm32f4xx_qspi.o" -o "StdPeriph_Driver/src/stm32f4xx_qspi.o" "../StdPeriph_Driver/src/stm32f4xx_qspi.c"
Finished building: ../StdPeriph_Driver/src/stm32f4xx_qspi.c
 
Building file: ../StdPeriph_Driver/src/stm32f4xx_rcc.c
Invoking: MCU GCC Compiler
/media/data/CODES/sw4stm32_workbench/20-STM32F4_PRJ_GALVO_v2/Debug
arm-none-eabi-gcc -mcpu=cortex-m4 -mthumb -mfloat-abi=softfp -mfpu=fpv4-sp-d16 -DSTM32F429ZITx -DSTM32F429ZI -D__SOFTFP__ -DARM_MATH_CM4 -DSTM32F429I_DISC1 -DSTM32F4 -DSTM32 -DDEBUG -DUSE_STDPERIPH_DRIVER -DSTM32F429_439xx -UKEIL_IDE -UNO_FPU -I"/media/data/CODES/sw4stm32_workbench/20-STM32F4_PRJ_GALVO_v2/inc" -I"/media/data/CODES/sw4stm32_workbench/00-STM32F4_LIBRARY_MDB" -I"/media/data/CODES/sw4stm32_workbench/20-STM32F4_PRJ_GALVO_v2/CMSIS/device" -I"/media/data/CODES/sw4stm32_workbench/20-STM32F4_PRJ_GALVO_v2/CMSIS/core" -I"/media/data/CODES/sw4stm32_workbench/20-STM32F4_PRJ_GALVO_v2/StdPeriph_Driver/inc" -O0 -g3 -Wall -fmessage-length=0 -ffunction-sections -c -MMD -MP -MF"StdPeriph_Driver/src/stm32f4xx_rcc.d" -MT"StdPeriph_Driver/src/stm32f4xx_rcc.o" -o "StdPeriph_Driver/src/stm32f4xx_rcc.o" "../StdPeriph_Driver/src/stm32f4xx_rcc.c"
Finished building: ../StdPeriph_Driver/src/stm32f4xx_rcc.c
 
Building file: ../StdPeriph_Driver/src/stm32f4xx_rng.c
Invoking: MCU GCC Compiler
/media/data/CODES/sw4stm32_workbench/20-STM32F4_PRJ_GALVO_v2/Debug
arm-none-eabi-gcc -mcpu=cortex-m4 -mthumb -mfloat-abi=softfp -mfpu=fpv4-sp-d16 -DSTM32F429ZITx -DSTM32F429ZI -D__SOFTFP__ -DARM_MATH_CM4 -DSTM32F429I_DISC1 -DSTM32F4 -DSTM32 -DDEBUG -DUSE_STDPERIPH_DRIVER -DSTM32F429_439xx -UKEIL_IDE -UNO_FPU -I"/media/data/CODES/sw4stm32_workbench/20-STM32F4_PRJ_GALVO_v2/inc" -I"/media/data/CODES/sw4stm32_workbench/00-STM32F4_LIBRARY_MDB" -I"/media/data/CODES/sw4stm32_workbench/20-STM32F4_PRJ_GALVO_v2/CMSIS/device" -I"/media/data/CODES/sw4stm32_workbench/20-STM32F4_PRJ_GALVO_v2/CMSIS/core" -I"/media/data/CODES/sw4stm32_workbench/20-STM32F4_PRJ_GALVO_v2/StdPeriph_Driver/inc" -O0 -g3 -Wall -fmessage-length=0 -ffunction-sections -c -MMD -MP -MF"StdPeriph_Driver/src/stm32f4xx_rng.d" -MT"StdPeriph_Driver/src/stm32f4xx_rng.o" -o "StdPeriph_Driver/src/stm32f4xx_rng.o" "../StdPeriph_Driver/src/stm32f4xx_rng.c"
Finished building: ../StdPeriph_Driver/src/stm32f4xx_rng.c
 
Building file: ../StdPeriph_Driver/src/stm32f4xx_rtc.c
Invoking: MCU GCC Compiler
/media/data/CODES/sw4stm32_workbench/20-STM32F4_PRJ_GALVO_v2/Debug
arm-none-eabi-gcc -mcpu=cortex-m4 -mthumb -mfloat-abi=softfp -mfpu=fpv4-sp-d16 -DSTM32F429ZITx -DSTM32F429ZI -D__SOFTFP__ -DARM_MATH_CM4 -DSTM32F429I_DISC1 -DSTM32F4 -DSTM32 -DDEBUG -DUSE_STDPERIPH_DRIVER -DSTM32F429_439xx -UKEIL_IDE -UNO_FPU -I"/media/data/CODES/sw4stm32_workbench/20-STM32F4_PRJ_GALVO_v2/inc" -I"/media/data/CODES/sw4stm32_workbench/00-STM32F4_LIBRARY_MDB" -I"/media/data/CODES/sw4stm32_workbench/20-STM32F4_PRJ_GALVO_v2/CMSIS/device" -I"/media/data/CODES/sw4stm32_workbench/20-STM32F4_PRJ_GALVO_v2/CMSIS/core" -I"/media/data/CODES/sw4stm32_workbench/20-STM32F4_PRJ_GALVO_v2/StdPeriph_Driver/inc" -O0 -g3 -Wall -fmessage-length=0 -ffunction-sections -c -MMD -MP -MF"StdPeriph_Driver/src/stm32f4xx_rtc.d" -MT"StdPeriph_Driver/src/stm32f4xx_rtc.o" -o "StdPeriph_Driver/src/stm32f4xx_rtc.o" "../StdPeriph_Driver/src/stm32f4xx_rtc.c"
Finished building: ../StdPeriph_Driver/src/stm32f4xx_rtc.c
 
Building file: ../StdPeriph_Driver/src/stm32f4xx_sai.c
Invoking: MCU GCC Compiler
/media/data/CODES/sw4stm32_workbench/20-STM32F4_PRJ_GALVO_v2/Debug
arm-none-eabi-gcc -mcpu=cortex-m4 -mthumb -mfloat-abi=softfp -mfpu=fpv4-sp-d16 -DSTM32F429ZITx -DSTM32F429ZI -D__SOFTFP__ -DARM_MATH_CM4 -DSTM32F429I_DISC1 -DSTM32F4 -DSTM32 -DDEBUG -DUSE_STDPERIPH_DRIVER -DSTM32F429_439xx -UKEIL_IDE -UNO_FPU -I"/media/data/CODES/sw4stm32_workbench/20-STM32F4_PRJ_GALVO_v2/inc" -I"/media/data/CODES/sw4stm32_workbench/00-STM32F4_LIBRARY_MDB" -I"/media/data/CODES/sw4stm32_workbench/20-STM32F4_PRJ_GALVO_v2/CMSIS/device" -I"/media/data/CODES/sw4stm32_workbench/20-STM32F4_PRJ_GALVO_v2/CMSIS/core" -I"/media/data/CODES/sw4stm32_workbench/20-STM32F4_PRJ_GALVO_v2/StdPeriph_Driver/inc" -O0 -g3 -Wall -fmessage-length=0 -ffunction-sections -c -MMD -MP -MF"StdPeriph_Driver/src/stm32f4xx_sai.d" -MT"StdPeriph_Driver/src/stm32f4xx_sai.o" -o "StdPeriph_Driver/src/stm32f4xx_sai.o" "../StdPeriph_Driver/src/stm32f4xx_sai.c"
Finished building: ../StdPeriph_Driver/src/stm32f4xx_sai.c
 
Building file: ../StdPeriph_Driver/src/stm32f4xx_sdio.c
Invoking: MCU GCC Compiler
/media/data/CODES/sw4stm32_workbench/20-STM32F4_PRJ_GALVO_v2/Debug
arm-none-eabi-gcc -mcpu=cortex-m4 -mthumb -mfloat-abi=softfp -mfpu=fpv4-sp-d16 -DSTM32F429ZITx -DSTM32F429ZI -D__SOFTFP__ -DARM_MATH_CM4 -DSTM32F429I_DISC1 -DSTM32F4 -DSTM32 -DDEBUG -DUSE_STDPERIPH_DRIVER -DSTM32F429_439xx -UKEIL_IDE -UNO_FPU -I"/media/data/CODES/sw4stm32_workbench/20-STM32F4_PRJ_GALVO_v2/inc" -I"/media/data/CODES/sw4stm32_workbench/00-STM32F4_LIBRARY_MDB" -I"/media/data/CODES/sw4stm32_workbench/20-STM32F4_PRJ_GALVO_v2/CMSIS/device" -I"/media/data/CODES/sw4stm32_workbench/20-STM32F4_PRJ_GALVO_v2/CMSIS/core" -I"/media/data/CODES/sw4stm32_workbench/20-STM32F4_PRJ_GALVO_v2/StdPeriph_Driver/inc" -O0 -g3 -Wall -fmessage-length=0 -ffunction-sections -c -MMD -MP -MF"StdPeriph_Driver/src/stm32f4xx_sdio.d" -MT"StdPeriph_Driver/src/stm32f4xx_sdio.o" -o "StdPeriph_Driver/src/stm32f4xx_sdio.o" "../StdPeriph_Driver/src/stm32f4xx_sdio.c"
Finished building: ../StdPeriph_Driver/src/stm32f4xx_sdio.c
 
Building file: ../StdPeriph_Driver/src/stm32f4xx_spdifrx.c
Invoking: MCU GCC Compiler
/media/data/CODES/sw4stm32_workbench/20-STM32F4_PRJ_GALVO_v2/Debug
arm-none-eabi-gcc -mcpu=cortex-m4 -mthumb -mfloat-abi=softfp -mfpu=fpv4-sp-d16 -DSTM32F429ZITx -DSTM32F429ZI -D__SOFTFP__ -DARM_MATH_CM4 -DSTM32F429I_DISC1 -DSTM32F4 -DSTM32 -DDEBUG -DUSE_STDPERIPH_DRIVER -DSTM32F429_439xx -UKEIL_IDE -UNO_FPU -I"/media/data/CODES/sw4stm32_workbench/20-STM32F4_PRJ_GALVO_v2/inc" -I"/media/data/CODES/sw4stm32_workbench/00-STM32F4_LIBRARY_MDB" -I"/media/data/CODES/sw4stm32_workbench/20-STM32F4_PRJ_GALVO_v2/CMSIS/device" -I"/media/data/CODES/sw4stm32_workbench/20-STM32F4_PRJ_GALVO_v2/CMSIS/core" -I"/media/data/CODES/sw4stm32_workbench/20-STM32F4_PRJ_GALVO_v2/StdPeriph_Driver/inc" -O0 -g3 -Wall -fmessage-length=0 -ffunction-sections -c -MMD -MP -MF"StdPeriph_Driver/src/stm32f4xx_spdifrx.d" -MT"StdPeriph_Driver/src/stm32f4xx_spdifrx.o" -o "StdPeriph_Driver/src/stm32f4xx_spdifrx.o" "../StdPeriph_Driver/src/stm32f4xx_spdifrx.c"
Finished building: ../StdPeriph_Driver/src/stm32f4xx_spdifrx.c
 
Building file: ../StdPeriph_Driver/src/stm32f4xx_spi.c
Invoking: MCU GCC Compiler
/media/data/CODES/sw4stm32_workbench/20-STM32F4_PRJ_GALVO_v2/Debug
arm-none-eabi-gcc -mcpu=cortex-m4 -mthumb -mfloat-abi=softfp -mfpu=fpv4-sp-d16 -DSTM32F429ZITx -DSTM32F429ZI -D__SOFTFP__ -DARM_MATH_CM4 -DSTM32F429I_DISC1 -DSTM32F4 -DSTM32 -DDEBUG -DUSE_STDPERIPH_DRIVER -DSTM32F429_439xx -UKEIL_IDE -UNO_FPU -I"/media/data/CODES/sw4stm32_workbench/20-STM32F4_PRJ_GALVO_v2/inc" -I"/media/data/CODES/sw4stm32_workbench/00-STM32F4_LIBRARY_MDB" -I"/media/data/CODES/sw4stm32_workbench/20-STM32F4_PRJ_GALVO_v2/CMSIS/device" -I"/media/data/CODES/sw4stm32_workbench/20-STM32F4_PRJ_GALVO_v2/CMSIS/core" -I"/media/data/CODES/sw4stm32_workbench/20-STM32F4_PRJ_GALVO_v2/StdPeriph_Driver/inc" -O0 -g3 -Wall -fmessage-length=0 -ffunction-sections -c -MMD -MP -MF"StdPeriph_Driver/src/stm32f4xx_spi.d" -MT"StdPeriph_Driver/src/stm32f4xx_spi.o" -o "StdPeriph_Driver/src/stm32f4xx_spi.o" "../StdPeriph_Driver/src/stm32f4xx_spi.c"
Finished building: ../StdPeriph_Driver/src/stm32f4xx_spi.c
 
Building file: ../StdPeriph_Driver/src/stm32f4xx_syscfg.c
Invoking: MCU GCC Compiler
/media/data/CODES/sw4stm32_workbench/20-STM32F4_PRJ_GALVO_v2/Debug
arm-none-eabi-gcc -mcpu=cortex-m4 -mthumb -mfloat-abi=softfp -mfpu=fpv4-sp-d16 -DSTM32F429ZITx -DSTM32F429ZI -D__SOFTFP__ -DARM_MATH_CM4 -DSTM32F429I_DISC1 -DSTM32F4 -DSTM32 -DDEBUG -DUSE_STDPERIPH_DRIVER -DSTM32F429_439xx -UKEIL_IDE -UNO_FPU -I"/media/data/CODES/sw4stm32_workbench/20-STM32F4_PRJ_GALVO_v2/inc" -I"/media/data/CODES/sw4stm32_workbench/00-STM32F4_LIBRARY_MDB" -I"/media/data/CODES/sw4stm32_workbench/20-STM32F4_PRJ_GALVO_v2/CMSIS/device" -I"/media/data/CODES/sw4stm32_workbench/20-STM32F4_PRJ_GALVO_v2/CMSIS/core" -I"/media/data/CODES/sw4stm32_workbench/20-STM32F4_PRJ_GALVO_v2/StdPeriph_Driver/inc" -O0 -g3 -Wall -fmessage-length=0 -ffunction-sections -c -MMD -MP -MF"StdPeriph_Driver/src/stm32f4xx_syscfg.d" -MT"StdPeriph_Driver/src/stm32f4xx_syscfg.o" -o "StdPeriph_Driver/src/stm32f4xx_syscfg.o" "../StdPeriph_Driver/src/stm32f4xx_syscfg.c"
Finished building: ../StdPeriph_Driver/src/stm32f4xx_syscfg.c
 
Building file: ../StdPeriph_Driver/src/stm32f4xx_tim.c
Invoking: MCU GCC Compiler
/media/data/CODES/sw4stm32_workbench/20-STM32F4_PRJ_GALVO_v2/Debug
arm-none-eabi-gcc -mcpu=cortex-m4 -mthumb -mfloat-abi=softfp -mfpu=fpv4-sp-d16 -DSTM32F429ZITx -DSTM32F429ZI -D__SOFTFP__ -DARM_MATH_CM4 -DSTM32F429I_DISC1 -DSTM32F4 -DSTM32 -DDEBUG -DUSE_STDPERIPH_DRIVER -DSTM32F429_439xx -UKEIL_IDE -UNO_FPU -I"/media/data/CODES/sw4stm32_workbench/20-STM32F4_PRJ_GALVO_v2/inc" -I"/media/data/CODES/sw4stm32_workbench/00-STM32F4_LIBRARY_MDB" -I"/media/data/CODES/sw4stm32_workbench/20-STM32F4_PRJ_GALVO_v2/CMSIS/device" -I"/media/data/CODES/sw4stm32_workbench/20-STM32F4_PRJ_GALVO_v2/CMSIS/core" -I"/media/data/CODES/sw4stm32_workbench/20-STM32F4_PRJ_GALVO_v2/StdPeriph_Driver/inc" -O0 -g3 -Wall -fmessage-length=0 -ffunction-sections -c -MMD -MP -MF"StdPeriph_Driver/src/stm32f4xx_tim.d" -MT"StdPeriph_Driver/src/stm32f4xx_tim.o" -o "StdPeriph_Driver/src/stm32f4xx_tim.o" "../StdPeriph_Driver/src/stm32f4xx_tim.c"
Finished building: ../StdPeriph_Driver/src/stm32f4xx_tim.c
 
Building file: ../StdPeriph_Driver/src/stm32f4xx_usart.c
Invoking: MCU GCC Compiler
/media/data/CODES/sw4stm32_workbench/20-STM32F4_PRJ_GALVO_v2/Debug
arm-none-eabi-gcc -mcpu=cortex-m4 -mthumb -mfloat-abi=softfp -mfpu=fpv4-sp-d16 -DSTM32F429ZITx -DSTM32F429ZI -D__SOFTFP__ -DARM_MATH_CM4 -DSTM32F429I_DISC1 -DSTM32F4 -DSTM32 -DDEBUG -DUSE_STDPERIPH_DRIVER -DSTM32F429_439xx -UKEIL_IDE -UNO_FPU -I"/media/data/CODES/sw4stm32_workbench/20-STM32F4_PRJ_GALVO_v2/inc" -I"/media/data/CODES/sw4stm32_workbench/00-STM32F4_LIBRARY_MDB" -I"/media/data/CODES/sw4stm32_workbench/20-STM32F4_PRJ_GALVO_v2/CMSIS/device" -I"/media/data/CODES/sw4stm32_workbench/20-STM32F4_PRJ_GALVO_v2/CMSIS/core" -I"/media/data/CODES/sw4stm32_workbench/20-STM32F4_PRJ_GALVO_v2/StdPeriph_Driver/inc" -O0 -g3 -Wall -fmessage-length=0 -ffunction-sections -c -MMD -MP -MF"StdPeriph_Driver/src/stm32f4xx_usart.d" -MT"StdPeriph_Driver/src/stm32f4xx_usart.o" -o "StdPeriph_Driver/src/stm32f4xx_usart.o" "../StdPeriph_Driver/src/stm32f4xx_usart.c"
Finished building: ../StdPeriph_Driver/src/stm32f4xx_usart.c
 
Building file: ../StdPeriph_Driver/src/stm32f4xx_wwdg.c
Invoking: MCU GCC Compiler
/media/data/CODES/sw4stm32_workbench/20-STM32F4_PRJ_GALVO_v2/Debug
arm-none-eabi-gcc -mcpu=cortex-m4 -mthumb -mfloat-abi=softfp -mfpu=fpv4-sp-d16 -DSTM32F429ZITx -DSTM32F429ZI -D__SOFTFP__ -DARM_MATH_CM4 -DSTM32F429I_DISC1 -DSTM32F4 -DSTM32 -DDEBUG -DUSE_STDPERIPH_DRIVER -DSTM32F429_439xx -UKEIL_IDE -UNO_FPU -I"/media/data/CODES/sw4stm32_workbench/20-STM32F4_PRJ_GALVO_v2/inc" -I"/media/data/CODES/sw4stm32_workbench/00-STM32F4_LIBRARY_MDB" -I"/media/data/CODES/sw4stm32_workbench/20-STM32F4_PRJ_GALVO_v2/CMSIS/device" -I"/media/data/CODES/sw4stm32_workbench/20-STM32F4_PRJ_GALVO_v2/CMSIS/core" -I"/media/data/CODES/sw4stm32_workbench/20-STM32F4_PRJ_GALVO_v2/StdPeriph_Driver/inc" -O0 -g3 -Wall -fmessage-length=0 -ffunction-sections -c -MMD -MP -MF"StdPeriph_Driver/src/stm32f4xx_wwdg.d" -MT"StdPeriph_Driver/src/stm32f4xx_wwdg.o" -o "StdPeriph_Driver/src/stm32f4xx_wwdg.o" "../StdPeriph_Driver/src/stm32f4xx_wwdg.c"
Finished building: ../StdPeriph_Driver/src/stm32f4xx_wwdg.c
 
Building target: 20-STM32F4_PRJ_GALVO_v2.elf
Invoking: MCU GCC Linker
arm-none-eabi-gcc -mcpu=cortex-m4 -mthumb -mfloat-abi=softfp -mfpu=fpv4-sp-d16 -L"/media/data/CODES/sw4stm32_workbench/20-STM32F4_PRJ_GALVO_v2/CMSIS/lib/GCC" -T"/media/data/CODES/sw4stm32_workbench/20-STM32F4_PRJ_GALVO_v2/LinkerScript.ld" -Wl,-Map=output.map -Wl,--gc-sections -o "20-STM32F4_PRJ_GALVO_v2.elf" @"objects.list"  
Finished building target: 20-STM32F4_PRJ_GALVO_v2.elf
 
make --no-print-directory post-build
Generating binary and Printing size information:
arm-none-eabi-objcopy -O binary "20-STM32F4_PRJ_GALVO_v2.elf" "20-STM32F4_PRJ_GALVO_v2.bin"
arm-none-eabi-size "20-STM32F4_PRJ_GALVO_v2.elf"
   text	   data	    bss	    dec	    hex	filename
   2512	   1300	   1072	   4884	   1314	20-STM32F4_PRJ_GALVO_v2.elf
 

01:00:20 Build Finished (took 8s.331ms)

