02:11:34 **** Build of configuration Debug for project 24-STM32F4_USB_VCP ****
make all 
Building file: ../startup/startup_stm32.s
Invoking: MCU GCC Assembler
/media/data/CODES/sw4stm32_workbench/24-STM32F4_USB_VCP/Debug
arm-none-eabi-as -mcpu=cortex-m4 -mthumb -mfloat-abi=hard -mfpu=fpv4-sp-d16 -I"/media/data/CODES/sw4stm32_workbench/24-STM32F4_USB_VCP/inc" -I"/media/data/CODES/sw4stm32_workbench/24-STM32F4_USB_VCP/CMSIS/device" -I"/media/data/CODES/sw4stm32_workbench/24-STM32F4_USB_VCP/CMSIS/core" -I"/media/data/CODES/sw4stm32_workbench/24-STM32F4_USB_VCP/StdPeriph_Driver/inc" -g -o "startup/startup_stm32.o" "../startup/startup_stm32.s"
Finished building: ../startup/startup_stm32.s
 
Building file: /media/data/CODES/sw4stm32_workbench/24-STM32F4_USB_VCP/ub_lib/usb_cdc_lolevel/usb_bsp.c
Invoking: MCU GCC Compiler
/media/data/CODES/sw4stm32_workbench/24-STM32F4_USB_VCP/Debug
arm-none-eabi-gcc -mcpu=cortex-m4 -mthumb -mfloat-abi=hard -mfpu=fpv4-sp-d16 -DSTM32F429ZITx -DSTM32F429I_DISC1 -DSTM32F4 -DSTM32 -DDEBUG -DUSE_STDPERIPH_DRIVER -DSTM32F429_439xx -I"/media/data/CODES/sw4stm32_workbench/24-STM32F4_USB_VCP/inc" -I"/media/data/CODES/sw4stm32_workbench/24-STM32F4_USB_VCP/ub_lib" -I"/media/data/CODES/sw4stm32_workbench/24-STM32F4_USB_VCP/ub_lib/usb_cdc_lolevel" -I"/media/data/CODES/sw4stm32_workbench/24-STM32F4_USB_VCP/CMSIS/device" -I"/media/data/CODES/sw4stm32_workbench/24-STM32F4_USB_VCP/CMSIS/core" -I"/media/data/CODES/sw4stm32_workbench/24-STM32F4_USB_VCP/StdPeriph_Driver/inc" -O0 -g3 -Wall -fmessage-length=0 -ffunction-sections -c -MMD -MP -MF"src/usb_cdc_lolevel/usb_bsp.d" -MT"src/usb_cdc_lolevel/usb_bsp.o" -o "src/usb_cdc_lolevel/usb_bsp.o" "/media/data/CODES/sw4stm32_workbench/24-STM32F4_USB_VCP/ub_lib/usb_cdc_lolevel/usb_bsp.c"
Finished building: /media/data/CODES/sw4stm32_workbench/24-STM32F4_USB_VCP/ub_lib/usb_cdc_lolevel/usb_bsp.c
 
Building file: /media/data/CODES/sw4stm32_workbench/24-STM32F4_USB_VCP/ub_lib/usb_cdc_lolevel/usb_core.c
Invoking: MCU GCC Compiler
/media/data/CODES/sw4stm32_workbench/24-STM32F4_USB_VCP/Debug
arm-none-eabi-gcc -mcpu=cortex-m4 -mthumb -mfloat-abi=hard -mfpu=fpv4-sp-d16 -DSTM32F429ZITx -DSTM32F429I_DISC1 -DSTM32F4 -DSTM32 -DDEBUG -DUSE_STDPERIPH_DRIVER -DSTM32F429_439xx -I"/media/data/CODES/sw4stm32_workbench/24-STM32F4_USB_VCP/inc" -I"/media/data/CODES/sw4stm32_workbench/24-STM32F4_USB_VCP/ub_lib" -I"/media/data/CODES/sw4stm32_workbench/24-STM32F4_USB_VCP/ub_lib/usb_cdc_lolevel" -I"/media/data/CODES/sw4stm32_workbench/24-STM32F4_USB_VCP/CMSIS/device" -I"/media/data/CODES/sw4stm32_workbench/24-STM32F4_USB_VCP/CMSIS/core" -I"/media/data/CODES/sw4stm32_workbench/24-STM32F4_USB_VCP/StdPeriph_Driver/inc" -O0 -g3 -Wall -fmessage-length=0 -ffunction-sections -c -MMD -MP -MF"src/usb_cdc_lolevel/usb_core.d" -MT"src/usb_cdc_lolevel/usb_core.o" -o "src/usb_cdc_lolevel/usb_core.o" "/media/data/CODES/sw4stm32_workbench/24-STM32F4_USB_VCP/ub_lib/usb_cdc_lolevel/usb_core.c"
Finished building: /media/data/CODES/sw4stm32_workbench/24-STM32F4_USB_VCP/ub_lib/usb_cdc_lolevel/usb_core.c
 
Building file: /media/data/CODES/sw4stm32_workbench/24-STM32F4_USB_VCP/ub_lib/usb_cdc_lolevel/usb_dcd.c
Invoking: MCU GCC Compiler
/media/data/CODES/sw4stm32_workbench/24-STM32F4_USB_VCP/Debug
arm-none-eabi-gcc -mcpu=cortex-m4 -mthumb -mfloat-abi=hard -mfpu=fpv4-sp-d16 -DSTM32F429ZITx -DSTM32F429I_DISC1 -DSTM32F4 -DSTM32 -DDEBUG -DUSE_STDPERIPH_DRIVER -DSTM32F429_439xx -I"/media/data/CODES/sw4stm32_workbench/24-STM32F4_USB_VCP/inc" -I"/media/data/CODES/sw4stm32_workbench/24-STM32F4_USB_VCP/ub_lib" -I"/media/data/CODES/sw4stm32_workbench/24-STM32F4_USB_VCP/ub_lib/usb_cdc_lolevel" -I"/media/data/CODES/sw4stm32_workbench/24-STM32F4_USB_VCP/CMSIS/device" -I"/media/data/CODES/sw4stm32_workbench/24-STM32F4_USB_VCP/CMSIS/core" -I"/media/data/CODES/sw4stm32_workbench/24-STM32F4_USB_VCP/StdPeriph_Driver/inc" -O0 -g3 -Wall -fmessage-length=0 -ffunction-sections -c -MMD -MP -MF"src/usb_cdc_lolevel/usb_dcd.d" -MT"src/usb_cdc_lolevel/usb_dcd.o" -o "src/usb_cdc_lolevel/usb_dcd.o" "/media/data/CODES/sw4stm32_workbench/24-STM32F4_USB_VCP/ub_lib/usb_cdc_lolevel/usb_dcd.c"
Finished building: /media/data/CODES/sw4stm32_workbench/24-STM32F4_USB_VCP/ub_lib/usb_cdc_lolevel/usb_dcd.c
 
Building file: /media/data/CODES/sw4stm32_workbench/24-STM32F4_USB_VCP/ub_lib/usb_cdc_lolevel/usb_dcd_int.c
Invoking: MCU GCC Compiler
/media/data/CODES/sw4stm32_workbench/24-STM32F4_USB_VCP/Debug
arm-none-eabi-gcc -mcpu=cortex-m4 -mthumb -mfloat-abi=hard -mfpu=fpv4-sp-d16 -DSTM32F429ZITx -DSTM32F429I_DISC1 -DSTM32F4 -DSTM32 -DDEBUG -DUSE_STDPERIPH_DRIVER -DSTM32F429_439xx -I"/media/data/CODES/sw4stm32_workbench/24-STM32F4_USB_VCP/inc" -I"/media/data/CODES/sw4stm32_workbench/24-STM32F4_USB_VCP/ub_lib" -I"/media/data/CODES/sw4stm32_workbench/24-STM32F4_USB_VCP/ub_lib/usb_cdc_lolevel" -I"/media/data/CODES/sw4stm32_workbench/24-STM32F4_USB_VCP/CMSIS/device" -I"/media/data/CODES/sw4stm32_workbench/24-STM32F4_USB_VCP/CMSIS/core" -I"/media/data/CODES/sw4stm32_workbench/24-STM32F4_USB_VCP/StdPeriph_Driver/inc" -O0 -g3 -Wall -fmessage-length=0 -ffunction-sections -c -MMD -MP -MF"src/usb_cdc_lolevel/usb_dcd_int.d" -MT"src/usb_cdc_lolevel/usb_dcd_int.o" -o "src/usb_cdc_lolevel/usb_dcd_int.o" "/media/data/CODES/sw4stm32_workbench/24-STM32F4_USB_VCP/ub_lib/usb_cdc_lolevel/usb_dcd_int.c"
Finished building: /media/data/CODES/sw4stm32_workbench/24-STM32F4_USB_VCP/ub_lib/usb_cdc_lolevel/usb_dcd_int.c
 
Building file: /media/data/CODES/sw4stm32_workbench/24-STM32F4_USB_VCP/ub_lib/usb_cdc_lolevel/usbd_cdc_core.c
Invoking: MCU GCC Compiler
/media/data/CODES/sw4stm32_workbench/24-STM32F4_USB_VCP/Debug
arm-none-eabi-gcc -mcpu=cortex-m4 -mthumb -mfloat-abi=hard -mfpu=fpv4-sp-d16 -DSTM32F429ZITx -DSTM32F429I_DISC1 -DSTM32F4 -DSTM32 -DDEBUG -DUSE_STDPERIPH_DRIVER -DSTM32F429_439xx -I"/media/data/CODES/sw4stm32_workbench/24-STM32F4_USB_VCP/inc" -I"/media/data/CODES/sw4stm32_workbench/24-STM32F4_USB_VCP/ub_lib" -I"/media/data/CODES/sw4stm32_workbench/24-STM32F4_USB_VCP/ub_lib/usb_cdc_lolevel" -I"/media/data/CODES/sw4stm32_workbench/24-STM32F4_USB_VCP/CMSIS/device" -I"/media/data/CODES/sw4stm32_workbench/24-STM32F4_USB_VCP/CMSIS/core" -I"/media/data/CODES/sw4stm32_workbench/24-STM32F4_USB_VCP/StdPeriph_Driver/inc" -O0 -g3 -Wall -fmessage-length=0 -ffunction-sections -c -MMD -MP -MF"src/usb_cdc_lolevel/usbd_cdc_core.d" -MT"src/usb_cdc_lolevel/usbd_cdc_core.o" -o "src/usb_cdc_lolevel/usbd_cdc_core.o" "/media/data/CODES/sw4stm32_workbench/24-STM32F4_USB_VCP/ub_lib/usb_cdc_lolevel/usbd_cdc_core.c"
Finished building: /media/data/CODES/sw4stm32_workbench/24-STM32F4_USB_VCP/ub_lib/usb_cdc_lolevel/usbd_cdc_core.c
 
Building file: /media/data/CODES/sw4stm32_workbench/24-STM32F4_USB_VCP/ub_lib/usb_cdc_lolevel/usbd_cdc_vcp.c
Invoking: MCU GCC Compiler
/media/data/CODES/sw4stm32_workbench/24-STM32F4_USB_VCP/Debug
arm-none-eabi-gcc -mcpu=cortex-m4 -mthumb -mfloat-abi=hard -mfpu=fpv4-sp-d16 -DSTM32F429ZITx -DSTM32F429I_DISC1 -DSTM32F4 -DSTM32 -DDEBUG -DUSE_STDPERIPH_DRIVER -DSTM32F429_439xx -I"/media/data/CODES/sw4stm32_workbench/24-STM32F4_USB_VCP/inc" -I"/media/data/CODES/sw4stm32_workbench/24-STM32F4_USB_VCP/ub_lib" -I"/media/data/CODES/sw4stm32_workbench/24-STM32F4_USB_VCP/ub_lib/usb_cdc_lolevel" -I"/media/data/CODES/sw4stm32_workbench/24-STM32F4_USB_VCP/CMSIS/device" -I"/media/data/CODES/sw4stm32_workbench/24-STM32F4_USB_VCP/CMSIS/core" -I"/media/data/CODES/sw4stm32_workbench/24-STM32F4_USB_VCP/StdPeriph_Driver/inc" -O0 -g3 -Wall -fmessage-length=0 -ffunction-sections -c -MMD -MP -MF"src/usb_cdc_lolevel/usbd_cdc_vcp.d" -MT"src/usb_cdc_lolevel/usbd_cdc_vcp.o" -o "src/usb_cdc_lolevel/usbd_cdc_vcp.o" "/media/data/CODES/sw4stm32_workbench/24-STM32F4_USB_VCP/ub_lib/usb_cdc_lolevel/usbd_cdc_vcp.c"
Finished building: /media/data/CODES/sw4stm32_workbench/24-STM32F4_USB_VCP/ub_lib/usb_cdc_lolevel/usbd_cdc_vcp.c
 
Building file: /media/data/CODES/sw4stm32_workbench/24-STM32F4_USB_VCP/ub_lib/usb_cdc_lolevel/usbd_core.c
Invoking: MCU GCC Compiler
/media/data/CODES/sw4stm32_workbench/24-STM32F4_USB_VCP/Debug
arm-none-eabi-gcc -mcpu=cortex-m4 -mthumb -mfloat-abi=hard -mfpu=fpv4-sp-d16 -DSTM32F429ZITx -DSTM32F429I_DISC1 -DSTM32F4 -DSTM32 -DDEBUG -DUSE_STDPERIPH_DRIVER -DSTM32F429_439xx -I"/media/data/CODES/sw4stm32_workbench/24-STM32F4_USB_VCP/inc" -I"/media/data/CODES/sw4stm32_workbench/24-STM32F4_USB_VCP/ub_lib" -I"/media/data/CODES/sw4stm32_workbench/24-STM32F4_USB_VCP/ub_lib/usb_cdc_lolevel" -I"/media/data/CODES/sw4stm32_workbench/24-STM32F4_USB_VCP/CMSIS/device" -I"/media/data/CODES/sw4stm32_workbench/24-STM32F4_USB_VCP/CMSIS/core" -I"/media/data/CODES/sw4stm32_workbench/24-STM32F4_USB_VCP/StdPeriph_Driver/inc" -O0 -g3 -Wall -fmessage-length=0 -ffunction-sections -c -MMD -MP -MF"src/usb_cdc_lolevel/usbd_core.d" -MT"src/usb_cdc_lolevel/usbd_core.o" -o "src/usb_cdc_lolevel/usbd_core.o" "/media/data/CODES/sw4stm32_workbench/24-STM32F4_USB_VCP/ub_lib/usb_cdc_lolevel/usbd_core.c"
Finished building: /media/data/CODES/sw4stm32_workbench/24-STM32F4_USB_VCP/ub_lib/usb_cdc_lolevel/usbd_core.c
 
Building file: /media/data/CODES/sw4stm32_workbench/24-STM32F4_USB_VCP/ub_lib/usb_cdc_lolevel/usbd_desc.c
Invoking: MCU GCC Compiler
/media/data/CODES/sw4stm32_workbench/24-STM32F4_USB_VCP/Debug
arm-none-eabi-gcc -mcpu=cortex-m4 -mthumb -mfloat-abi=hard -mfpu=fpv4-sp-d16 -DSTM32F429ZITx -DSTM32F429I_DISC1 -DSTM32F4 -DSTM32 -DDEBUG -DUSE_STDPERIPH_DRIVER -DSTM32F429_439xx -I"/media/data/CODES/sw4stm32_workbench/24-STM32F4_USB_VCP/inc" -I"/media/data/CODES/sw4stm32_workbench/24-STM32F4_USB_VCP/ub_lib" -I"/media/data/CODES/sw4stm32_workbench/24-STM32F4_USB_VCP/ub_lib/usb_cdc_lolevel" -I"/media/data/CODES/sw4stm32_workbench/24-STM32F4_USB_VCP/CMSIS/device" -I"/media/data/CODES/sw4stm32_workbench/24-STM32F4_USB_VCP/CMSIS/core" -I"/media/data/CODES/sw4stm32_workbench/24-STM32F4_USB_VCP/StdPeriph_Driver/inc" -O0 -g3 -Wall -fmessage-length=0 -ffunction-sections -c -MMD -MP -MF"src/usb_cdc_lolevel/usbd_desc.d" -MT"src/usb_cdc_lolevel/usbd_desc.o" -o "src/usb_cdc_lolevel/usbd_desc.o" "/media/data/CODES/sw4stm32_workbench/24-STM32F4_USB_VCP/ub_lib/usb_cdc_lolevel/usbd_desc.c"
Finished building: /media/data/CODES/sw4stm32_workbench/24-STM32F4_USB_VCP/ub_lib/usb_cdc_lolevel/usbd_desc.c
 
Building file: /media/data/CODES/sw4stm32_workbench/24-STM32F4_USB_VCP/ub_lib/usb_cdc_lolevel/usbd_ioreq.c
Invoking: MCU GCC Compiler
/media/data/CODES/sw4stm32_workbench/24-STM32F4_USB_VCP/Debug
arm-none-eabi-gcc -mcpu=cortex-m4 -mthumb -mfloat-abi=hard -mfpu=fpv4-sp-d16 -DSTM32F429ZITx -DSTM32F429I_DISC1 -DSTM32F4 -DSTM32 -DDEBUG -DUSE_STDPERIPH_DRIVER -DSTM32F429_439xx -I"/media/data/CODES/sw4stm32_workbench/24-STM32F4_USB_VCP/inc" -I"/media/data/CODES/sw4stm32_workbench/24-STM32F4_USB_VCP/ub_lib" -I"/media/data/CODES/sw4stm32_workbench/24-STM32F4_USB_VCP/ub_lib/usb_cdc_lolevel" -I"/media/data/CODES/sw4stm32_workbench/24-STM32F4_USB_VCP/CMSIS/device" -I"/media/data/CODES/sw4stm32_workbench/24-STM32F4_USB_VCP/CMSIS/core" -I"/media/data/CODES/sw4stm32_workbench/24-STM32F4_USB_VCP/StdPeriph_Driver/inc" -O0 -g3 -Wall -fmessage-length=0 -ffunction-sections -c -MMD -MP -MF"src/usb_cdc_lolevel/usbd_ioreq.d" -MT"src/usb_cdc_lolevel/usbd_ioreq.o" -o "src/usb_cdc_lolevel/usbd_ioreq.o" "/media/data/CODES/sw4stm32_workbench/24-STM32F4_USB_VCP/ub_lib/usb_cdc_lolevel/usbd_ioreq.c"
Finished building: /media/data/CODES/sw4stm32_workbench/24-STM32F4_USB_VCP/ub_lib/usb_cdc_lolevel/usbd_ioreq.c
 
Building file: /media/data/CODES/sw4stm32_workbench/24-STM32F4_USB_VCP/ub_lib/usb_cdc_lolevel/usbd_req.c
Invoking: MCU GCC Compiler
/media/data/CODES/sw4stm32_workbench/24-STM32F4_USB_VCP/Debug
arm-none-eabi-gcc -mcpu=cortex-m4 -mthumb -mfloat-abi=hard -mfpu=fpv4-sp-d16 -DSTM32F429ZITx -DSTM32F429I_DISC1 -DSTM32F4 -DSTM32 -DDEBUG -DUSE_STDPERIPH_DRIVER -DSTM32F429_439xx -I"/media/data/CODES/sw4stm32_workbench/24-STM32F4_USB_VCP/inc" -I"/media/data/CODES/sw4stm32_workbench/24-STM32F4_USB_VCP/ub_lib" -I"/media/data/CODES/sw4stm32_workbench/24-STM32F4_USB_VCP/ub_lib/usb_cdc_lolevel" -I"/media/data/CODES/sw4stm32_workbench/24-STM32F4_USB_VCP/CMSIS/device" -I"/media/data/CODES/sw4stm32_workbench/24-STM32F4_USB_VCP/CMSIS/core" -I"/media/data/CODES/sw4stm32_workbench/24-STM32F4_USB_VCP/StdPeriph_Driver/inc" -O0 -g3 -Wall -fmessage-length=0 -ffunction-sections -c -MMD -MP -MF"src/usb_cdc_lolevel/usbd_req.d" -MT"src/usb_cdc_lolevel/usbd_req.o" -o "src/usb_cdc_lolevel/usbd_req.o" "/media/data/CODES/sw4stm32_workbench/24-STM32F4_USB_VCP/ub_lib/usb_cdc_lolevel/usbd_req.c"
Finished building: /media/data/CODES/sw4stm32_workbench/24-STM32F4_USB_VCP/ub_lib/usb_cdc_lolevel/usbd_req.c
 
Building file: /media/data/CODES/sw4stm32_workbench/24-STM32F4_USB_VCP/ub_lib/usb_cdc_lolevel/usbd_usr.c
Invoking: MCU GCC Compiler
/media/data/CODES/sw4stm32_workbench/24-STM32F4_USB_VCP/Debug
arm-none-eabi-gcc -mcpu=cortex-m4 -mthumb -mfloat-abi=hard -mfpu=fpv4-sp-d16 -DSTM32F429ZITx -DSTM32F429I_DISC1 -DSTM32F4 -DSTM32 -DDEBUG -DUSE_STDPERIPH_DRIVER -DSTM32F429_439xx -I"/media/data/CODES/sw4stm32_workbench/24-STM32F4_USB_VCP/inc" -I"/media/data/CODES/sw4stm32_workbench/24-STM32F4_USB_VCP/ub_lib" -I"/media/data/CODES/sw4stm32_workbench/24-STM32F4_USB_VCP/ub_lib/usb_cdc_lolevel" -I"/media/data/CODES/sw4stm32_workbench/24-STM32F4_USB_VCP/CMSIS/device" -I"/media/data/CODES/sw4stm32_workbench/24-STM32F4_USB_VCP/CMSIS/core" -I"/media/data/CODES/sw4stm32_workbench/24-STM32F4_USB_VCP/StdPeriph_Driver/inc" -O0 -g3 -Wall -fmessage-length=0 -ffunction-sections -c -MMD -MP -MF"src/usb_cdc_lolevel/usbd_usr.d" -MT"src/usb_cdc_lolevel/usbd_usr.o" -o "src/usb_cdc_lolevel/usbd_usr.o" "/media/data/CODES/sw4stm32_workbench/24-STM32F4_USB_VCP/ub_lib/usb_cdc_lolevel/usbd_usr.c"
Finished building: /media/data/CODES/sw4stm32_workbench/24-STM32F4_USB_VCP/ub_lib/usb_cdc_lolevel/usbd_usr.c
 
Building file: /media/data/CODES/sw4stm32_workbench/24-STM32F4_USB_VCP/ub_lib/stm32_ub_uart.c
Invoking: MCU GCC Compiler
/media/data/CODES/sw4stm32_workbench/24-STM32F4_USB_VCP/Debug
arm-none-eabi-gcc -mcpu=cortex-m4 -mthumb -mfloat-abi=hard -mfpu=fpv4-sp-d16 -DSTM32F429ZITx -DSTM32F429I_DISC1 -DSTM32F4 -DSTM32 -DDEBUG -DUSE_STDPERIPH_DRIVER -DSTM32F429_439xx -I"/media/data/CODES/sw4stm32_workbench/24-STM32F4_USB_VCP/inc" -I"/media/data/CODES/sw4stm32_workbench/24-STM32F4_USB_VCP/ub_lib" -I"/media/data/CODES/sw4stm32_workbench/24-STM32F4_USB_VCP/ub_lib/usb_cdc_lolevel" -I"/media/data/CODES/sw4stm32_workbench/24-STM32F4_USB_VCP/CMSIS/device" -I"/media/data/CODES/sw4stm32_workbench/24-STM32F4_USB_VCP/CMSIS/core" -I"/media/data/CODES/sw4stm32_workbench/24-STM32F4_USB_VCP/StdPeriph_Driver/inc" -O0 -g3 -Wall -fmessage-length=0 -ffunction-sections -c -MMD -MP -MF"src/ub_lib/stm32_ub_uart.d" -MT"src/ub_lib/stm32_ub_uart.o" -o "src/ub_lib/stm32_ub_uart.o" "/media/data/CODES/sw4stm32_workbench/24-STM32F4_USB_VCP/ub_lib/stm32_ub_uart.c"
Finished building: /media/data/CODES/sw4stm32_workbench/24-STM32F4_USB_VCP/ub_lib/stm32_ub_uart.c
 
Building file: /media/data/CODES/sw4stm32_workbench/24-STM32F4_USB_VCP/ub_lib/stm32_ub_usb_cdc.c
Invoking: MCU GCC Compiler
/media/data/CODES/sw4stm32_workbench/24-STM32F4_USB_VCP/Debug
arm-none-eabi-gcc -mcpu=cortex-m4 -mthumb -mfloat-abi=hard -mfpu=fpv4-sp-d16 -DSTM32F429ZITx -DSTM32F429I_DISC1 -DSTM32F4 -DSTM32 -DDEBUG -DUSE_STDPERIPH_DRIVER -DSTM32F429_439xx -I"/media/data/CODES/sw4stm32_workbench/24-STM32F4_USB_VCP/inc" -I"/media/data/CODES/sw4stm32_workbench/24-STM32F4_USB_VCP/ub_lib" -I"/media/data/CODES/sw4stm32_workbench/24-STM32F4_USB_VCP/ub_lib/usb_cdc_lolevel" -I"/media/data/CODES/sw4stm32_workbench/24-STM32F4_USB_VCP/CMSIS/device" -I"/media/data/CODES/sw4stm32_workbench/24-STM32F4_USB_VCP/CMSIS/core" -I"/media/data/CODES/sw4stm32_workbench/24-STM32F4_USB_VCP/StdPeriph_Driver/inc" -O0 -g3 -Wall -fmessage-length=0 -ffunction-sections -c -MMD -MP -MF"src/ub_lib/stm32_ub_usb_cdc.d" -MT"src/ub_lib/stm32_ub_usb_cdc.o" -o "src/ub_lib/stm32_ub_usb_cdc.o" "/media/data/CODES/sw4stm32_workbench/24-STM32F4_USB_VCP/ub_lib/stm32_ub_usb_cdc.c"
Finished building: /media/data/CODES/sw4stm32_workbench/24-STM32F4_USB_VCP/ub_lib/stm32_ub_usb_cdc.c
 
Building file: ../src/main.c
Invoking: MCU GCC Compiler
/media/data/CODES/sw4stm32_workbench/24-STM32F4_USB_VCP/Debug
arm-none-eabi-gcc -mcpu=cortex-m4 -mthumb -mfloat-abi=hard -mfpu=fpv4-sp-d16 -DSTM32F429ZITx -DSTM32F429I_DISC1 -DSTM32F4 -DSTM32 -DDEBUG -DUSE_STDPERIPH_DRIVER -DSTM32F429_439xx -I"/media/data/CODES/sw4stm32_workbench/24-STM32F4_USB_VCP/inc" -I"/media/data/CODES/sw4stm32_workbench/24-STM32F4_USB_VCP/ub_lib" -I"/media/data/CODES/sw4stm32_workbench/24-STM32F4_USB_VCP/ub_lib/usb_cdc_lolevel" -I"/media/data/CODES/sw4stm32_workbench/24-STM32F4_USB_VCP/CMSIS/device" -I"/media/data/CODES/sw4stm32_workbench/24-STM32F4_USB_VCP/CMSIS/core" -I"/media/data/CODES/sw4stm32_workbench/24-STM32F4_USB_VCP/StdPeriph_Driver/inc" -O0 -g3 -Wall -fmessage-length=0 -ffunction-sections -c -MMD -MP -MF"src/main.d" -MT"src/main.o" -o "src/main.o" "../src/main.c"
Finished building: ../src/main.c
 
Building file: ../src/syscalls.c
Invoking: MCU GCC Compiler
/media/data/CODES/sw4stm32_workbench/24-STM32F4_USB_VCP/Debug
arm-none-eabi-gcc -mcpu=cortex-m4 -mthumb -mfloat-abi=hard -mfpu=fpv4-sp-d16 -DSTM32F429ZITx -DSTM32F429I_DISC1 -DSTM32F4 -DSTM32 -DDEBUG -DUSE_STDPERIPH_DRIVER -DSTM32F429_439xx -I"/media/data/CODES/sw4stm32_workbench/24-STM32F4_USB_VCP/inc" -I"/media/data/CODES/sw4stm32_workbench/24-STM32F4_USB_VCP/ub_lib" -I"/media/data/CODES/sw4stm32_workbench/24-STM32F4_USB_VCP/ub_lib/usb_cdc_lolevel" -I"/media/data/CODES/sw4stm32_workbench/24-STM32F4_USB_VCP/CMSIS/device" -I"/media/data/CODES/sw4stm32_workbench/24-STM32F4_USB_VCP/CMSIS/core" -I"/media/data/CODES/sw4stm32_workbench/24-STM32F4_USB_VCP/StdPeriph_Driver/inc" -O0 -g3 -Wall -fmessage-length=0 -ffunction-sections -c -MMD -MP -MF"src/syscalls.d" -MT"src/syscalls.o" -o "src/syscalls.o" "../src/syscalls.c"
Finished building: ../src/syscalls.c
 
Building file: ../src/system_stm32f4xx.c
Invoking: MCU GCC Compiler
/media/data/CODES/sw4stm32_workbench/24-STM32F4_USB_VCP/Debug
arm-none-eabi-gcc -mcpu=cortex-m4 -mthumb -mfloat-abi=hard -mfpu=fpv4-sp-d16 -DSTM32F429ZITx -DSTM32F429I_DISC1 -DSTM32F4 -DSTM32 -DDEBUG -DUSE_STDPERIPH_DRIVER -DSTM32F429_439xx -I"/media/data/CODES/sw4stm32_workbench/24-STM32F4_USB_VCP/inc" -I"/media/data/CODES/sw4stm32_workbench/24-STM32F4_USB_VCP/ub_lib" -I"/media/data/CODES/sw4stm32_workbench/24-STM32F4_USB_VCP/ub_lib/usb_cdc_lolevel" -I"/media/data/CODES/sw4stm32_workbench/24-STM32F4_USB_VCP/CMSIS/device" -I"/media/data/CODES/sw4stm32_workbench/24-STM32F4_USB_VCP/CMSIS/core" -I"/media/data/CODES/sw4stm32_workbench/24-STM32F4_USB_VCP/StdPeriph_Driver/inc" -O0 -g3 -Wall -fmessage-length=0 -ffunction-sections -c -MMD -MP -MF"src/system_stm32f4xx.d" -MT"src/system_stm32f4xx.o" -o "src/system_stm32f4xx.o" "../src/system_stm32f4xx.c"
Finished building: ../src/system_stm32f4xx.c
 
Building file: ../StdPeriph_Driver/src/misc.c
Invoking: MCU GCC Compiler
/media/data/CODES/sw4stm32_workbench/24-STM32F4_USB_VCP/Debug
arm-none-eabi-gcc -mcpu=cortex-m4 -mthumb -mfloat-abi=hard -mfpu=fpv4-sp-d16 -DSTM32F429ZITx -DSTM32F429I_DISC1 -DSTM32F4 -DSTM32 -DDEBUG -DUSE_STDPERIPH_DRIVER -DSTM32F429_439xx -I"/media/data/CODES/sw4stm32_workbench/24-STM32F4_USB_VCP/inc" -I"/media/data/CODES/sw4stm32_workbench/24-STM32F4_USB_VCP/ub_lib" -I"/media/data/CODES/sw4stm32_workbench/24-STM32F4_USB_VCP/ub_lib/usb_cdc_lolevel" -I"/media/data/CODES/sw4stm32_workbench/24-STM32F4_USB_VCP/CMSIS/device" -I"/media/data/CODES/sw4stm32_workbench/24-STM32F4_USB_VCP/CMSIS/core" -I"/media/data/CODES/sw4stm32_workbench/24-STM32F4_USB_VCP/StdPeriph_Driver/inc" -O0 -g3 -Wall -fmessage-length=0 -ffunction-sections -c -MMD -MP -MF"StdPeriph_Driver/src/misc.d" -MT"StdPeriph_Driver/src/misc.o" -o "StdPeriph_Driver/src/misc.o" "../StdPeriph_Driver/src/misc.c"
Finished building: ../StdPeriph_Driver/src/misc.c
 
Building file: ../StdPeriph_Driver/src/stm32f4xx_adc.c
Invoking: MCU GCC Compiler
/media/data/CODES/sw4stm32_workbench/24-STM32F4_USB_VCP/Debug
arm-none-eabi-gcc -mcpu=cortex-m4 -mthumb -mfloat-abi=hard -mfpu=fpv4-sp-d16 -DSTM32F429ZITx -DSTM32F429I_DISC1 -DSTM32F4 -DSTM32 -DDEBUG -DUSE_STDPERIPH_DRIVER -DSTM32F429_439xx -I"/media/data/CODES/sw4stm32_workbench/24-STM32F4_USB_VCP/inc" -I"/media/data/CODES/sw4stm32_workbench/24-STM32F4_USB_VCP/ub_lib" -I"/media/data/CODES/sw4stm32_workbench/24-STM32F4_USB_VCP/ub_lib/usb_cdc_lolevel" -I"/media/data/CODES/sw4stm32_workbench/24-STM32F4_USB_VCP/CMSIS/device" -I"/media/data/CODES/sw4stm32_workbench/24-STM32F4_USB_VCP/CMSIS/core" -I"/media/data/CODES/sw4stm32_workbench/24-STM32F4_USB_VCP/StdPeriph_Driver/inc" -O0 -g3 -Wall -fmessage-length=0 -ffunction-sections -c -MMD -MP -MF"StdPeriph_Driver/src/stm32f4xx_adc.d" -MT"StdPeriph_Driver/src/stm32f4xx_adc.o" -o "StdPeriph_Driver/src/stm32f4xx_adc.o" "../StdPeriph_Driver/src/stm32f4xx_adc.c"
Finished building: ../StdPeriph_Driver/src/stm32f4xx_adc.c
 
Building file: ../StdPeriph_Driver/src/stm32f4xx_can.c
Invoking: MCU GCC Compiler
/media/data/CODES/sw4stm32_workbench/24-STM32F4_USB_VCP/Debug
arm-none-eabi-gcc -mcpu=cortex-m4 -mthumb -mfloat-abi=hard -mfpu=fpv4-sp-d16 -DSTM32F429ZITx -DSTM32F429I_DISC1 -DSTM32F4 -DSTM32 -DDEBUG -DUSE_STDPERIPH_DRIVER -DSTM32F429_439xx -I"/media/data/CODES/sw4stm32_workbench/24-STM32F4_USB_VCP/inc" -I"/media/data/CODES/sw4stm32_workbench/24-STM32F4_USB_VCP/ub_lib" -I"/media/data/CODES/sw4stm32_workbench/24-STM32F4_USB_VCP/ub_lib/usb_cdc_lolevel" -I"/media/data/CODES/sw4stm32_workbench/24-STM32F4_USB_VCP/CMSIS/device" -I"/media/data/CODES/sw4stm32_workbench/24-STM32F4_USB_VCP/CMSIS/core" -I"/media/data/CODES/sw4stm32_workbench/24-STM32F4_USB_VCP/StdPeriph_Driver/inc" -O0 -g3 -Wall -fmessage-length=0 -ffunction-sections -c -MMD -MP -MF"StdPeriph_Driver/src/stm32f4xx_can.d" -MT"StdPeriph_Driver/src/stm32f4xx_can.o" -o "StdPeriph_Driver/src/stm32f4xx_can.o" "../StdPeriph_Driver/src/stm32f4xx_can.c"
Finished building: ../StdPeriph_Driver/src/stm32f4xx_can.c
 
Building file: ../StdPeriph_Driver/src/stm32f4xx_cec.c
Invoking: MCU GCC Compiler
/media/data/CODES/sw4stm32_workbench/24-STM32F4_USB_VCP/Debug
arm-none-eabi-gcc -mcpu=cortex-m4 -mthumb -mfloat-abi=hard -mfpu=fpv4-sp-d16 -DSTM32F429ZITx -DSTM32F429I_DISC1 -DSTM32F4 -DSTM32 -DDEBUG -DUSE_STDPERIPH_DRIVER -DSTM32F429_439xx -I"/media/data/CODES/sw4stm32_workbench/24-STM32F4_USB_VCP/inc" -I"/media/data/CODES/sw4stm32_workbench/24-STM32F4_USB_VCP/ub_lib" -I"/media/data/CODES/sw4stm32_workbench/24-STM32F4_USB_VCP/ub_lib/usb_cdc_lolevel" -I"/media/data/CODES/sw4stm32_workbench/24-STM32F4_USB_VCP/CMSIS/device" -I"/media/data/CODES/sw4stm32_workbench/24-STM32F4_USB_VCP/CMSIS/core" -I"/media/data/CODES/sw4stm32_workbench/24-STM32F4_USB_VCP/StdPeriph_Driver/inc" -O0 -g3 -Wall -fmessage-length=0 -ffunction-sections -c -MMD -MP -MF"StdPeriph_Driver/src/stm32f4xx_cec.d" -MT"StdPeriph_Driver/src/stm32f4xx_cec.o" -o "StdPeriph_Driver/src/stm32f4xx_cec.o" "../StdPeriph_Driver/src/stm32f4xx_cec.c"
Finished building: ../StdPeriph_Driver/src/stm32f4xx_cec.c
 
Building file: ../StdPeriph_Driver/src/stm32f4xx_crc.c
Invoking: MCU GCC Compiler
/media/data/CODES/sw4stm32_workbench/24-STM32F4_USB_VCP/Debug
arm-none-eabi-gcc -mcpu=cortex-m4 -mthumb -mfloat-abi=hard -mfpu=fpv4-sp-d16 -DSTM32F429ZITx -DSTM32F429I_DISC1 -DSTM32F4 -DSTM32 -DDEBUG -DUSE_STDPERIPH_DRIVER -DSTM32F429_439xx -I"/media/data/CODES/sw4stm32_workbench/24-STM32F4_USB_VCP/inc" -I"/media/data/CODES/sw4stm32_workbench/24-STM32F4_USB_VCP/ub_lib" -I"/media/data/CODES/sw4stm32_workbench/24-STM32F4_USB_VCP/ub_lib/usb_cdc_lolevel" -I"/media/data/CODES/sw4stm32_workbench/24-STM32F4_USB_VCP/CMSIS/device" -I"/media/data/CODES/sw4stm32_workbench/24-STM32F4_USB_VCP/CMSIS/core" -I"/media/data/CODES/sw4stm32_workbench/24-STM32F4_USB_VCP/StdPeriph_Driver/inc" -O0 -g3 -Wall -fmessage-length=0 -ffunction-sections -c -MMD -MP -MF"StdPeriph_Driver/src/stm32f4xx_crc.d" -MT"StdPeriph_Driver/src/stm32f4xx_crc.o" -o "StdPeriph_Driver/src/stm32f4xx_crc.o" "../StdPeriph_Driver/src/stm32f4xx_crc.c"
Finished building: ../StdPeriph_Driver/src/stm32f4xx_crc.c
 
Building file: ../StdPeriph_Driver/src/stm32f4xx_cryp.c
Invoking: MCU GCC Compiler
/media/data/CODES/sw4stm32_workbench/24-STM32F4_USB_VCP/Debug
arm-none-eabi-gcc -mcpu=cortex-m4 -mthumb -mfloat-abi=hard -mfpu=fpv4-sp-d16 -DSTM32F429ZITx -DSTM32F429I_DISC1 -DSTM32F4 -DSTM32 -DDEBUG -DUSE_STDPERIPH_DRIVER -DSTM32F429_439xx -I"/media/data/CODES/sw4stm32_workbench/24-STM32F4_USB_VCP/inc" -I"/media/data/CODES/sw4stm32_workbench/24-STM32F4_USB_VCP/ub_lib" -I"/media/data/CODES/sw4stm32_workbench/24-STM32F4_USB_VCP/ub_lib/usb_cdc_lolevel" -I"/media/data/CODES/sw4stm32_workbench/24-STM32F4_USB_VCP/CMSIS/device" -I"/media/data/CODES/sw4stm32_workbench/24-STM32F4_USB_VCP/CMSIS/core" -I"/media/data/CODES/sw4stm32_workbench/24-STM32F4_USB_VCP/StdPeriph_Driver/inc" -O0 -g3 -Wall -fmessage-length=0 -ffunction-sections -c -MMD -MP -MF"StdPeriph_Driver/src/stm32f4xx_cryp.d" -MT"StdPeriph_Driver/src/stm32f4xx_cryp.o" -o "StdPeriph_Driver/src/stm32f4xx_cryp.o" "../StdPeriph_Driver/src/stm32f4xx_cryp.c"
Finished building: ../StdPeriph_Driver/src/stm32f4xx_cryp.c
 
Building file: ../StdPeriph_Driver/src/stm32f4xx_cryp_aes.c
Invoking: MCU GCC Compiler
/media/data/CODES/sw4stm32_workbench/24-STM32F4_USB_VCP/Debug
arm-none-eabi-gcc -mcpu=cortex-m4 -mthumb -mfloat-abi=hard -mfpu=fpv4-sp-d16 -DSTM32F429ZITx -DSTM32F429I_DISC1 -DSTM32F4 -DSTM32 -DDEBUG -DUSE_STDPERIPH_DRIVER -DSTM32F429_439xx -I"/media/data/CODES/sw4stm32_workbench/24-STM32F4_USB_VCP/inc" -I"/media/data/CODES/sw4stm32_workbench/24-STM32F4_USB_VCP/ub_lib" -I"/media/data/CODES/sw4stm32_workbench/24-STM32F4_USB_VCP/ub_lib/usb_cdc_lolevel" -I"/media/data/CODES/sw4stm32_workbench/24-STM32F4_USB_VCP/CMSIS/device" -I"/media/data/CODES/sw4stm32_workbench/24-STM32F4_USB_VCP/CMSIS/core" -I"/media/data/CODES/sw4stm32_workbench/24-STM32F4_USB_VCP/StdPeriph_Driver/inc" -O0 -g3 -Wall -fmessage-length=0 -ffunction-sections -c -MMD -MP -MF"StdPeriph_Driver/src/stm32f4xx_cryp_aes.d" -MT"StdPeriph_Driver/src/stm32f4xx_cryp_aes.o" -o "StdPeriph_Driver/src/stm32f4xx_cryp_aes.o" "../StdPeriph_Driver/src/stm32f4xx_cryp_aes.c"
Finished building: ../StdPeriph_Driver/src/stm32f4xx_cryp_aes.c
 
Building file: ../StdPeriph_Driver/src/stm32f4xx_cryp_des.c
Invoking: MCU GCC Compiler
/media/data/CODES/sw4stm32_workbench/24-STM32F4_USB_VCP/Debug
arm-none-eabi-gcc -mcpu=cortex-m4 -mthumb -mfloat-abi=hard -mfpu=fpv4-sp-d16 -DSTM32F429ZITx -DSTM32F429I_DISC1 -DSTM32F4 -DSTM32 -DDEBUG -DUSE_STDPERIPH_DRIVER -DSTM32F429_439xx -I"/media/data/CODES/sw4stm32_workbench/24-STM32F4_USB_VCP/inc" -I"/media/data/CODES/sw4stm32_workbench/24-STM32F4_USB_VCP/ub_lib" -I"/media/data/CODES/sw4stm32_workbench/24-STM32F4_USB_VCP/ub_lib/usb_cdc_lolevel" -I"/media/data/CODES/sw4stm32_workbench/24-STM32F4_USB_VCP/CMSIS/device" -I"/media/data/CODES/sw4stm32_workbench/24-STM32F4_USB_VCP/CMSIS/core" -I"/media/data/CODES/sw4stm32_workbench/24-STM32F4_USB_VCP/StdPeriph_Driver/inc" -O0 -g3 -Wall -fmessage-length=0 -ffunction-sections -c -MMD -MP -MF"StdPeriph_Driver/src/stm32f4xx_cryp_des.d" -MT"StdPeriph_Driver/src/stm32f4xx_cryp_des.o" -o "StdPeriph_Driver/src/stm32f4xx_cryp_des.o" "../StdPeriph_Driver/src/stm32f4xx_cryp_des.c"
Finished building: ../StdPeriph_Driver/src/stm32f4xx_cryp_des.c
 
Building file: ../StdPeriph_Driver/src/stm32f4xx_cryp_tdes.c
Invoking: MCU GCC Compiler
/media/data/CODES/sw4stm32_workbench/24-STM32F4_USB_VCP/Debug
arm-none-eabi-gcc -mcpu=cortex-m4 -mthumb -mfloat-abi=hard -mfpu=fpv4-sp-d16 -DSTM32F429ZITx -DSTM32F429I_DISC1 -DSTM32F4 -DSTM32 -DDEBUG -DUSE_STDPERIPH_DRIVER -DSTM32F429_439xx -I"/media/data/CODES/sw4stm32_workbench/24-STM32F4_USB_VCP/inc" -I"/media/data/CODES/sw4stm32_workbench/24-STM32F4_USB_VCP/ub_lib" -I"/media/data/CODES/sw4stm32_workbench/24-STM32F4_USB_VCP/ub_lib/usb_cdc_lolevel" -I"/media/data/CODES/sw4stm32_workbench/24-STM32F4_USB_VCP/CMSIS/device" -I"/media/data/CODES/sw4stm32_workbench/24-STM32F4_USB_VCP/CMSIS/core" -I"/media/data/CODES/sw4stm32_workbench/24-STM32F4_USB_VCP/StdPeriph_Driver/inc" -O0 -g3 -Wall -fmessage-length=0 -ffunction-sections -c -MMD -MP -MF"StdPeriph_Driver/src/stm32f4xx_cryp_tdes.d" -MT"StdPeriph_Driver/src/stm32f4xx_cryp_tdes.o" -o "StdPeriph_Driver/src/stm32f4xx_cryp_tdes.o" "../StdPeriph_Driver/src/stm32f4xx_cryp_tdes.c"
Finished building: ../StdPeriph_Driver/src/stm32f4xx_cryp_tdes.c
 
Building file: ../StdPeriph_Driver/src/stm32f4xx_dac.c
Invoking: MCU GCC Compiler
/media/data/CODES/sw4stm32_workbench/24-STM32F4_USB_VCP/Debug
arm-none-eabi-gcc -mcpu=cortex-m4 -mthumb -mfloat-abi=hard -mfpu=fpv4-sp-d16 -DSTM32F429ZITx -DSTM32F429I_DISC1 -DSTM32F4 -DSTM32 -DDEBUG -DUSE_STDPERIPH_DRIVER -DSTM32F429_439xx -I"/media/data/CODES/sw4stm32_workbench/24-STM32F4_USB_VCP/inc" -I"/media/data/CODES/sw4stm32_workbench/24-STM32F4_USB_VCP/ub_lib" -I"/media/data/CODES/sw4stm32_workbench/24-STM32F4_USB_VCP/ub_lib/usb_cdc_lolevel" -I"/media/data/CODES/sw4stm32_workbench/24-STM32F4_USB_VCP/CMSIS/device" -I"/media/data/CODES/sw4stm32_workbench/24-STM32F4_USB_VCP/CMSIS/core" -I"/media/data/CODES/sw4stm32_workbench/24-STM32F4_USB_VCP/StdPeriph_Driver/inc" -O0 -g3 -Wall -fmessage-length=0 -ffunction-sections -c -MMD -MP -MF"StdPeriph_Driver/src/stm32f4xx_dac.d" -MT"StdPeriph_Driver/src/stm32f4xx_dac.o" -o "StdPeriph_Driver/src/stm32f4xx_dac.o" "../StdPeriph_Driver/src/stm32f4xx_dac.c"
Finished building: ../StdPeriph_Driver/src/stm32f4xx_dac.c
 
Building file: ../StdPeriph_Driver/src/stm32f4xx_dbgmcu.c
Invoking: MCU GCC Compiler
/media/data/CODES/sw4stm32_workbench/24-STM32F4_USB_VCP/Debug
arm-none-eabi-gcc -mcpu=cortex-m4 -mthumb -mfloat-abi=hard -mfpu=fpv4-sp-d16 -DSTM32F429ZITx -DSTM32F429I_DISC1 -DSTM32F4 -DSTM32 -DDEBUG -DUSE_STDPERIPH_DRIVER -DSTM32F429_439xx -I"/media/data/CODES/sw4stm32_workbench/24-STM32F4_USB_VCP/inc" -I"/media/data/CODES/sw4stm32_workbench/24-STM32F4_USB_VCP/ub_lib" -I"/media/data/CODES/sw4stm32_workbench/24-STM32F4_USB_VCP/ub_lib/usb_cdc_lolevel" -I"/media/data/CODES/sw4stm32_workbench/24-STM32F4_USB_VCP/CMSIS/device" -I"/media/data/CODES/sw4stm32_workbench/24-STM32F4_USB_VCP/CMSIS/core" -I"/media/data/CODES/sw4stm32_workbench/24-STM32F4_USB_VCP/StdPeriph_Driver/inc" -O0 -g3 -Wall -fmessage-length=0 -ffunction-sections -c -MMD -MP -MF"StdPeriph_Driver/src/stm32f4xx_dbgmcu.d" -MT"StdPeriph_Driver/src/stm32f4xx_dbgmcu.o" -o "StdPeriph_Driver/src/stm32f4xx_dbgmcu.o" "../StdPeriph_Driver/src/stm32f4xx_dbgmcu.c"
Finished building: ../StdPeriph_Driver/src/stm32f4xx_dbgmcu.c
 
Building file: ../StdPeriph_Driver/src/stm32f4xx_dcmi.c
Invoking: MCU GCC Compiler
/media/data/CODES/sw4stm32_workbench/24-STM32F4_USB_VCP/Debug
arm-none-eabi-gcc -mcpu=cortex-m4 -mthumb -mfloat-abi=hard -mfpu=fpv4-sp-d16 -DSTM32F429ZITx -DSTM32F429I_DISC1 -DSTM32F4 -DSTM32 -DDEBUG -DUSE_STDPERIPH_DRIVER -DSTM32F429_439xx -I"/media/data/CODES/sw4stm32_workbench/24-STM32F4_USB_VCP/inc" -I"/media/data/CODES/sw4stm32_workbench/24-STM32F4_USB_VCP/ub_lib" -I"/media/data/CODES/sw4stm32_workbench/24-STM32F4_USB_VCP/ub_lib/usb_cdc_lolevel" -I"/media/data/CODES/sw4stm32_workbench/24-STM32F4_USB_VCP/CMSIS/device" -I"/media/data/CODES/sw4stm32_workbench/24-STM32F4_USB_VCP/CMSIS/core" -I"/media/data/CODES/sw4stm32_workbench/24-STM32F4_USB_VCP/StdPeriph_Driver/inc" -O0 -g3 -Wall -fmessage-length=0 -ffunction-sections -c -MMD -MP -MF"StdPeriph_Driver/src/stm32f4xx_dcmi.d" -MT"StdPeriph_Driver/src/stm32f4xx_dcmi.o" -o "StdPeriph_Driver/src/stm32f4xx_dcmi.o" "../StdPeriph_Driver/src/stm32f4xx_dcmi.c"
Finished building: ../StdPeriph_Driver/src/stm32f4xx_dcmi.c
 
Building file: ../StdPeriph_Driver/src/stm32f4xx_dma.c
Invoking: MCU GCC Compiler
/media/data/CODES/sw4stm32_workbench/24-STM32F4_USB_VCP/Debug
arm-none-eabi-gcc -mcpu=cortex-m4 -mthumb -mfloat-abi=hard -mfpu=fpv4-sp-d16 -DSTM32F429ZITx -DSTM32F429I_DISC1 -DSTM32F4 -DSTM32 -DDEBUG -DUSE_STDPERIPH_DRIVER -DSTM32F429_439xx -I"/media/data/CODES/sw4stm32_workbench/24-STM32F4_USB_VCP/inc" -I"/media/data/CODES/sw4stm32_workbench/24-STM32F4_USB_VCP/ub_lib" -I"/media/data/CODES/sw4stm32_workbench/24-STM32F4_USB_VCP/ub_lib/usb_cdc_lolevel" -I"/media/data/CODES/sw4stm32_workbench/24-STM32F4_USB_VCP/CMSIS/device" -I"/media/data/CODES/sw4stm32_workbench/24-STM32F4_USB_VCP/CMSIS/core" -I"/media/data/CODES/sw4stm32_workbench/24-STM32F4_USB_VCP/StdPeriph_Driver/inc" -O0 -g3 -Wall -fmessage-length=0 -ffunction-sections -c -MMD -MP -MF"StdPeriph_Driver/src/stm32f4xx_dma.d" -MT"StdPeriph_Driver/src/stm32f4xx_dma.o" -o "StdPeriph_Driver/src/stm32f4xx_dma.o" "../StdPeriph_Driver/src/stm32f4xx_dma.c"
Finished building: ../StdPeriph_Driver/src/stm32f4xx_dma.c
 
Building file: ../StdPeriph_Driver/src/stm32f4xx_dma2d.c
Invoking: MCU GCC Compiler
/media/data/CODES/sw4stm32_workbench/24-STM32F4_USB_VCP/Debug
arm-none-eabi-gcc -mcpu=cortex-m4 -mthumb -mfloat-abi=hard -mfpu=fpv4-sp-d16 -DSTM32F429ZITx -DSTM32F429I_DISC1 -DSTM32F4 -DSTM32 -DDEBUG -DUSE_STDPERIPH_DRIVER -DSTM32F429_439xx -I"/media/data/CODES/sw4stm32_workbench/24-STM32F4_USB_VCP/inc" -I"/media/data/CODES/sw4stm32_workbench/24-STM32F4_USB_VCP/ub_lib" -I"/media/data/CODES/sw4stm32_workbench/24-STM32F4_USB_VCP/ub_lib/usb_cdc_lolevel" -I"/media/data/CODES/sw4stm32_workbench/24-STM32F4_USB_VCP/CMSIS/device" -I"/media/data/CODES/sw4stm32_workbench/24-STM32F4_USB_VCP/CMSIS/core" -I"/media/data/CODES/sw4stm32_workbench/24-STM32F4_USB_VCP/StdPeriph_Driver/inc" -O0 -g3 -Wall -fmessage-length=0 -ffunction-sections -c -MMD -MP -MF"StdPeriph_Driver/src/stm32f4xx_dma2d.d" -MT"StdPeriph_Driver/src/stm32f4xx_dma2d.o" -o "StdPeriph_Driver/src/stm32f4xx_dma2d.o" "../StdPeriph_Driver/src/stm32f4xx_dma2d.c"
Finished building: ../StdPeriph_Driver/src/stm32f4xx_dma2d.c
 
Building file: ../StdPeriph_Driver/src/stm32f4xx_dsi.c
Invoking: MCU GCC Compiler
/media/data/CODES/sw4stm32_workbench/24-STM32F4_USB_VCP/Debug
arm-none-eabi-gcc -mcpu=cortex-m4 -mthumb -mfloat-abi=hard -mfpu=fpv4-sp-d16 -DSTM32F429ZITx -DSTM32F429I_DISC1 -DSTM32F4 -DSTM32 -DDEBUG -DUSE_STDPERIPH_DRIVER -DSTM32F429_439xx -I"/media/data/CODES/sw4stm32_workbench/24-STM32F4_USB_VCP/inc" -I"/media/data/CODES/sw4stm32_workbench/24-STM32F4_USB_VCP/ub_lib" -I"/media/data/CODES/sw4stm32_workbench/24-STM32F4_USB_VCP/ub_lib/usb_cdc_lolevel" -I"/media/data/CODES/sw4stm32_workbench/24-STM32F4_USB_VCP/CMSIS/device" -I"/media/data/CODES/sw4stm32_workbench/24-STM32F4_USB_VCP/CMSIS/core" -I"/media/data/CODES/sw4stm32_workbench/24-STM32F4_USB_VCP/StdPeriph_Driver/inc" -O0 -g3 -Wall -fmessage-length=0 -ffunction-sections -c -MMD -MP -MF"StdPeriph_Driver/src/stm32f4xx_dsi.d" -MT"StdPeriph_Driver/src/stm32f4xx_dsi.o" -o "StdPeriph_Driver/src/stm32f4xx_dsi.o" "../StdPeriph_Driver/src/stm32f4xx_dsi.c"
Finished building: ../StdPeriph_Driver/src/stm32f4xx_dsi.c
 
Building file: ../StdPeriph_Driver/src/stm32f4xx_exti.c
Invoking: MCU GCC Compiler
/media/data/CODES/sw4stm32_workbench/24-STM32F4_USB_VCP/Debug
arm-none-eabi-gcc -mcpu=cortex-m4 -mthumb -mfloat-abi=hard -mfpu=fpv4-sp-d16 -DSTM32F429ZITx -DSTM32F429I_DISC1 -DSTM32F4 -DSTM32 -DDEBUG -DUSE_STDPERIPH_DRIVER -DSTM32F429_439xx -I"/media/data/CODES/sw4stm32_workbench/24-STM32F4_USB_VCP/inc" -I"/media/data/CODES/sw4stm32_workbench/24-STM32F4_USB_VCP/ub_lib" -I"/media/data/CODES/sw4stm32_workbench/24-STM32F4_USB_VCP/ub_lib/usb_cdc_lolevel" -I"/media/data/CODES/sw4stm32_workbench/24-STM32F4_USB_VCP/CMSIS/device" -I"/media/data/CODES/sw4stm32_workbench/24-STM32F4_USB_VCP/CMSIS/core" -I"/media/data/CODES/sw4stm32_workbench/24-STM32F4_USB_VCP/StdPeriph_Driver/inc" -O0 -g3 -Wall -fmessage-length=0 -ffunction-sections -c -MMD -MP -MF"StdPeriph_Driver/src/stm32f4xx_exti.d" -MT"StdPeriph_Driver/src/stm32f4xx_exti.o" -o "StdPeriph_Driver/src/stm32f4xx_exti.o" "../StdPeriph_Driver/src/stm32f4xx_exti.c"
Finished building: ../StdPeriph_Driver/src/stm32f4xx_exti.c
 
Building file: ../StdPeriph_Driver/src/stm32f4xx_flash.c
Invoking: MCU GCC Compiler
/media/data/CODES/sw4stm32_workbench/24-STM32F4_USB_VCP/Debug
arm-none-eabi-gcc -mcpu=cortex-m4 -mthumb -mfloat-abi=hard -mfpu=fpv4-sp-d16 -DSTM32F429ZITx -DSTM32F429I_DISC1 -DSTM32F4 -DSTM32 -DDEBUG -DUSE_STDPERIPH_DRIVER -DSTM32F429_439xx -I"/media/data/CODES/sw4stm32_workbench/24-STM32F4_USB_VCP/inc" -I"/media/data/CODES/sw4stm32_workbench/24-STM32F4_USB_VCP/ub_lib" -I"/media/data/CODES/sw4stm32_workbench/24-STM32F4_USB_VCP/ub_lib/usb_cdc_lolevel" -I"/media/data/CODES/sw4stm32_workbench/24-STM32F4_USB_VCP/CMSIS/device" -I"/media/data/CODES/sw4stm32_workbench/24-STM32F4_USB_VCP/CMSIS/core" -I"/media/data/CODES/sw4stm32_workbench/24-STM32F4_USB_VCP/StdPeriph_Driver/inc" -O0 -g3 -Wall -fmessage-length=0 -ffunction-sections -c -MMD -MP -MF"StdPeriph_Driver/src/stm32f4xx_flash.d" -MT"StdPeriph_Driver/src/stm32f4xx_flash.o" -o "StdPeriph_Driver/src/stm32f4xx_flash.o" "../StdPeriph_Driver/src/stm32f4xx_flash.c"
Finished building: ../StdPeriph_Driver/src/stm32f4xx_flash.c
 
Building file: ../StdPeriph_Driver/src/stm32f4xx_flash_ramfunc.c
Invoking: MCU GCC Compiler
/media/data/CODES/sw4stm32_workbench/24-STM32F4_USB_VCP/Debug
arm-none-eabi-gcc -mcpu=cortex-m4 -mthumb -mfloat-abi=hard -mfpu=fpv4-sp-d16 -DSTM32F429ZITx -DSTM32F429I_DISC1 -DSTM32F4 -DSTM32 -DDEBUG -DUSE_STDPERIPH_DRIVER -DSTM32F429_439xx -I"/media/data/CODES/sw4stm32_workbench/24-STM32F4_USB_VCP/inc" -I"/media/data/CODES/sw4stm32_workbench/24-STM32F4_USB_VCP/ub_lib" -I"/media/data/CODES/sw4stm32_workbench/24-STM32F4_USB_VCP/ub_lib/usb_cdc_lolevel" -I"/media/data/CODES/sw4stm32_workbench/24-STM32F4_USB_VCP/CMSIS/device" -I"/media/data/CODES/sw4stm32_workbench/24-STM32F4_USB_VCP/CMSIS/core" -I"/media/data/CODES/sw4stm32_workbench/24-STM32F4_USB_VCP/StdPeriph_Driver/inc" -O0 -g3 -Wall -fmessage-length=0 -ffunction-sections -c -MMD -MP -MF"StdPeriph_Driver/src/stm32f4xx_flash_ramfunc.d" -MT"StdPeriph_Driver/src/stm32f4xx_flash_ramfunc.o" -o "StdPeriph_Driver/src/stm32f4xx_flash_ramfunc.o" "../StdPeriph_Driver/src/stm32f4xx_flash_ramfunc.c"
Finished building: ../StdPeriph_Driver/src/stm32f4xx_flash_ramfunc.c
 
Building file: ../StdPeriph_Driver/src/stm32f4xx_fmc.c
Invoking: MCU GCC Compiler
/media/data/CODES/sw4stm32_workbench/24-STM32F4_USB_VCP/Debug
arm-none-eabi-gcc -mcpu=cortex-m4 -mthumb -mfloat-abi=hard -mfpu=fpv4-sp-d16 -DSTM32F429ZITx -DSTM32F429I_DISC1 -DSTM32F4 -DSTM32 -DDEBUG -DUSE_STDPERIPH_DRIVER -DSTM32F429_439xx -I"/media/data/CODES/sw4stm32_workbench/24-STM32F4_USB_VCP/inc" -I"/media/data/CODES/sw4stm32_workbench/24-STM32F4_USB_VCP/ub_lib" -I"/media/data/CODES/sw4stm32_workbench/24-STM32F4_USB_VCP/ub_lib/usb_cdc_lolevel" -I"/media/data/CODES/sw4stm32_workbench/24-STM32F4_USB_VCP/CMSIS/device" -I"/media/data/CODES/sw4stm32_workbench/24-STM32F4_USB_VCP/CMSIS/core" -I"/media/data/CODES/sw4stm32_workbench/24-STM32F4_USB_VCP/StdPeriph_Driver/inc" -O0 -g3 -Wall -fmessage-length=0 -ffunction-sections -c -MMD -MP -MF"StdPeriph_Driver/src/stm32f4xx_fmc.d" -MT"StdPeriph_Driver/src/stm32f4xx_fmc.o" -o "StdPeriph_Driver/src/stm32f4xx_fmc.o" "../StdPeriph_Driver/src/stm32f4xx_fmc.c"
Finished building: ../StdPeriph_Driver/src/stm32f4xx_fmc.c
 
Building file: ../StdPeriph_Driver/src/stm32f4xx_fmip2c.c
Invoking: MCU GCC Compiler
/media/data/CODES/sw4stm32_workbench/24-STM32F4_USB_VCP/Debug
arm-none-eabi-gcc -mcpu=cortex-m4 -mthumb -mfloat-abi=hard -mfpu=fpv4-sp-d16 -DSTM32F429ZITx -DSTM32F429I_DISC1 -DSTM32F4 -DSTM32 -DDEBUG -DUSE_STDPERIPH_DRIVER -DSTM32F429_439xx -I"/media/data/CODES/sw4stm32_workbench/24-STM32F4_USB_VCP/inc" -I"/media/data/CODES/sw4stm32_workbench/24-STM32F4_USB_VCP/ub_lib" -I"/media/data/CODES/sw4stm32_workbench/24-STM32F4_USB_VCP/ub_lib/usb_cdc_lolevel" -I"/media/data/CODES/sw4stm32_workbench/24-STM32F4_USB_VCP/CMSIS/device" -I"/media/data/CODES/sw4stm32_workbench/24-STM32F4_USB_VCP/CMSIS/core" -I"/media/data/CODES/sw4stm32_workbench/24-STM32F4_USB_VCP/StdPeriph_Driver/inc" -O0 -g3 -Wall -fmessage-length=0 -ffunction-sections -c -MMD -MP -MF"StdPeriph_Driver/src/stm32f4xx_fmip2c.d" -MT"StdPeriph_Driver/src/stm32f4xx_fmip2c.o" -o "StdPeriph_Driver/src/stm32f4xx_fmip2c.o" "../StdPeriph_Driver/src/stm32f4xx_fmip2c.c"
Finished building: ../StdPeriph_Driver/src/stm32f4xx_fmip2c.c
 
Building file: ../StdPeriph_Driver/src/stm32f4xx_fsmc.c
Invoking: MCU GCC Compiler
/media/data/CODES/sw4stm32_workbench/24-STM32F4_USB_VCP/Debug
arm-none-eabi-gcc -mcpu=cortex-m4 -mthumb -mfloat-abi=hard -mfpu=fpv4-sp-d16 -DSTM32F429ZITx -DSTM32F429I_DISC1 -DSTM32F4 -DSTM32 -DDEBUG -DUSE_STDPERIPH_DRIVER -DSTM32F429_439xx -I"/media/data/CODES/sw4stm32_workbench/24-STM32F4_USB_VCP/inc" -I"/media/data/CODES/sw4stm32_workbench/24-STM32F4_USB_VCP/ub_lib" -I"/media/data/CODES/sw4stm32_workbench/24-STM32F4_USB_VCP/ub_lib/usb_cdc_lolevel" -I"/media/data/CODES/sw4stm32_workbench/24-STM32F4_USB_VCP/CMSIS/device" -I"/media/data/CODES/sw4stm32_workbench/24-STM32F4_USB_VCP/CMSIS/core" -I"/media/data/CODES/sw4stm32_workbench/24-STM32F4_USB_VCP/StdPeriph_Driver/inc" -O0 -g3 -Wall -fmessage-length=0 -ffunction-sections -c -MMD -MP -MF"StdPeriph_Driver/src/stm32f4xx_fsmc.d" -MT"StdPeriph_Driver/src/stm32f4xx_fsmc.o" -o "StdPeriph_Driver/src/stm32f4xx_fsmc.o" "../StdPeriph_Driver/src/stm32f4xx_fsmc.c"
Finished building: ../StdPeriph_Driver/src/stm32f4xx_fsmc.c
 
Building file: ../StdPeriph_Driver/src/stm32f4xx_gpio.c
Invoking: MCU GCC Compiler
/media/data/CODES/sw4stm32_workbench/24-STM32F4_USB_VCP/Debug
arm-none-eabi-gcc -mcpu=cortex-m4 -mthumb -mfloat-abi=hard -mfpu=fpv4-sp-d16 -DSTM32F429ZITx -DSTM32F429I_DISC1 -DSTM32F4 -DSTM32 -DDEBUG -DUSE_STDPERIPH_DRIVER -DSTM32F429_439xx -I"/media/data/CODES/sw4stm32_workbench/24-STM32F4_USB_VCP/inc" -I"/media/data/CODES/sw4stm32_workbench/24-STM32F4_USB_VCP/ub_lib" -I"/media/data/CODES/sw4stm32_workbench/24-STM32F4_USB_VCP/ub_lib/usb_cdc_lolevel" -I"/media/data/CODES/sw4stm32_workbench/24-STM32F4_USB_VCP/CMSIS/device" -I"/media/data/CODES/sw4stm32_workbench/24-STM32F4_USB_VCP/CMSIS/core" -I"/media/data/CODES/sw4stm32_workbench/24-STM32F4_USB_VCP/StdPeriph_Driver/inc" -O0 -g3 -Wall -fmessage-length=0 -ffunction-sections -c -MMD -MP -MF"StdPeriph_Driver/src/stm32f4xx_gpio.d" -MT"StdPeriph_Driver/src/stm32f4xx_gpio.o" -o "StdPeriph_Driver/src/stm32f4xx_gpio.o" "../StdPeriph_Driver/src/stm32f4xx_gpio.c"
Finished building: ../StdPeriph_Driver/src/stm32f4xx_gpio.c
 
Building file: ../StdPeriph_Driver/src/stm32f4xx_hash.c
Invoking: MCU GCC Compiler
/media/data/CODES/sw4stm32_workbench/24-STM32F4_USB_VCP/Debug
arm-none-eabi-gcc -mcpu=cortex-m4 -mthumb -mfloat-abi=hard -mfpu=fpv4-sp-d16 -DSTM32F429ZITx -DSTM32F429I_DISC1 -DSTM32F4 -DSTM32 -DDEBUG -DUSE_STDPERIPH_DRIVER -DSTM32F429_439xx -I"/media/data/CODES/sw4stm32_workbench/24-STM32F4_USB_VCP/inc" -I"/media/data/CODES/sw4stm32_workbench/24-STM32F4_USB_VCP/ub_lib" -I"/media/data/CODES/sw4stm32_workbench/24-STM32F4_USB_VCP/ub_lib/usb_cdc_lolevel" -I"/media/data/CODES/sw4stm32_workbench/24-STM32F4_USB_VCP/CMSIS/device" -I"/media/data/CODES/sw4stm32_workbench/24-STM32F4_USB_VCP/CMSIS/core" -I"/media/data/CODES/sw4stm32_workbench/24-STM32F4_USB_VCP/StdPeriph_Driver/inc" -O0 -g3 -Wall -fmessage-length=0 -ffunction-sections -c -MMD -MP -MF"StdPeriph_Driver/src/stm32f4xx_hash.d" -MT"StdPeriph_Driver/src/stm32f4xx_hash.o" -o "StdPeriph_Driver/src/stm32f4xx_hash.o" "../StdPeriph_Driver/src/stm32f4xx_hash.c"
Finished building: ../StdPeriph_Driver/src/stm32f4xx_hash.c
 
Building file: ../StdPeriph_Driver/src/stm32f4xx_hash_md5.c
Invoking: MCU GCC Compiler
/media/data/CODES/sw4stm32_workbench/24-STM32F4_USB_VCP/Debug
arm-none-eabi-gcc -mcpu=cortex-m4 -mthumb -mfloat-abi=hard -mfpu=fpv4-sp-d16 -DSTM32F429ZITx -DSTM32F429I_DISC1 -DSTM32F4 -DSTM32 -DDEBUG -DUSE_STDPERIPH_DRIVER -DSTM32F429_439xx -I"/media/data/CODES/sw4stm32_workbench/24-STM32F4_USB_VCP/inc" -I"/media/data/CODES/sw4stm32_workbench/24-STM32F4_USB_VCP/ub_lib" -I"/media/data/CODES/sw4stm32_workbench/24-STM32F4_USB_VCP/ub_lib/usb_cdc_lolevel" -I"/media/data/CODES/sw4stm32_workbench/24-STM32F4_USB_VCP/CMSIS/device" -I"/media/data/CODES/sw4stm32_workbench/24-STM32F4_USB_VCP/CMSIS/core" -I"/media/data/CODES/sw4stm32_workbench/24-STM32F4_USB_VCP/StdPeriph_Driver/inc" -O0 -g3 -Wall -fmessage-length=0 -ffunction-sections -c -MMD -MP -MF"StdPeriph_Driver/src/stm32f4xx_hash_md5.d" -MT"StdPeriph_Driver/src/stm32f4xx_hash_md5.o" -o "StdPeriph_Driver/src/stm32f4xx_hash_md5.o" "../StdPeriph_Driver/src/stm32f4xx_hash_md5.c"
Finished building: ../StdPeriph_Driver/src/stm32f4xx_hash_md5.c
 
Building file: ../StdPeriph_Driver/src/stm32f4xx_hash_sha1.c
Invoking: MCU GCC Compiler
/media/data/CODES/sw4stm32_workbench/24-STM32F4_USB_VCP/Debug
arm-none-eabi-gcc -mcpu=cortex-m4 -mthumb -mfloat-abi=hard -mfpu=fpv4-sp-d16 -DSTM32F429ZITx -DSTM32F429I_DISC1 -DSTM32F4 -DSTM32 -DDEBUG -DUSE_STDPERIPH_DRIVER -DSTM32F429_439xx -I"/media/data/CODES/sw4stm32_workbench/24-STM32F4_USB_VCP/inc" -I"/media/data/CODES/sw4stm32_workbench/24-STM32F4_USB_VCP/ub_lib" -I"/media/data/CODES/sw4stm32_workbench/24-STM32F4_USB_VCP/ub_lib/usb_cdc_lolevel" -I"/media/data/CODES/sw4stm32_workbench/24-STM32F4_USB_VCP/CMSIS/device" -I"/media/data/CODES/sw4stm32_workbench/24-STM32F4_USB_VCP/CMSIS/core" -I"/media/data/CODES/sw4stm32_workbench/24-STM32F4_USB_VCP/StdPeriph_Driver/inc" -O0 -g3 -Wall -fmessage-length=0 -ffunction-sections -c -MMD -MP -MF"StdPeriph_Driver/src/stm32f4xx_hash_sha1.d" -MT"StdPeriph_Driver/src/stm32f4xx_hash_sha1.o" -o "StdPeriph_Driver/src/stm32f4xx_hash_sha1.o" "../StdPeriph_Driver/src/stm32f4xx_hash_sha1.c"
Finished building: ../StdPeriph_Driver/src/stm32f4xx_hash_sha1.c
 
Building file: ../StdPeriph_Driver/src/stm32f4xx_i2c.c
Invoking: MCU GCC Compiler
/media/data/CODES/sw4stm32_workbench/24-STM32F4_USB_VCP/Debug
arm-none-eabi-gcc -mcpu=cortex-m4 -mthumb -mfloat-abi=hard -mfpu=fpv4-sp-d16 -DSTM32F429ZITx -DSTM32F429I_DISC1 -DSTM32F4 -DSTM32 -DDEBUG -DUSE_STDPERIPH_DRIVER -DSTM32F429_439xx -I"/media/data/CODES/sw4stm32_workbench/24-STM32F4_USB_VCP/inc" -I"/media/data/CODES/sw4stm32_workbench/24-STM32F4_USB_VCP/ub_lib" -I"/media/data/CODES/sw4stm32_workbench/24-STM32F4_USB_VCP/ub_lib/usb_cdc_lolevel" -I"/media/data/CODES/sw4stm32_workbench/24-STM32F4_USB_VCP/CMSIS/device" -I"/media/data/CODES/sw4stm32_workbench/24-STM32F4_USB_VCP/CMSIS/core" -I"/media/data/CODES/sw4stm32_workbench/24-STM32F4_USB_VCP/StdPeriph_Driver/inc" -O0 -g3 -Wall -fmessage-length=0 -ffunction-sections -c -MMD -MP -MF"StdPeriph_Driver/src/stm32f4xx_i2c.d" -MT"StdPeriph_Driver/src/stm32f4xx_i2c.o" -o "StdPeriph_Driver/src/stm32f4xx_i2c.o" "../StdPeriph_Driver/src/stm32f4xx_i2c.c"
Finished building: ../StdPeriph_Driver/src/stm32f4xx_i2c.c
 
Building file: ../StdPeriph_Driver/src/stm32f4xx_iwdg.c
Invoking: MCU GCC Compiler
/media/data/CODES/sw4stm32_workbench/24-STM32F4_USB_VCP/Debug
arm-none-eabi-gcc -mcpu=cortex-m4 -mthumb -mfloat-abi=hard -mfpu=fpv4-sp-d16 -DSTM32F429ZITx -DSTM32F429I_DISC1 -DSTM32F4 -DSTM32 -DDEBUG -DUSE_STDPERIPH_DRIVER -DSTM32F429_439xx -I"/media/data/CODES/sw4stm32_workbench/24-STM32F4_USB_VCP/inc" -I"/media/data/CODES/sw4stm32_workbench/24-STM32F4_USB_VCP/ub_lib" -I"/media/data/CODES/sw4stm32_workbench/24-STM32F4_USB_VCP/ub_lib/usb_cdc_lolevel" -I"/media/data/CODES/sw4stm32_workbench/24-STM32F4_USB_VCP/CMSIS/device" -I"/media/data/CODES/sw4stm32_workbench/24-STM32F4_USB_VCP/CMSIS/core" -I"/media/data/CODES/sw4stm32_workbench/24-STM32F4_USB_VCP/StdPeriph_Driver/inc" -O0 -g3 -Wall -fmessage-length=0 -ffunction-sections -c -MMD -MP -MF"StdPeriph_Driver/src/stm32f4xx_iwdg.d" -MT"StdPeriph_Driver/src/stm32f4xx_iwdg.o" -o "StdPeriph_Driver/src/stm32f4xx_iwdg.o" "../StdPeriph_Driver/src/stm32f4xx_iwdg.c"
Finished building: ../StdPeriph_Driver/src/stm32f4xx_iwdg.c
 
Building file: ../StdPeriph_Driver/src/stm32f4xx_lptim.c
Invoking: MCU GCC Compiler
/media/data/CODES/sw4stm32_workbench/24-STM32F4_USB_VCP/Debug
arm-none-eabi-gcc -mcpu=cortex-m4 -mthumb -mfloat-abi=hard -mfpu=fpv4-sp-d16 -DSTM32F429ZITx -DSTM32F429I_DISC1 -DSTM32F4 -DSTM32 -DDEBUG -DUSE_STDPERIPH_DRIVER -DSTM32F429_439xx -I"/media/data/CODES/sw4stm32_workbench/24-STM32F4_USB_VCP/inc" -I"/media/data/CODES/sw4stm32_workbench/24-STM32F4_USB_VCP/ub_lib" -I"/media/data/CODES/sw4stm32_workbench/24-STM32F4_USB_VCP/ub_lib/usb_cdc_lolevel" -I"/media/data/CODES/sw4stm32_workbench/24-STM32F4_USB_VCP/CMSIS/device" -I"/media/data/CODES/sw4stm32_workbench/24-STM32F4_USB_VCP/CMSIS/core" -I"/media/data/CODES/sw4stm32_workbench/24-STM32F4_USB_VCP/StdPeriph_Driver/inc" -O0 -g3 -Wall -fmessage-length=0 -ffunction-sections -c -MMD -MP -MF"StdPeriph_Driver/src/stm32f4xx_lptim.d" -MT"StdPeriph_Driver/src/stm32f4xx_lptim.o" -o "StdPeriph_Driver/src/stm32f4xx_lptim.o" "../StdPeriph_Driver/src/stm32f4xx_lptim.c"
Finished building: ../StdPeriph_Driver/src/stm32f4xx_lptim.c
 
Building file: ../StdPeriph_Driver/src/stm32f4xx_ltdc.c
Invoking: MCU GCC Compiler
/media/data/CODES/sw4stm32_workbench/24-STM32F4_USB_VCP/Debug
arm-none-eabi-gcc -mcpu=cortex-m4 -mthumb -mfloat-abi=hard -mfpu=fpv4-sp-d16 -DSTM32F429ZITx -DSTM32F429I_DISC1 -DSTM32F4 -DSTM32 -DDEBUG -DUSE_STDPERIPH_DRIVER -DSTM32F429_439xx -I"/media/data/CODES/sw4stm32_workbench/24-STM32F4_USB_VCP/inc" -I"/media/data/CODES/sw4stm32_workbench/24-STM32F4_USB_VCP/ub_lib" -I"/media/data/CODES/sw4stm32_workbench/24-STM32F4_USB_VCP/ub_lib/usb_cdc_lolevel" -I"/media/data/CODES/sw4stm32_workbench/24-STM32F4_USB_VCP/CMSIS/device" -I"/media/data/CODES/sw4stm32_workbench/24-STM32F4_USB_VCP/CMSIS/core" -I"/media/data/CODES/sw4stm32_workbench/24-STM32F4_USB_VCP/StdPeriph_Driver/inc" -O0 -g3 -Wall -fmessage-length=0 -ffunction-sections -c -MMD -MP -MF"StdPeriph_Driver/src/stm32f4xx_ltdc.d" -MT"StdPeriph_Driver/src/stm32f4xx_ltdc.o" -o "StdPeriph_Driver/src/stm32f4xx_ltdc.o" "../StdPeriph_Driver/src/stm32f4xx_ltdc.c"
Finished building: ../StdPeriph_Driver/src/stm32f4xx_ltdc.c
 
Building file: ../StdPeriph_Driver/src/stm32f4xx_pwr.c
Invoking: MCU GCC Compiler
/media/data/CODES/sw4stm32_workbench/24-STM32F4_USB_VCP/Debug
arm-none-eabi-gcc -mcpu=cortex-m4 -mthumb -mfloat-abi=hard -mfpu=fpv4-sp-d16 -DSTM32F429ZITx -DSTM32F429I_DISC1 -DSTM32F4 -DSTM32 -DDEBUG -DUSE_STDPERIPH_DRIVER -DSTM32F429_439xx -I"/media/data/CODES/sw4stm32_workbench/24-STM32F4_USB_VCP/inc" -I"/media/data/CODES/sw4stm32_workbench/24-STM32F4_USB_VCP/ub_lib" -I"/media/data/CODES/sw4stm32_workbench/24-STM32F4_USB_VCP/ub_lib/usb_cdc_lolevel" -I"/media/data/CODES/sw4stm32_workbench/24-STM32F4_USB_VCP/CMSIS/device" -I"/media/data/CODES/sw4stm32_workbench/24-STM32F4_USB_VCP/CMSIS/core" -I"/media/data/CODES/sw4stm32_workbench/24-STM32F4_USB_VCP/StdPeriph_Driver/inc" -O0 -g3 -Wall -fmessage-length=0 -ffunction-sections -c -MMD -MP -MF"StdPeriph_Driver/src/stm32f4xx_pwr.d" -MT"StdPeriph_Driver/src/stm32f4xx_pwr.o" -o "StdPeriph_Driver/src/stm32f4xx_pwr.o" "../StdPeriph_Driver/src/stm32f4xx_pwr.c"
Finished building: ../StdPeriph_Driver/src/stm32f4xx_pwr.c
 
Building file: ../StdPeriph_Driver/src/stm32f4xx_qspi.c
Invoking: MCU GCC Compiler
/media/data/CODES/sw4stm32_workbench/24-STM32F4_USB_VCP/Debug
arm-none-eabi-gcc -mcpu=cortex-m4 -mthumb -mfloat-abi=hard -mfpu=fpv4-sp-d16 -DSTM32F429ZITx -DSTM32F429I_DISC1 -DSTM32F4 -DSTM32 -DDEBUG -DUSE_STDPERIPH_DRIVER -DSTM32F429_439xx -I"/media/data/CODES/sw4stm32_workbench/24-STM32F4_USB_VCP/inc" -I"/media/data/CODES/sw4stm32_workbench/24-STM32F4_USB_VCP/ub_lib" -I"/media/data/CODES/sw4stm32_workbench/24-STM32F4_USB_VCP/ub_lib/usb_cdc_lolevel" -I"/media/data/CODES/sw4stm32_workbench/24-STM32F4_USB_VCP/CMSIS/device" -I"/media/data/CODES/sw4stm32_workbench/24-STM32F4_USB_VCP/CMSIS/core" -I"/media/data/CODES/sw4stm32_workbench/24-STM32F4_USB_VCP/StdPeriph_Driver/inc" -O0 -g3 -Wall -fmessage-length=0 -ffunction-sections -c -MMD -MP -MF"StdPeriph_Driver/src/stm32f4xx_qspi.d" -MT"StdPeriph_Driver/src/stm32f4xx_qspi.o" -o "StdPeriph_Driver/src/stm32f4xx_qspi.o" "../StdPeriph_Driver/src/stm32f4xx_qspi.c"
Finished building: ../StdPeriph_Driver/src/stm32f4xx_qspi.c
 
Building file: ../StdPeriph_Driver/src/stm32f4xx_rcc.c
Invoking: MCU GCC Compiler
/media/data/CODES/sw4stm32_workbench/24-STM32F4_USB_VCP/Debug
arm-none-eabi-gcc -mcpu=cortex-m4 -mthumb -mfloat-abi=hard -mfpu=fpv4-sp-d16 -DSTM32F429ZITx -DSTM32F429I_DISC1 -DSTM32F4 -DSTM32 -DDEBUG -DUSE_STDPERIPH_DRIVER -DSTM32F429_439xx -I"/media/data/CODES/sw4stm32_workbench/24-STM32F4_USB_VCP/inc" -I"/media/data/CODES/sw4stm32_workbench/24-STM32F4_USB_VCP/ub_lib" -I"/media/data/CODES/sw4stm32_workbench/24-STM32F4_USB_VCP/ub_lib/usb_cdc_lolevel" -I"/media/data/CODES/sw4stm32_workbench/24-STM32F4_USB_VCP/CMSIS/device" -I"/media/data/CODES/sw4stm32_workbench/24-STM32F4_USB_VCP/CMSIS/core" -I"/media/data/CODES/sw4stm32_workbench/24-STM32F4_USB_VCP/StdPeriph_Driver/inc" -O0 -g3 -Wall -fmessage-length=0 -ffunction-sections -c -MMD -MP -MF"StdPeriph_Driver/src/stm32f4xx_rcc.d" -MT"StdPeriph_Driver/src/stm32f4xx_rcc.o" -o "StdPeriph_Driver/src/stm32f4xx_rcc.o" "../StdPeriph_Driver/src/stm32f4xx_rcc.c"
Finished building: ../StdPeriph_Driver/src/stm32f4xx_rcc.c
 
Building file: ../StdPeriph_Driver/src/stm32f4xx_rng.c
Invoking: MCU GCC Compiler
/media/data/CODES/sw4stm32_workbench/24-STM32F4_USB_VCP/Debug
arm-none-eabi-gcc -mcpu=cortex-m4 -mthumb -mfloat-abi=hard -mfpu=fpv4-sp-d16 -DSTM32F429ZITx -DSTM32F429I_DISC1 -DSTM32F4 -DSTM32 -DDEBUG -DUSE_STDPERIPH_DRIVER -DSTM32F429_439xx -I"/media/data/CODES/sw4stm32_workbench/24-STM32F4_USB_VCP/inc" -I"/media/data/CODES/sw4stm32_workbench/24-STM32F4_USB_VCP/ub_lib" -I"/media/data/CODES/sw4stm32_workbench/24-STM32F4_USB_VCP/ub_lib/usb_cdc_lolevel" -I"/media/data/CODES/sw4stm32_workbench/24-STM32F4_USB_VCP/CMSIS/device" -I"/media/data/CODES/sw4stm32_workbench/24-STM32F4_USB_VCP/CMSIS/core" -I"/media/data/CODES/sw4stm32_workbench/24-STM32F4_USB_VCP/StdPeriph_Driver/inc" -O0 -g3 -Wall -fmessage-length=0 -ffunction-sections -c -MMD -MP -MF"StdPeriph_Driver/src/stm32f4xx_rng.d" -MT"StdPeriph_Driver/src/stm32f4xx_rng.o" -o "StdPeriph_Driver/src/stm32f4xx_rng.o" "../StdPeriph_Driver/src/stm32f4xx_rng.c"
Finished building: ../StdPeriph_Driver/src/stm32f4xx_rng.c
 
Building file: ../StdPeriph_Driver/src/stm32f4xx_rtc.c
Invoking: MCU GCC Compiler
/media/data/CODES/sw4stm32_workbench/24-STM32F4_USB_VCP/Debug
arm-none-eabi-gcc -mcpu=cortex-m4 -mthumb -mfloat-abi=hard -mfpu=fpv4-sp-d16 -DSTM32F429ZITx -DSTM32F429I_DISC1 -DSTM32F4 -DSTM32 -DDEBUG -DUSE_STDPERIPH_DRIVER -DSTM32F429_439xx -I"/media/data/CODES/sw4stm32_workbench/24-STM32F4_USB_VCP/inc" -I"/media/data/CODES/sw4stm32_workbench/24-STM32F4_USB_VCP/ub_lib" -I"/media/data/CODES/sw4stm32_workbench/24-STM32F4_USB_VCP/ub_lib/usb_cdc_lolevel" -I"/media/data/CODES/sw4stm32_workbench/24-STM32F4_USB_VCP/CMSIS/device" -I"/media/data/CODES/sw4stm32_workbench/24-STM32F4_USB_VCP/CMSIS/core" -I"/media/data/CODES/sw4stm32_workbench/24-STM32F4_USB_VCP/StdPeriph_Driver/inc" -O0 -g3 -Wall -fmessage-length=0 -ffunction-sections -c -MMD -MP -MF"StdPeriph_Driver/src/stm32f4xx_rtc.d" -MT"StdPeriph_Driver/src/stm32f4xx_rtc.o" -o "StdPeriph_Driver/src/stm32f4xx_rtc.o" "../StdPeriph_Driver/src/stm32f4xx_rtc.c"
Finished building: ../StdPeriph_Driver/src/stm32f4xx_rtc.c
 
Building file: ../StdPeriph_Driver/src/stm32f4xx_sai.c
Invoking: MCU GCC Compiler
/media/data/CODES/sw4stm32_workbench/24-STM32F4_USB_VCP/Debug
arm-none-eabi-gcc -mcpu=cortex-m4 -mthumb -mfloat-abi=hard -mfpu=fpv4-sp-d16 -DSTM32F429ZITx -DSTM32F429I_DISC1 -DSTM32F4 -DSTM32 -DDEBUG -DUSE_STDPERIPH_DRIVER -DSTM32F429_439xx -I"/media/data/CODES/sw4stm32_workbench/24-STM32F4_USB_VCP/inc" -I"/media/data/CODES/sw4stm32_workbench/24-STM32F4_USB_VCP/ub_lib" -I"/media/data/CODES/sw4stm32_workbench/24-STM32F4_USB_VCP/ub_lib/usb_cdc_lolevel" -I"/media/data/CODES/sw4stm32_workbench/24-STM32F4_USB_VCP/CMSIS/device" -I"/media/data/CODES/sw4stm32_workbench/24-STM32F4_USB_VCP/CMSIS/core" -I"/media/data/CODES/sw4stm32_workbench/24-STM32F4_USB_VCP/StdPeriph_Driver/inc" -O0 -g3 -Wall -fmessage-length=0 -ffunction-sections -c -MMD -MP -MF"StdPeriph_Driver/src/stm32f4xx_sai.d" -MT"StdPeriph_Driver/src/stm32f4xx_sai.o" -o "StdPeriph_Driver/src/stm32f4xx_sai.o" "../StdPeriph_Driver/src/stm32f4xx_sai.c"
Finished building: ../StdPeriph_Driver/src/stm32f4xx_sai.c
 
Building file: ../StdPeriph_Driver/src/stm32f4xx_sdio.c
Invoking: MCU GCC Compiler
/media/data/CODES/sw4stm32_workbench/24-STM32F4_USB_VCP/Debug
arm-none-eabi-gcc -mcpu=cortex-m4 -mthumb -mfloat-abi=hard -mfpu=fpv4-sp-d16 -DSTM32F429ZITx -DSTM32F429I_DISC1 -DSTM32F4 -DSTM32 -DDEBUG -DUSE_STDPERIPH_DRIVER -DSTM32F429_439xx -I"/media/data/CODES/sw4stm32_workbench/24-STM32F4_USB_VCP/inc" -I"/media/data/CODES/sw4stm32_workbench/24-STM32F4_USB_VCP/ub_lib" -I"/media/data/CODES/sw4stm32_workbench/24-STM32F4_USB_VCP/ub_lib/usb_cdc_lolevel" -I"/media/data/CODES/sw4stm32_workbench/24-STM32F4_USB_VCP/CMSIS/device" -I"/media/data/CODES/sw4stm32_workbench/24-STM32F4_USB_VCP/CMSIS/core" -I"/media/data/CODES/sw4stm32_workbench/24-STM32F4_USB_VCP/StdPeriph_Driver/inc" -O0 -g3 -Wall -fmessage-length=0 -ffunction-sections -c -MMD -MP -MF"StdPeriph_Driver/src/stm32f4xx_sdio.d" -MT"StdPeriph_Driver/src/stm32f4xx_sdio.o" -o "StdPeriph_Driver/src/stm32f4xx_sdio.o" "../StdPeriph_Driver/src/stm32f4xx_sdio.c"
Finished building: ../StdPeriph_Driver/src/stm32f4xx_sdio.c
 
Building file: ../StdPeriph_Driver/src/stm32f4xx_spdifrx.c
Invoking: MCU GCC Compiler
/media/data/CODES/sw4stm32_workbench/24-STM32F4_USB_VCP/Debug
arm-none-eabi-gcc -mcpu=cortex-m4 -mthumb -mfloat-abi=hard -mfpu=fpv4-sp-d16 -DSTM32F429ZITx -DSTM32F429I_DISC1 -DSTM32F4 -DSTM32 -DDEBUG -DUSE_STDPERIPH_DRIVER -DSTM32F429_439xx -I"/media/data/CODES/sw4stm32_workbench/24-STM32F4_USB_VCP/inc" -I"/media/data/CODES/sw4stm32_workbench/24-STM32F4_USB_VCP/ub_lib" -I"/media/data/CODES/sw4stm32_workbench/24-STM32F4_USB_VCP/ub_lib/usb_cdc_lolevel" -I"/media/data/CODES/sw4stm32_workbench/24-STM32F4_USB_VCP/CMSIS/device" -I"/media/data/CODES/sw4stm32_workbench/24-STM32F4_USB_VCP/CMSIS/core" -I"/media/data/CODES/sw4stm32_workbench/24-STM32F4_USB_VCP/StdPeriph_Driver/inc" -O0 -g3 -Wall -fmessage-length=0 -ffunction-sections -c -MMD -MP -MF"StdPeriph_Driver/src/stm32f4xx_spdifrx.d" -MT"StdPeriph_Driver/src/stm32f4xx_spdifrx.o" -o "StdPeriph_Driver/src/stm32f4xx_spdifrx.o" "../StdPeriph_Driver/src/stm32f4xx_spdifrx.c"
Finished building: ../StdPeriph_Driver/src/stm32f4xx_spdifrx.c
 
Building file: ../StdPeriph_Driver/src/stm32f4xx_spi.c
Invoking: MCU GCC Compiler
/media/data/CODES/sw4stm32_workbench/24-STM32F4_USB_VCP/Debug
arm-none-eabi-gcc -mcpu=cortex-m4 -mthumb -mfloat-abi=hard -mfpu=fpv4-sp-d16 -DSTM32F429ZITx -DSTM32F429I_DISC1 -DSTM32F4 -DSTM32 -DDEBUG -DUSE_STDPERIPH_DRIVER -DSTM32F429_439xx -I"/media/data/CODES/sw4stm32_workbench/24-STM32F4_USB_VCP/inc" -I"/media/data/CODES/sw4stm32_workbench/24-STM32F4_USB_VCP/ub_lib" -I"/media/data/CODES/sw4stm32_workbench/24-STM32F4_USB_VCP/ub_lib/usb_cdc_lolevel" -I"/media/data/CODES/sw4stm32_workbench/24-STM32F4_USB_VCP/CMSIS/device" -I"/media/data/CODES/sw4stm32_workbench/24-STM32F4_USB_VCP/CMSIS/core" -I"/media/data/CODES/sw4stm32_workbench/24-STM32F4_USB_VCP/StdPeriph_Driver/inc" -O0 -g3 -Wall -fmessage-length=0 -ffunction-sections -c -MMD -MP -MF"StdPeriph_Driver/src/stm32f4xx_spi.d" -MT"StdPeriph_Driver/src/stm32f4xx_spi.o" -o "StdPeriph_Driver/src/stm32f4xx_spi.o" "../StdPeriph_Driver/src/stm32f4xx_spi.c"
Finished building: ../StdPeriph_Driver/src/stm32f4xx_spi.c
 
Building file: ../StdPeriph_Driver/src/stm32f4xx_syscfg.c
Invoking: MCU GCC Compiler
/media/data/CODES/sw4stm32_workbench/24-STM32F4_USB_VCP/Debug
arm-none-eabi-gcc -mcpu=cortex-m4 -mthumb -mfloat-abi=hard -mfpu=fpv4-sp-d16 -DSTM32F429ZITx -DSTM32F429I_DISC1 -DSTM32F4 -DSTM32 -DDEBUG -DUSE_STDPERIPH_DRIVER -DSTM32F429_439xx -I"/media/data/CODES/sw4stm32_workbench/24-STM32F4_USB_VCP/inc" -I"/media/data/CODES/sw4stm32_workbench/24-STM32F4_USB_VCP/ub_lib" -I"/media/data/CODES/sw4stm32_workbench/24-STM32F4_USB_VCP/ub_lib/usb_cdc_lolevel" -I"/media/data/CODES/sw4stm32_workbench/24-STM32F4_USB_VCP/CMSIS/device" -I"/media/data/CODES/sw4stm32_workbench/24-STM32F4_USB_VCP/CMSIS/core" -I"/media/data/CODES/sw4stm32_workbench/24-STM32F4_USB_VCP/StdPeriph_Driver/inc" -O0 -g3 -Wall -fmessage-length=0 -ffunction-sections -c -MMD -MP -MF"StdPeriph_Driver/src/stm32f4xx_syscfg.d" -MT"StdPeriph_Driver/src/stm32f4xx_syscfg.o" -o "StdPeriph_Driver/src/stm32f4xx_syscfg.o" "../StdPeriph_Driver/src/stm32f4xx_syscfg.c"
Finished building: ../StdPeriph_Driver/src/stm32f4xx_syscfg.c
 
Building file: ../StdPeriph_Driver/src/stm32f4xx_tim.c
Invoking: MCU GCC Compiler
/media/data/CODES/sw4stm32_workbench/24-STM32F4_USB_VCP/Debug
arm-none-eabi-gcc -mcpu=cortex-m4 -mthumb -mfloat-abi=hard -mfpu=fpv4-sp-d16 -DSTM32F429ZITx -DSTM32F429I_DISC1 -DSTM32F4 -DSTM32 -DDEBUG -DUSE_STDPERIPH_DRIVER -DSTM32F429_439xx -I"/media/data/CODES/sw4stm32_workbench/24-STM32F4_USB_VCP/inc" -I"/media/data/CODES/sw4stm32_workbench/24-STM32F4_USB_VCP/ub_lib" -I"/media/data/CODES/sw4stm32_workbench/24-STM32F4_USB_VCP/ub_lib/usb_cdc_lolevel" -I"/media/data/CODES/sw4stm32_workbench/24-STM32F4_USB_VCP/CMSIS/device" -I"/media/data/CODES/sw4stm32_workbench/24-STM32F4_USB_VCP/CMSIS/core" -I"/media/data/CODES/sw4stm32_workbench/24-STM32F4_USB_VCP/StdPeriph_Driver/inc" -O0 -g3 -Wall -fmessage-length=0 -ffunction-sections -c -MMD -MP -MF"StdPeriph_Driver/src/stm32f4xx_tim.d" -MT"StdPeriph_Driver/src/stm32f4xx_tim.o" -o "StdPeriph_Driver/src/stm32f4xx_tim.o" "../StdPeriph_Driver/src/stm32f4xx_tim.c"
Finished building: ../StdPeriph_Driver/src/stm32f4xx_tim.c
 
Building file: ../StdPeriph_Driver/src/stm32f4xx_usart.c
Invoking: MCU GCC Compiler
/media/data/CODES/sw4stm32_workbench/24-STM32F4_USB_VCP/Debug
arm-none-eabi-gcc -mcpu=cortex-m4 -mthumb -mfloat-abi=hard -mfpu=fpv4-sp-d16 -DSTM32F429ZITx -DSTM32F429I_DISC1 -DSTM32F4 -DSTM32 -DDEBUG -DUSE_STDPERIPH_DRIVER -DSTM32F429_439xx -I"/media/data/CODES/sw4stm32_workbench/24-STM32F4_USB_VCP/inc" -I"/media/data/CODES/sw4stm32_workbench/24-STM32F4_USB_VCP/ub_lib" -I"/media/data/CODES/sw4stm32_workbench/24-STM32F4_USB_VCP/ub_lib/usb_cdc_lolevel" -I"/media/data/CODES/sw4stm32_workbench/24-STM32F4_USB_VCP/CMSIS/device" -I"/media/data/CODES/sw4stm32_workbench/24-STM32F4_USB_VCP/CMSIS/core" -I"/media/data/CODES/sw4stm32_workbench/24-STM32F4_USB_VCP/StdPeriph_Driver/inc" -O0 -g3 -Wall -fmessage-length=0 -ffunction-sections -c -MMD -MP -MF"StdPeriph_Driver/src/stm32f4xx_usart.d" -MT"StdPeriph_Driver/src/stm32f4xx_usart.o" -o "StdPeriph_Driver/src/stm32f4xx_usart.o" "../StdPeriph_Driver/src/stm32f4xx_usart.c"
Finished building: ../StdPeriph_Driver/src/stm32f4xx_usart.c
 
Building file: ../StdPeriph_Driver/src/stm32f4xx_wwdg.c
Invoking: MCU GCC Compiler
/media/data/CODES/sw4stm32_workbench/24-STM32F4_USB_VCP/Debug
arm-none-eabi-gcc -mcpu=cortex-m4 -mthumb -mfloat-abi=hard -mfpu=fpv4-sp-d16 -DSTM32F429ZITx -DSTM32F429I_DISC1 -DSTM32F4 -DSTM32 -DDEBUG -DUSE_STDPERIPH_DRIVER -DSTM32F429_439xx -I"/media/data/CODES/sw4stm32_workbench/24-STM32F4_USB_VCP/inc" -I"/media/data/CODES/sw4stm32_workbench/24-STM32F4_USB_VCP/ub_lib" -I"/media/data/CODES/sw4stm32_workbench/24-STM32F4_USB_VCP/ub_lib/usb_cdc_lolevel" -I"/media/data/CODES/sw4stm32_workbench/24-STM32F4_USB_VCP/CMSIS/device" -I"/media/data/CODES/sw4stm32_workbench/24-STM32F4_USB_VCP/CMSIS/core" -I"/media/data/CODES/sw4stm32_workbench/24-STM32F4_USB_VCP/StdPeriph_Driver/inc" -O0 -g3 -Wall -fmessage-length=0 -ffunction-sections -c -MMD -MP -MF"StdPeriph_Driver/src/stm32f4xx_wwdg.d" -MT"StdPeriph_Driver/src/stm32f4xx_wwdg.o" -o "StdPeriph_Driver/src/stm32f4xx_wwdg.o" "../StdPeriph_Driver/src/stm32f4xx_wwdg.c"
Finished building: ../StdPeriph_Driver/src/stm32f4xx_wwdg.c
 
Building target: 24-STM32F4_USB_VCP.elf
Invoking: MCU GCC Linker
arm-none-eabi-gcc -mcpu=cortex-m4 -mthumb -mfloat-abi=hard -mfpu=fpv4-sp-d16 -T"/media/data/CODES/sw4stm32_workbench/24-STM32F4_USB_VCP/LinkerScript.ld" -Wl,-Map=output.map -Wl,--gc-sections -lm -o "24-STM32F4_USB_VCP.elf" @"objects.list"  
Finished building target: 24-STM32F4_USB_VCP.elf
 
make --no-print-directory post-build
Generating binary and Printing size information:
arm-none-eabi-objcopy -O binary "24-STM32F4_USB_VCP.elf" "24-STM32F4_USB_VCP.bin"
arm-none-eabi-size "24-STM32F4_USB_VCP.elf"
   text	   data	    bss	    dec	    hex	filename
  13140	   1388	   5040	  19568	   4c70	24-STM32F4_USB_VCP.elf
 

02:11:43 Build Finished (took 9s.233ms)

