22:08:56 **** Build of configuration Debug for project 20-STM32F4_PRJ_GALVO_v2 ****
make all 
Building file: /media/data/CODES/sw4stm32_workbench/00-STM32F4_LIBRARY_MDB/TM/tm_stm32f4_pwm.c
Invoking: MCU GCC Compiler
/media/data/CODES/sw4stm32_workbench/20-STM32F4_PRJ_GALVO_v2/Debug
arm-none-eabi-gcc -mcpu=cortex-m4 -mthumb -mfloat-abi=hard -mfpu=fpv4-sp-d16 -std=c11 -DSTM32F429ZITx -DSTM32F429ZI -D__FPU_PRESENT=1 -DARM_MATH_CM4 -DSTM32F429I_DISC1 -DSTM32F4 -DSTM32 -DDEBUG -DUSE_STDPERIPH_DRIVER -DSTM32F429_439xx -UKEIL_IDE -UNO_FPU -I"/media/data/CODES/sw4stm32_workbench/20-STM32F4_PRJ_GALVO_v2/inc" -I"/media/data/CODES/sw4stm32_workbench/00-STM32F4_LIBRARY_MDB" -I"/media/data/CODES/sw4stm32_workbench/00-STM32F4_LIBRARY_MDB/TM" -I"/media/data/CODES/sw4stm32_workbench/20-STM32F4_PRJ_GALVO_v2/CMSIS/device" -I"/media/data/CODES/sw4stm32_workbench/20-STM32F4_PRJ_GALVO_v2/CMSIS/core" -I"/media/data/CODES/sw4stm32_workbench/20-STM32F4_PRJ_GALVO_v2/StdPeriph_Driver/inc" -O0 -g3 -Wall -fmessage-length=0 -ffunction-sections -c -MMD -MP -MF"src/00-STM32F4_LIBRARY_MDB/TM/tm_stm32f4_pwm.d" -MT"src/00-STM32F4_LIBRARY_MDB/TM/tm_stm32f4_pwm.o" -o "src/00-STM32F4_LIBRARY_MDB/TM/tm_stm32f4_pwm.o" "/media/data/CODES/sw4stm32_workbench/00-STM32F4_LIBRARY_MDB/TM/tm_stm32f4_pwm.c"
Finished building: /media/data/CODES/sw4stm32_workbench/00-STM32F4_LIBRARY_MDB/TM/tm_stm32f4_pwm.c
 
Building file: /media/data/CODES/sw4stm32_workbench/00-STM32F4_LIBRARY_MDB/TM/tm_stm32f4_usart.c
Invoking: MCU GCC Compiler
/media/data/CODES/sw4stm32_workbench/20-STM32F4_PRJ_GALVO_v2/Debug
arm-none-eabi-gcc -mcpu=cortex-m4 -mthumb -mfloat-abi=hard -mfpu=fpv4-sp-d16 -std=c11 -DSTM32F429ZITx -DSTM32F429ZI -D__FPU_PRESENT=1 -DARM_MATH_CM4 -DSTM32F429I_DISC1 -DSTM32F4 -DSTM32 -DDEBUG -DUSE_STDPERIPH_DRIVER -DSTM32F429_439xx -UKEIL_IDE -UNO_FPU -I"/media/data/CODES/sw4stm32_workbench/20-STM32F4_PRJ_GALVO_v2/inc" -I"/media/data/CODES/sw4stm32_workbench/00-STM32F4_LIBRARY_MDB" -I"/media/data/CODES/sw4stm32_workbench/00-STM32F4_LIBRARY_MDB/TM" -I"/media/data/CODES/sw4stm32_workbench/20-STM32F4_PRJ_GALVO_v2/CMSIS/device" -I"/media/data/CODES/sw4stm32_workbench/20-STM32F4_PRJ_GALVO_v2/CMSIS/core" -I"/media/data/CODES/sw4stm32_workbench/20-STM32F4_PRJ_GALVO_v2/StdPeriph_Driver/inc" -O0 -g3 -Wall -fmessage-length=0 -ffunction-sections -c -MMD -MP -MF"src/00-STM32F4_LIBRARY_MDB/TM/tm_stm32f4_usart.d" -MT"src/00-STM32F4_LIBRARY_MDB/TM/tm_stm32f4_usart.o" -o "src/00-STM32F4_LIBRARY_MDB/TM/tm_stm32f4_usart.o" "/media/data/CODES/sw4stm32_workbench/00-STM32F4_LIBRARY_MDB/TM/tm_stm32f4_usart.c"
Finished building: /media/data/CODES/sw4stm32_workbench/00-STM32F4_LIBRARY_MDB/TM/tm_stm32f4_usart.c
 
Building file: /media/data/CODES/sw4stm32_workbench/00-STM32F4_LIBRARY_MDB/md_stm32f4_dac.c
Invoking: MCU GCC Compiler
/media/data/CODES/sw4stm32_workbench/20-STM32F4_PRJ_GALVO_v2/Debug
arm-none-eabi-gcc -mcpu=cortex-m4 -mthumb -mfloat-abi=hard -mfpu=fpv4-sp-d16 -std=c11 -DSTM32F429ZITx -DSTM32F429ZI -D__FPU_PRESENT=1 -DARM_MATH_CM4 -DSTM32F429I_DISC1 -DSTM32F4 -DSTM32 -DDEBUG -DUSE_STDPERIPH_DRIVER -DSTM32F429_439xx -UKEIL_IDE -UNO_FPU -I"/media/data/CODES/sw4stm32_workbench/20-STM32F4_PRJ_GALVO_v2/inc" -I"/media/data/CODES/sw4stm32_workbench/00-STM32F4_LIBRARY_MDB" -I"/media/data/CODES/sw4stm32_workbench/00-STM32F4_LIBRARY_MDB/TM" -I"/media/data/CODES/sw4stm32_workbench/20-STM32F4_PRJ_GALVO_v2/CMSIS/device" -I"/media/data/CODES/sw4stm32_workbench/20-STM32F4_PRJ_GALVO_v2/CMSIS/core" -I"/media/data/CODES/sw4stm32_workbench/20-STM32F4_PRJ_GALVO_v2/StdPeriph_Driver/inc" -O0 -g3 -Wall -fmessage-length=0 -ffunction-sections -c -MMD -MP -MF"src/00-STM32F4_LIBRARY_MDB/md_stm32f4_dac.d" -MT"src/00-STM32F4_LIBRARY_MDB/md_stm32f4_dac.o" -o "src/00-STM32F4_LIBRARY_MDB/md_stm32f4_dac.o" "/media/data/CODES/sw4stm32_workbench/00-STM32F4_LIBRARY_MDB/md_stm32f4_dac.c"
Finished building: /media/data/CODES/sw4stm32_workbench/00-STM32F4_LIBRARY_MDB/md_stm32f4_dac.c
 
Building file: /media/data/CODES/sw4stm32_workbench/00-STM32F4_LIBRARY_MDB/md_stm32f4_dac_waveform.c
Invoking: MCU GCC Compiler
/media/data/CODES/sw4stm32_workbench/20-STM32F4_PRJ_GALVO_v2/Debug
arm-none-eabi-gcc -mcpu=cortex-m4 -mthumb -mfloat-abi=hard -mfpu=fpv4-sp-d16 -std=c11 -DSTM32F429ZITx -DSTM32F429ZI -D__FPU_PRESENT=1 -DARM_MATH_CM4 -DSTM32F429I_DISC1 -DSTM32F4 -DSTM32 -DDEBUG -DUSE_STDPERIPH_DRIVER -DSTM32F429_439xx -UKEIL_IDE -UNO_FPU -I"/media/data/CODES/sw4stm32_workbench/20-STM32F4_PRJ_GALVO_v2/inc" -I"/media/data/CODES/sw4stm32_workbench/00-STM32F4_LIBRARY_MDB" -I"/media/data/CODES/sw4stm32_workbench/00-STM32F4_LIBRARY_MDB/TM" -I"/media/data/CODES/sw4stm32_workbench/20-STM32F4_PRJ_GALVO_v2/CMSIS/device" -I"/media/data/CODES/sw4stm32_workbench/20-STM32F4_PRJ_GALVO_v2/CMSIS/core" -I"/media/data/CODES/sw4stm32_workbench/20-STM32F4_PRJ_GALVO_v2/StdPeriph_Driver/inc" -O0 -g3 -Wall -fmessage-length=0 -ffunction-sections -c -MMD -MP -MF"src/00-STM32F4_LIBRARY_MDB/md_stm32f4_dac_waveform.d" -MT"src/00-STM32F4_LIBRARY_MDB/md_stm32f4_dac_waveform.o" -o "src/00-STM32F4_LIBRARY_MDB/md_stm32f4_dac_waveform.o" "/media/data/CODES/sw4stm32_workbench/00-STM32F4_LIBRARY_MDB/md_stm32f4_dac_waveform.c"
Finished building: /media/data/CODES/sw4stm32_workbench/00-STM32F4_LIBRARY_MDB/md_stm32f4_dac_waveform.c
 
Building file: /media/data/CODES/sw4stm32_workbench/00-STM32F4_LIBRARY_MDB/md_stm32f4_delay.c
Invoking: MCU GCC Compiler
/media/data/CODES/sw4stm32_workbench/20-STM32F4_PRJ_GALVO_v2/Debug
arm-none-eabi-gcc -mcpu=cortex-m4 -mthumb -mfloat-abi=hard -mfpu=fpv4-sp-d16 -std=c11 -DSTM32F429ZITx -DSTM32F429ZI -D__FPU_PRESENT=1 -DARM_MATH_CM4 -DSTM32F429I_DISC1 -DSTM32F4 -DSTM32 -DDEBUG -DUSE_STDPERIPH_DRIVER -DSTM32F429_439xx -UKEIL_IDE -UNO_FPU -I"/media/data/CODES/sw4stm32_workbench/20-STM32F4_PRJ_GALVO_v2/inc" -I"/media/data/CODES/sw4stm32_workbench/00-STM32F4_LIBRARY_MDB" -I"/media/data/CODES/sw4stm32_workbench/00-STM32F4_LIBRARY_MDB/TM" -I"/media/data/CODES/sw4stm32_workbench/20-STM32F4_PRJ_GALVO_v2/CMSIS/device" -I"/media/data/CODES/sw4stm32_workbench/20-STM32F4_PRJ_GALVO_v2/CMSIS/core" -I"/media/data/CODES/sw4stm32_workbench/20-STM32F4_PRJ_GALVO_v2/StdPeriph_Driver/inc" -O0 -g3 -Wall -fmessage-length=0 -ffunction-sections -c -MMD -MP -MF"src/00-STM32F4_LIBRARY_MDB/md_stm32f4_delay.d" -MT"src/00-STM32F4_LIBRARY_MDB/md_stm32f4_delay.o" -o "src/00-STM32F4_LIBRARY_MDB/md_stm32f4_delay.o" "/media/data/CODES/sw4stm32_workbench/00-STM32F4_LIBRARY_MDB/md_stm32f4_delay.c"
Finished building: /media/data/CODES/sw4stm32_workbench/00-STM32F4_LIBRARY_MDB/md_stm32f4_delay.c
 
Building file: /media/data/CODES/sw4stm32_workbench/00-STM32F4_LIBRARY_MDB/md_stm32f4_disco.c
Invoking: MCU GCC Compiler
/media/data/CODES/sw4stm32_workbench/20-STM32F4_PRJ_GALVO_v2/Debug
arm-none-eabi-gcc -mcpu=cortex-m4 -mthumb -mfloat-abi=hard -mfpu=fpv4-sp-d16 -std=c11 -DSTM32F429ZITx -DSTM32F429ZI -D__FPU_PRESENT=1 -DARM_MATH_CM4 -DSTM32F429I_DISC1 -DSTM32F4 -DSTM32 -DDEBUG -DUSE_STDPERIPH_DRIVER -DSTM32F429_439xx -UKEIL_IDE -UNO_FPU -I"/media/data/CODES/sw4stm32_workbench/20-STM32F4_PRJ_GALVO_v2/inc" -I"/media/data/CODES/sw4stm32_workbench/00-STM32F4_LIBRARY_MDB" -I"/media/data/CODES/sw4stm32_workbench/00-STM32F4_LIBRARY_MDB/TM" -I"/media/data/CODES/sw4stm32_workbench/20-STM32F4_PRJ_GALVO_v2/CMSIS/device" -I"/media/data/CODES/sw4stm32_workbench/20-STM32F4_PRJ_GALVO_v2/CMSIS/core" -I"/media/data/CODES/sw4stm32_workbench/20-STM32F4_PRJ_GALVO_v2/StdPeriph_Driver/inc" -O0 -g3 -Wall -fmessage-length=0 -ffunction-sections -c -MMD -MP -MF"src/00-STM32F4_LIBRARY_MDB/md_stm32f4_disco.d" -MT"src/00-STM32F4_LIBRARY_MDB/md_stm32f4_disco.o" -o "src/00-STM32F4_LIBRARY_MDB/md_stm32f4_disco.o" "/media/data/CODES/sw4stm32_workbench/00-STM32F4_LIBRARY_MDB/md_stm32f4_disco.c"
Finished building: /media/data/CODES/sw4stm32_workbench/00-STM32F4_LIBRARY_MDB/md_stm32f4_disco.c
 
Building file: /media/data/CODES/sw4stm32_workbench/00-STM32F4_LIBRARY_MDB/md_stm32f4_gpio.c
Invoking: MCU GCC Compiler
/media/data/CODES/sw4stm32_workbench/20-STM32F4_PRJ_GALVO_v2/Debug
arm-none-eabi-gcc -mcpu=cortex-m4 -mthumb -mfloat-abi=hard -mfpu=fpv4-sp-d16 -std=c11 -DSTM32F429ZITx -DSTM32F429ZI -D__FPU_PRESENT=1 -DARM_MATH_CM4 -DSTM32F429I_DISC1 -DSTM32F4 -DSTM32 -DDEBUG -DUSE_STDPERIPH_DRIVER -DSTM32F429_439xx -UKEIL_IDE -UNO_FPU -I"/media/data/CODES/sw4stm32_workbench/20-STM32F4_PRJ_GALVO_v2/inc" -I"/media/data/CODES/sw4stm32_workbench/00-STM32F4_LIBRARY_MDB" -I"/media/data/CODES/sw4stm32_workbench/00-STM32F4_LIBRARY_MDB/TM" -I"/media/data/CODES/sw4stm32_workbench/20-STM32F4_PRJ_GALVO_v2/CMSIS/device" -I"/media/data/CODES/sw4stm32_workbench/20-STM32F4_PRJ_GALVO_v2/CMSIS/core" -I"/media/data/CODES/sw4stm32_workbench/20-STM32F4_PRJ_GALVO_v2/StdPeriph_Driver/inc" -O0 -g3 -Wall -fmessage-length=0 -ffunction-sections -c -MMD -MP -MF"src/00-STM32F4_LIBRARY_MDB/md_stm32f4_gpio.d" -MT"src/00-STM32F4_LIBRARY_MDB/md_stm32f4_gpio.o" -o "src/00-STM32F4_LIBRARY_MDB/md_stm32f4_gpio.o" "/media/data/CODES/sw4stm32_workbench/00-STM32F4_LIBRARY_MDB/md_stm32f4_gpio.c"
Finished building: /media/data/CODES/sw4stm32_workbench/00-STM32F4_LIBRARY_MDB/md_stm32f4_gpio.c
 
Building file: /media/data/CODES/sw4stm32_workbench/00-STM32F4_LIBRARY_MDB/md_stm32f4_timer.c
Invoking: MCU GCC Compiler
/media/data/CODES/sw4stm32_workbench/20-STM32F4_PRJ_GALVO_v2/Debug
arm-none-eabi-gcc -mcpu=cortex-m4 -mthumb -mfloat-abi=hard -mfpu=fpv4-sp-d16 -std=c11 -DSTM32F429ZITx -DSTM32F429ZI -D__FPU_PRESENT=1 -DARM_MATH_CM4 -DSTM32F429I_DISC1 -DSTM32F4 -DSTM32 -DDEBUG -DUSE_STDPERIPH_DRIVER -DSTM32F429_439xx -UKEIL_IDE -UNO_FPU -I"/media/data/CODES/sw4stm32_workbench/20-STM32F4_PRJ_GALVO_v2/inc" -I"/media/data/CODES/sw4stm32_workbench/00-STM32F4_LIBRARY_MDB" -I"/media/data/CODES/sw4stm32_workbench/00-STM32F4_LIBRARY_MDB/TM" -I"/media/data/CODES/sw4stm32_workbench/20-STM32F4_PRJ_GALVO_v2/CMSIS/device" -I"/media/data/CODES/sw4stm32_workbench/20-STM32F4_PRJ_GALVO_v2/CMSIS/core" -I"/media/data/CODES/sw4stm32_workbench/20-STM32F4_PRJ_GALVO_v2/StdPeriph_Driver/inc" -O0 -g3 -Wall -fmessage-length=0 -ffunction-sections -c -MMD -MP -MF"src/00-STM32F4_LIBRARY_MDB/md_stm32f4_timer.d" -MT"src/00-STM32F4_LIBRARY_MDB/md_stm32f4_timer.o" -o "src/00-STM32F4_LIBRARY_MDB/md_stm32f4_timer.o" "/media/data/CODES/sw4stm32_workbench/00-STM32F4_LIBRARY_MDB/md_stm32f4_timer.c"
Finished building: /media/data/CODES/sw4stm32_workbench/00-STM32F4_LIBRARY_MDB/md_stm32f4_timer.c
 
Building file: ../src/actuators.c
Invoking: MCU GCC Compiler
/media/data/CODES/sw4stm32_workbench/20-STM32F4_PRJ_GALVO_v2/Debug
arm-none-eabi-gcc -mcpu=cortex-m4 -mthumb -mfloat-abi=hard -mfpu=fpv4-sp-d16 -std=c11 -DSTM32F429ZITx -DSTM32F429ZI -D__FPU_PRESENT=1 -DARM_MATH_CM4 -DSTM32F429I_DISC1 -DSTM32F4 -DSTM32 -DDEBUG -DUSE_STDPERIPH_DRIVER -DSTM32F429_439xx -UKEIL_IDE -UNO_FPU -I"/media/data/CODES/sw4stm32_workbench/20-STM32F4_PRJ_GALVO_v2/inc" -I"/media/data/CODES/sw4stm32_workbench/00-STM32F4_LIBRARY_MDB" -I"/media/data/CODES/sw4stm32_workbench/00-STM32F4_LIBRARY_MDB/TM" -I"/media/data/CODES/sw4stm32_workbench/20-STM32F4_PRJ_GALVO_v2/CMSIS/device" -I"/media/data/CODES/sw4stm32_workbench/20-STM32F4_PRJ_GALVO_v2/CMSIS/core" -I"/media/data/CODES/sw4stm32_workbench/20-STM32F4_PRJ_GALVO_v2/StdPeriph_Driver/inc" -O0 -g3 -Wall -fmessage-length=0 -ffunction-sections -c -MMD -MP -MF"src/actuators.d" -MT"src/actuators.o" -o "src/actuators.o" "../src/actuators.c"
Finished building: ../src/actuators.c
 
Building file: ../src/adc_dac_dma.c
Invoking: MCU GCC Compiler
/media/data/CODES/sw4stm32_workbench/20-STM32F4_PRJ_GALVO_v2/Debug
arm-none-eabi-gcc -mcpu=cortex-m4 -mthumb -mfloat-abi=hard -mfpu=fpv4-sp-d16 -std=c11 -DSTM32F429ZITx -DSTM32F429ZI -D__FPU_PRESENT=1 -DARM_MATH_CM4 -DSTM32F429I_DISC1 -DSTM32F4 -DSTM32 -DDEBUG -DUSE_STDPERIPH_DRIVER -DSTM32F429_439xx -UKEIL_IDE -UNO_FPU -I"/media/data/CODES/sw4stm32_workbench/20-STM32F4_PRJ_GALVO_v2/inc" -I"/media/data/CODES/sw4stm32_workbench/00-STM32F4_LIBRARY_MDB" -I"/media/data/CODES/sw4stm32_workbench/00-STM32F4_LIBRARY_MDB/TM" -I"/media/data/CODES/sw4stm32_workbench/20-STM32F4_PRJ_GALVO_v2/CMSIS/device" -I"/media/data/CODES/sw4stm32_workbench/20-STM32F4_PRJ_GALVO_v2/CMSIS/core" -I"/media/data/CODES/sw4stm32_workbench/20-STM32F4_PRJ_GALVO_v2/StdPeriph_Driver/inc" -O0 -g3 -Wall -fmessage-length=0 -ffunction-sections -c -MMD -MP -MF"src/adc_dac_dma.d" -MT"src/adc_dac_dma.o" -o "src/adc_dac_dma.o" "../src/adc_dac_dma.c"
Finished building: ../src/adc_dac_dma.c
 
Building file: ../src/irq_callbacks.c
Invoking: MCU GCC Compiler
/media/data/CODES/sw4stm32_workbench/20-STM32F4_PRJ_GALVO_v2/Debug
arm-none-eabi-gcc -mcpu=cortex-m4 -mthumb -mfloat-abi=hard -mfpu=fpv4-sp-d16 -std=c11 -DSTM32F429ZITx -DSTM32F429ZI -D__FPU_PRESENT=1 -DARM_MATH_CM4 -DSTM32F429I_DISC1 -DSTM32F4 -DSTM32 -DDEBUG -DUSE_STDPERIPH_DRIVER -DSTM32F429_439xx -UKEIL_IDE -UNO_FPU -I"/media/data/CODES/sw4stm32_workbench/20-STM32F4_PRJ_GALVO_v2/inc" -I"/media/data/CODES/sw4stm32_workbench/00-STM32F4_LIBRARY_MDB" -I"/media/data/CODES/sw4stm32_workbench/00-STM32F4_LIBRARY_MDB/TM" -I"/media/data/CODES/sw4stm32_workbench/20-STM32F4_PRJ_GALVO_v2/CMSIS/device" -I"/media/data/CODES/sw4stm32_workbench/20-STM32F4_PRJ_GALVO_v2/CMSIS/core" -I"/media/data/CODES/sw4stm32_workbench/20-STM32F4_PRJ_GALVO_v2/StdPeriph_Driver/inc" -O0 -g3 -Wall -fmessage-length=0 -ffunction-sections -c -MMD -MP -MF"src/irq_callbacks.d" -MT"src/irq_callbacks.o" -o "src/irq_callbacks.o" "../src/irq_callbacks.c"
Finished building: ../src/irq_callbacks.c
 
Building file: ../src/main.c
Invoking: MCU GCC Compiler
/media/data/CODES/sw4stm32_workbench/20-STM32F4_PRJ_GALVO_v2/Debug
arm-none-eabi-gcc -mcpu=cortex-m4 -mthumb -mfloat-abi=hard -mfpu=fpv4-sp-d16 -std=c11 -DSTM32F429ZITx -DSTM32F429ZI -D__FPU_PRESENT=1 -DARM_MATH_CM4 -DSTM32F429I_DISC1 -DSTM32F4 -DSTM32 -DDEBUG -DUSE_STDPERIPH_DRIVER -DSTM32F429_439xx -UKEIL_IDE -UNO_FPU -I"/media/data/CODES/sw4stm32_workbench/20-STM32F4_PRJ_GALVO_v2/inc" -I"/media/data/CODES/sw4stm32_workbench/00-STM32F4_LIBRARY_MDB" -I"/media/data/CODES/sw4stm32_workbench/00-STM32F4_LIBRARY_MDB/TM" -I"/media/data/CODES/sw4stm32_workbench/20-STM32F4_PRJ_GALVO_v2/CMSIS/device" -I"/media/data/CODES/sw4stm32_workbench/20-STM32F4_PRJ_GALVO_v2/CMSIS/core" -I"/media/data/CODES/sw4stm32_workbench/20-STM32F4_PRJ_GALVO_v2/StdPeriph_Driver/inc" -O0 -g3 -Wall -fmessage-length=0 -ffunction-sections -c -MMD -MP -MF"src/main.d" -MT"src/main.o" -o "src/main.o" "../src/main.c"
../src/main.c: In function 'fastConsoleCase':
../src/main.c:739:17: warning: implicit declaration of function 'strcasecmp' [-Wimplicit-function-declaration]
             if (strcasecmp(sCmd, items_list[i].name) == 0) {
                 ^
Finished building: ../src/main.c
 
Building file: ../src/periph2dma_conf.c
Invoking: MCU GCC Compiler
/media/data/CODES/sw4stm32_workbench/20-STM32F4_PRJ_GALVO_v2/Debug
arm-none-eabi-gcc -mcpu=cortex-m4 -mthumb -mfloat-abi=hard -mfpu=fpv4-sp-d16 -std=c11 -DSTM32F429ZITx -DSTM32F429ZI -D__FPU_PRESENT=1 -DARM_MATH_CM4 -DSTM32F429I_DISC1 -DSTM32F4 -DSTM32 -DDEBUG -DUSE_STDPERIPH_DRIVER -DSTM32F429_439xx -UKEIL_IDE -UNO_FPU -I"/media/data/CODES/sw4stm32_workbench/20-STM32F4_PRJ_GALVO_v2/inc" -I"/media/data/CODES/sw4stm32_workbench/00-STM32F4_LIBRARY_MDB" -I"/media/data/CODES/sw4stm32_workbench/00-STM32F4_LIBRARY_MDB/TM" -I"/media/data/CODES/sw4stm32_workbench/20-STM32F4_PRJ_GALVO_v2/CMSIS/device" -I"/media/data/CODES/sw4stm32_workbench/20-STM32F4_PRJ_GALVO_v2/CMSIS/core" -I"/media/data/CODES/sw4stm32_workbench/20-STM32F4_PRJ_GALVO_v2/StdPeriph_Driver/inc" -O0 -g3 -Wall -fmessage-length=0 -ffunction-sections -c -MMD -MP -MF"src/periph2dma_conf.d" -MT"src/periph2dma_conf.o" -o "src/periph2dma_conf.o" "../src/periph2dma_conf.c"
Finished building: ../src/periph2dma_conf.c
 
Building file: ../src/stm32f4xx_it.c
Invoking: MCU GCC Compiler
/media/data/CODES/sw4stm32_workbench/20-STM32F4_PRJ_GALVO_v2/Debug
arm-none-eabi-gcc -mcpu=cortex-m4 -mthumb -mfloat-abi=hard -mfpu=fpv4-sp-d16 -std=c11 -DSTM32F429ZITx -DSTM32F429ZI -D__FPU_PRESENT=1 -DARM_MATH_CM4 -DSTM32F429I_DISC1 -DSTM32F4 -DSTM32 -DDEBUG -DUSE_STDPERIPH_DRIVER -DSTM32F429_439xx -UKEIL_IDE -UNO_FPU -I"/media/data/CODES/sw4stm32_workbench/20-STM32F4_PRJ_GALVO_v2/inc" -I"/media/data/CODES/sw4stm32_workbench/00-STM32F4_LIBRARY_MDB" -I"/media/data/CODES/sw4stm32_workbench/00-STM32F4_LIBRARY_MDB/TM" -I"/media/data/CODES/sw4stm32_workbench/20-STM32F4_PRJ_GALVO_v2/CMSIS/device" -I"/media/data/CODES/sw4stm32_workbench/20-STM32F4_PRJ_GALVO_v2/CMSIS/core" -I"/media/data/CODES/sw4stm32_workbench/20-STM32F4_PRJ_GALVO_v2/StdPeriph_Driver/inc" -O0 -g3 -Wall -fmessage-length=0 -ffunction-sections -c -MMD -MP -MF"src/stm32f4xx_it.d" -MT"src/stm32f4xx_it.o" -o "src/stm32f4xx_it.o" "../src/stm32f4xx_it.c"
Finished building: ../src/stm32f4xx_it.c
 
Building target: 20-STM32F4_PRJ_GALVO_v2.elf
Invoking: MCU GCC Linker
arm-none-eabi-gcc -mcpu=cortex-m4 -mthumb -mfloat-abi=hard -mfpu=fpv4-sp-d16 -L"/media/data/CODES/sw4stm32_workbench/20-STM32F4_PRJ_GALVO_v2/CMSIS/lib/GCC" -T"/media/data/CODES/sw4stm32_workbench/20-STM32F4_PRJ_GALVO_v2/LinkerScript.ld" -Wl,-Map=output.map -Wl,--gc-sections -o "20-STM32F4_PRJ_GALVO_v2.elf" @"objects.list"  -larm_cortexM4lf_math
Finished building target: 20-STM32F4_PRJ_GALVO_v2.elf
 
make --no-print-directory post-build
Generating binary and Printing size information:
arm-none-eabi-objcopy -O binary "20-STM32F4_PRJ_GALVO_v2.elf" "20-STM32F4_PRJ_GALVO_v2.bin"
arm-none-eabi-size "20-STM32F4_PRJ_GALVO_v2.elf"
   text	   data	    bss	    dec	    hex	filename
   3772	   1364	   1072	   6208	   1840	20-STM32F4_PRJ_GALVO_v2.elf
 
